Archive member included to satisfy reference by file (symbol)

D:/ST/STM32CubeIDE_1.18.0/STM32CubeIDE/plugins/com.st.stm32cube.ide.mcu.externaltools.gnu-tools-for-stm32.13.3.rel1.win32_1.0.0.202411081344/tools/bin/../lib/gcc/arm-none-eabi/13.3.1/../../../../arm-none-eabi/lib/thumb/v8-m.main/nofp\libc_nano.a(libc_a-exit.o)
                              D:/ST/STM32CubeIDE_1.18.0/STM32CubeIDE/plugins/com.st.stm32cube.ide.mcu.externaltools.gnu-tools-for-stm32.13.3.rel1.win32_1.0.0.202411081344/tools/bin/../lib/gcc/arm-none-eabi/13.3.1/../../../../arm-none-eabi/lib/thumb/v8-m.main/nofp/crt0.o (exit)
D:/ST/STM32CubeIDE_1.18.0/STM32CubeIDE/plugins/com.st.stm32cube.ide.mcu.externaltools.gnu-tools-for-stm32.13.3.rel1.win32_1.0.0.202411081344/tools/bin/../lib/gcc/arm-none-eabi/13.3.1/../../../../arm-none-eabi/lib/thumb/v8-m.main/nofp\libc_nano.a(libc_a-findfp.o)
                              D:/ST/STM32CubeIDE_1.18.0/STM32CubeIDE/plugins/com.st.stm32cube.ide.mcu.externaltools.gnu-tools-for-stm32.13.3.rel1.win32_1.0.0.202411081344/tools/bin/../lib/gcc/arm-none-eabi/13.3.1/../../../../arm-none-eabi/lib/thumb/v8-m.main/nofp\libc_nano.a(libc_a-exit.o) (__stdio_exit_handler)
D:/ST/STM32CubeIDE_1.18.0/STM32CubeIDE/plugins/com.st.stm32cube.ide.mcu.externaltools.gnu-tools-for-stm32.13.3.rel1.win32_1.0.0.202411081344/tools/bin/../lib/gcc/arm-none-eabi/13.3.1/../../../../arm-none-eabi/lib/thumb/v8-m.main/nofp\libc_nano.a(libc_a-fwalk.o)
                              D:/ST/STM32CubeIDE_1.18.0/STM32CubeIDE/plugins/com.st.stm32cube.ide.mcu.externaltools.gnu-tools-for-stm32.13.3.rel1.win32_1.0.0.202411081344/tools/bin/../lib/gcc/arm-none-eabi/13.3.1/../../../../arm-none-eabi/lib/thumb/v8-m.main/nofp\libc_nano.a(libc_a-findfp.o) (_fwalk_sglue)
D:/ST/STM32CubeIDE_1.18.0/STM32CubeIDE/plugins/com.st.stm32cube.ide.mcu.externaltools.gnu-tools-for-stm32.13.3.rel1.win32_1.0.0.202411081344/tools/bin/../lib/gcc/arm-none-eabi/13.3.1/../../../../arm-none-eabi/lib/thumb/v8-m.main/nofp\libc_nano.a(libc_a-printf.o)
                              ./Src/main.o (printf)
D:/ST/STM32CubeIDE_1.18.0/STM32CubeIDE/plugins/com.st.stm32cube.ide.mcu.externaltools.gnu-tools-for-stm32.13.3.rel1.win32_1.0.0.202411081344/tools/bin/../lib/gcc/arm-none-eabi/13.3.1/../../../../arm-none-eabi/lib/thumb/v8-m.main/nofp\libc_nano.a(libc_a-puts.o)
                              ./Src/main.o (puts)
D:/ST/STM32CubeIDE_1.18.0/STM32CubeIDE/plugins/com.st.stm32cube.ide.mcu.externaltools.gnu-tools-for-stm32.13.3.rel1.win32_1.0.0.202411081344/tools/bin/../lib/gcc/arm-none-eabi/13.3.1/../../../../arm-none-eabi/lib/thumb/v8-m.main/nofp\libc_nano.a(libc_a-stdio.o)
                              D:/ST/STM32CubeIDE_1.18.0/STM32CubeIDE/plugins/com.st.stm32cube.ide.mcu.externaltools.gnu-tools-for-stm32.13.3.rel1.win32_1.0.0.202411081344/tools/bin/../lib/gcc/arm-none-eabi/13.3.1/../../../../arm-none-eabi/lib/thumb/v8-m.main/nofp\libc_nano.a(libc_a-findfp.o) (__sread)
D:/ST/STM32CubeIDE_1.18.0/STM32CubeIDE/plugins/com.st.stm32cube.ide.mcu.externaltools.gnu-tools-for-stm32.13.3.rel1.win32_1.0.0.202411081344/tools/bin/../lib/gcc/arm-none-eabi/13.3.1/../../../../arm-none-eabi/lib/thumb/v8-m.main/nofp\libc_nano.a(libc_a-wbuf.o)
                              D:/ST/STM32CubeIDE_1.18.0/STM32CubeIDE/plugins/com.st.stm32cube.ide.mcu.externaltools.gnu-tools-for-stm32.13.3.rel1.win32_1.0.0.202411081344/tools/bin/../lib/gcc/arm-none-eabi/13.3.1/../../../../arm-none-eabi/lib/thumb/v8-m.main/nofp\libc_nano.a(libc_a-puts.o) (__swbuf_r)
D:/ST/STM32CubeIDE_1.18.0/STM32CubeIDE/plugins/com.st.stm32cube.ide.mcu.externaltools.gnu-tools-for-stm32.13.3.rel1.win32_1.0.0.202411081344/tools/bin/../lib/gcc/arm-none-eabi/13.3.1/../../../../arm-none-eabi/lib/thumb/v8-m.main/nofp\libc_nano.a(libc_a-wsetup.o)
                              D:/ST/STM32CubeIDE_1.18.0/STM32CubeIDE/plugins/com.st.stm32cube.ide.mcu.externaltools.gnu-tools-for-stm32.13.3.rel1.win32_1.0.0.202411081344/tools/bin/../lib/gcc/arm-none-eabi/13.3.1/../../../../arm-none-eabi/lib/thumb/v8-m.main/nofp\libc_nano.a(libc_a-puts.o) (__swsetup_r)
D:/ST/STM32CubeIDE_1.18.0/STM32CubeIDE/plugins/com.st.stm32cube.ide.mcu.externaltools.gnu-tools-for-stm32.13.3.rel1.win32_1.0.0.202411081344/tools/bin/../lib/gcc/arm-none-eabi/13.3.1/../../../../arm-none-eabi/lib/thumb/v8-m.main/nofp\libc_nano.a(libc_a-memset.o)
                              D:/ST/STM32CubeIDE_1.18.0/STM32CubeIDE/plugins/com.st.stm32cube.ide.mcu.externaltools.gnu-tools-for-stm32.13.3.rel1.win32_1.0.0.202411081344/tools/bin/../lib/gcc/arm-none-eabi/13.3.1/../../../../arm-none-eabi/lib/thumb/v8-m.main/nofp/crt0.o (memset)
D:/ST/STM32CubeIDE_1.18.0/STM32CubeIDE/plugins/com.st.stm32cube.ide.mcu.externaltools.gnu-tools-for-stm32.13.3.rel1.win32_1.0.0.202411081344/tools/bin/../lib/gcc/arm-none-eabi/13.3.1/../../../../arm-none-eabi/lib/thumb/v8-m.main/nofp\libc_nano.a(libc_a-closer.o)
[...]
Memory Configuration

Name             Origin             Length             Attributes
RAM              0x20000000         0x00030000         xrw
RAM2             0x20030000         0x00010000         xrw
FLASH            0x08000000         0x00080000         xr
*default*        0x00000000         0xffffffff

Linker script and memory map

LOAD D:/ST/STM32CubeIDE_1.18.0/STM32CubeIDE/plugins/com.st.stm32cube.ide.mcu.externaltools.gnu-tools-for-stm32.13.3.rel1.win32_1.0.0.202411081344/tools/bin/../lib/gcc/arm-none-eabi/13.3.1/thumb/v8-m.main/nofp/crti.o
LOAD D:/ST/STM32CubeIDE_1.18.0/STM32CubeIDE/plugins/com.st.stm32cube.ide.mcu.externaltools.gnu-tools-for-stm32.13.3.rel1.win32_1.0.0.202411081344/tools/bin/../lib/gcc/arm-none-eabi/13.3.1/thumb/v8-m.main/nofp/crtbegin.o
LOAD D:/ST/STM32CubeIDE_1.18.0/STM32CubeIDE/plugins/com.st.stm32cube.ide.mcu.externaltools.gnu-tools-for-stm32.13.3.rel1.win32_1.0.0.202411081344/tools/bin/../lib/gcc/arm-none-eabi/13.3.1/../../../../arm-none-eabi/lib/thumb/v8-m.main/nofp/crt0.o
LOAD ./Src/itm_debug.o
LOAD ./Src/main.o
LOAD ./Src/syscalls.o
LOAD ./Src/sysmem.o
LOAD ./Startup/startup_stm32l552zetxq.o
START GROUP
LOAD D:/ST/STM32CubeIDE_1.18.0/STM32CubeIDE/plugins/com.st.stm32cube.ide.mcu.externaltools.gnu-tools-for-stm32.13.3.rel1.win32_1.0.0.202411081344/tools/bin/../lib/gcc/arm-none-eabi/13.3.1/../../../../arm-none-eabi/lib/thumb/v8-m.main/nofp\libc_nano.a
LOAD D:/ST/STM32CubeIDE_1.18.0/STM32CubeIDE/plugins/com.st.stm32cube.ide.mcu.externaltools.gnu-tools-for-stm32.13.3.rel1.win32_1.0.0.202411081344/tools/bin/../lib/gcc/arm-none-eabi/13.3.1/../../../../arm-none-eabi/lib/thumb/v8-m.main/nofp\libm.a
END GROUP
START GROUP
LOAD D:/ST/STM32CubeIDE_1.18.0/STM32CubeIDE/plugins/com.st.stm32cube.ide.mcu.externaltools.gnu-tools-for-stm32.13.3.rel1.win32_1.0.0.202411081344/tools/bin/../lib/gcc/arm-none-eabi/13.3.1/thumb/v8-m.main/nofp\libgcc.a
LOAD D:/ST/STM32CubeIDE_1.18.0/STM32CubeIDE/plugins/com.st.stm32cube.ide.mcu.externaltools.gnu-tools-for-stm32.13.3.rel1.win32_1.0.0.202411081344/tools/bin/../lib/gcc/arm-none-eabi/13.3.1/../../../../arm-none-eabi/lib/thumb/v8-m.main/nofp\libc_nano.a
END GROUP
START GROUP
LOAD D:/ST/STM32CubeIDE_1.18.0/STM32CubeIDE/plugins/com.st.stm32cube.ide.mcu.externaltools.gnu-tools-for-stm32.13.3.rel1.win32_1.0.0.202411081344/tools/bin/../lib/gcc/arm-none-eabi/13.3.1/thumb/v8-m.main/nofp\libgcc.a
LOAD D:/ST/STM32CubeIDE_1.18.0/STM32CubeIDE/plugins/com.st.stm32cube.ide.mcu.externaltools.gnu-tools-for-stm32.13.3.rel1.win32_1.0.0.202411081344/tools/bin/../lib/gcc/arm-none-eabi/13.3.1/../../../../arm-none-eabi/lib/thumb/v8-m.main/nofp\libc_nano.a
LOAD D:/ST/STM32CubeIDE_1.18.0/STM32CubeIDE/plugins/com.st.stm32cube.ide.mcu.externaltools.gnu-tools-for-stm32.13.3.rel1.win32_1.0.0.202411081344/tools/bin/../lib/gcc/arm-none-eabi/13.3.1/../../../../arm-none-eabi/lib/thumb/v8-m.main/nofp\libnosys.a
END GROUP
START GROUP
LOAD D:/ST/STM32CubeIDE_1.18.0/STM32CubeIDE/plugins/com.st.stm32cube.ide.mcu.externaltools.gnu-tools-for-stm32.13.3.rel1.win32_1.0.0.202411081344/tools/bin/../lib/gcc/arm-none-eabi/13.3.1/thumb/v8-m.main/nofp\libgcc.a
LOAD D:/ST/STM32CubeIDE_1.18.0/STM32CubeIDE/plugins/com.st.stm32cube.ide.mcu.externaltools.gnu-tools-for-stm32.13.3.rel1.win32_1.0.0.202411081344/tools/bin/../lib/gcc/arm-none-eabi/13.3.1/../../../../arm-none-eabi/lib/thumb/v8-m.main/nofp\libc_nano.a
LOAD D:/ST/STM32CubeIDE_1.18.0/STM32CubeIDE/plugins/com.st.stm32cube.ide.mcu.externaltools.gnu-tools-for-stm32.13.3.rel1.win32_1.0.0.202411081344/tools/bin/../lib/gcc/arm-none-eabi/13.3.1/../../../../arm-none-eabi/lib/thumb/v8-m.main/nofp\libnosys.a
END GROUP
LOAD D:/ST/STM32CubeIDE_1.18.0/STM32CubeIDE/plugins/com.st.stm32cube.ide.mcu.externaltools.gnu-tools-for-stm32.13.3.rel1.win32_1.0.0.202411081344/tools/bin/../lib/gcc/arm-none-eabi/13.3.1/thumb/v8-m.main/nofp/crtend.o
LOAD D:/ST/STM32CubeIDE_1.18.0/STM32CubeIDE/plugins/com.st.stm32cube.ide.mcu.externaltools.gnu-tools-for-stm32.13.3.rel1.win32_1.0.0.202411081344/tools/bin/../lib/gcc/arm-none-eabi/13.3.1/thumb/v8-m.main/nofp/crtn.o
                0x20030000                        _estack = (ORIGIN (RAM) + LENGTH (RAM))
                0x00000200                        _Min_Heap_Size = 0x200
                0x00000400                        _Min_Stack_Size = 0x400

.isr_vector     0x08000000      0x1f0
                0x08000000                        . = ALIGN (0x4)
 *(.isr_vector)
 .isr_vector    0x08000000      0x1f0 ./Startup/startup_stm32l552zetxq.o
                0x08000000                g_pfnVectors
                0x080001f0                        . = ALIGN (0x4)

.text           0x080001f0     0x1338
                0x080001f0                        . = ALIGN (0x4)
 *(.text)
 .text          0x080001f0       0x40 D:/ST/STM32CubeIDE_1.18.0/STM32CubeIDE/plugins/com.st.stm32cube.ide.mcu.externaltools.gnu-tools-for-stm32.13.3.rel1.win32_1.0.0.202411081344/tools/bin/../lib/gcc/arm-none-eabi/13.3.1/thumb/v8-m.main/nofp/crtbegin.o
 *(.text*)
 .text.ITM_SendChar
                0x08000230       0x4c ./Src/itm_debug.o
                0x08000230                ITM_SendChar
 .text._write   0x0800027c       0x38 ./Src/itm_debug.o
                0x0800027c                _write
 .text.trigger_svc
                0x080002b4        0x6 ./Src/main.o
                0x080002b4                trigger_svc
 *fill*         0x080002ba        0x2 
 .text.print_registers
                0x080002bc       0xb8 ./Src/main.o
                0x080002bc                print_registers
 .text.SVC_Handler
                0x08000374       0x94 ./Src/main.o
                0x08000374                SVC_Handler
 .text.switch_to_psp
                0x08000408       0x38 ./Src/main.o
                0x08000408                switch_to_psp
 .text.main     0x08000440       0x44 ./Src/main.o
                0x08000440                main
 .text._read    0x08000484       0x3a ./Src/syscalls.o
                0x08000484                _read
 .text._close   0x080004be       0x16 ./Src/syscalls.o
                0x080004be                _close
 .text._fstat   0x080004d4       0x1e ./Src/syscalls.o
                0x080004d4                _fstat
 .text._isatty  0x080004f2       0x14 ./Src/syscalls.o
                0x080004f2                _isatty
 .text._lseek   0x08000506       0x18 ./Src/syscalls.o
                0x08000506                _lseek
 *fill*         0x0800051e        0x2 
 .text._sbrk    0x08000520       0x6c ./Src/sysmem.o
                0x08000520                _sbrk
 .text.Reset_Handler
                0x0800058c       0x50 ./Startup/startup_stm32l552zetxq.o
                0x0800058c                Reset_Handler
 .text.Default_Handler
                0x080005dc        0x2 ./Startup/startup_stm32l552zetxq.o
                0x080005dc                EXTI2_IRQHandler
                0x080005dc                TIM8_TRG_COM_IRQHandler
                0x080005dc                TIM8_CC_IRQHandler
                0x080005dc                EXTI5_IRQHandler
                0x080005dc                DMA2_CH8_IRQHandler
                0x080005dc                DebugMon_Handler
                0x080005dc                FLASH_S_IRQHandler
                0x080005dc                EXTI13_IRQHandler
                0x080005dc                TIM1_CC_IRQHandler
                0x080005dc                TSC_IRQHandler
                0x080005dc                HardFault_Handler
                0x080005dc                TAMP_IRQHandler
                0x080005dc                TIM6_IRQHandler
                0x080005dc                EXTI12_IRQHandler
                0x080005dc                SysTick_Handler
                0x080005dc                PendSV_Handler
                0x080005dc                NMI_Handler
                0x080005dc                EXTI3_IRQHandler
                0x080005dc                EXTI8_IRQHandler
                0x080005dc                LPTIM2_IRQHandler
                0x080005dc                DFSDM1_FLT1_IRQHandler
                0x080005dc                USB_FS_IRQHandler
                0x080005dc                I2C3_ER_IRQHandler
                0x080005dc                DFSDM1_FLT2_IRQHandler
                0x080005dc                LPTIM3_IRQHandler
                0x080005dc                EXTI0_IRQHandler
                0x080005dc                I2C2_EV_IRQHandler
                0x080005dc                DMA2_CH1_IRQHandler
                0x080005dc                FDCAN1_IT1_IRQHandler
                0x080005dc                DMA2_CH7_IRQHandler
                0x080005dc                UsageFault_Handler
                0x080005dc                ADC1_2_IRQHandler
                0x080005dc                SPI1_IRQHandler
                0x080005dc                OCTOSPI1_IRQHandler
                0x080005dc                TIM8_UP_IRQHandler
                0x080005dc                RCC_S_IRQHandler
                0x080005dc                DMA1_Channel4_IRQHandler
                0x080005dc                SAI2_IRQHandler
                0x080005dc                DFSDM1_FLT3_IRQHandler
                0x080005dc                EXTI15_IRQHandler
                0x080005dc                TIM17_IRQHandler
                0x080005dc                USART3_IRQHandler
                0x080005dc                RTC_IRQHandler
                0x080005dc                EXTI9_IRQHandler
                0x080005dc                DMA1_Channel7_IRQHandler
                0x080005dc                UART5_IRQHandler
                0x080005dc                TIM4_IRQHandler
                0x080005dc                I2C1_EV_IRQHandler
                0x080005dc                DMA2_CH5_IRQHandler
                0x080005dc                DMAMUX1_OVR_IRQHandler
                0x080005dc                DMA1_Channel6_IRQHandler
                0x080005dc                TIM16_IRQHandler
                0x080005dc                UART4_IRQHandler
                0x080005dc                SecureFault_Handler
                0x080005dc                TIM3_IRQHandler
                0x080005dc                RCC_IRQHandler
                0x080005dc                TIM1_TRG_COM_IRQHandler
                0x080005dc                DMA1_Channel1_IRQHandler
                0x080005dc                Default_Handler
                0x080005dc                DMAMUX1_OVR_S_IRQHandler
                0x080005dc                DMA1_Channel8_IRQHandler
                0x080005dc                TIM7_IRQHandler
                0x080005dc                SDMMC1_IRQHandler
                0x080005dc                TIM5_IRQHandler
                0x080005dc                UCPD1_IRQHandler
                0x080005dc                TIM15_IRQHandler
                0x080005dc                I2C3_EV_IRQHandler
                0x080005dc                PVD_PVM_IRQHandler
                0x080005dc                SPI2_IRQHandler
                0x080005dc                MemManage_Handler
                0x080005dc                EXTI14_IRQHandler
                0x080005dc                EXTI11_IRQHandler
                0x080005dc                CRS_IRQHandler
                0x080005dc                DMA1_Channel5_IRQHandler
                0x080005dc                EXTI4_IRQHandler
                0x080005dc                RTC_S_IRQHandler
                0x080005dc                RNG_IRQHandler
                0x080005dc                DMA1_Channel3_IRQHandler
                0x080005dc                COMP_IRQHandler
                0x080005dc                TIM1_UP_IRQHandler
                0x080005dc                WWDG_IRQHandler
                0x080005dc                I2C4_EV_IRQHandler
                0x080005dc                LPUART1_IRQHandler
                0x080005dc                FDCAN1_IT0_IRQHandler
                0x080005dc                TIM2_IRQHandler
                0x080005dc                TAMP_S_IRQHandler
                0x080005dc                EXTI7_IRQHandler
                0x080005dc                TIM1_BRK_IRQHandler
                0x080005dc                DAC_IRQHandler
                0x080005dc                EXTI1_IRQHandler
                0x080005dc                GTZC_IRQHandler
                0x080005dc                USART2_IRQHandler
                0x080005dc                DFSDM1_FLT0_IRQHandler
                0x080005dc                I2C2_ER_IRQHandler
                0x080005dc                DMA1_Channel2_IRQHandler
                0x080005dc                TIM8_BRK_IRQHandler
                0x080005dc                FLASH_IRQHandler
                0x080005dc                BusFault_Handler
                0x080005dc                USART1_IRQHandler
                0x080005dc                EXTI10_IRQHandler
                0x080005dc                SPI3_IRQHandler
                0x080005dc                DMA2_CH6_IRQHandler
                0x080005dc                DMA2_CH3_IRQHandler
                0x080005dc                DMA2_CH2_IRQHandler
                0x080005dc                I2C1_ER_IRQHandler
                0x080005dc                FMC_IRQHandler
                0x080005dc                DMA2_CH4_IRQHandler
                0x080005dc                EXTI6_IRQHandler
                0x080005dc                LPTIM1_IRQHandler
                0x080005dc                I2C4_ER_IRQHandler
                0x080005dc                ICACHE_IRQHandler
                0x080005dc                SAI1_IRQHandler
                0x080005dc                HASH_IRQHandler
 *fill*         0x080005de        0x2 
 .text.std      0x080005e0       0x6c D:/ST/STM32CubeIDE_1.18.0/STM32CubeIDE/plugins/com.st.stm32cube.ide.mcu.externaltools.gnu-tools-for-stm32.13.3.rel1.win32_1.0.0.202411081344/tools/bin/../lib/gcc/arm-none-eabi/13.3.1/../../../../arm-none-eabi/lib/thumb/v8-m.main/nofp\libc_nano.a(libc_a-findfp.o)
 .text.stdio_exit_handler
                0x0800064c       0x18 D:/ST/STM32CubeIDE_1.18.0/STM32CubeIDE/plugins/com.st.stm32cube.ide.mcu.externaltools.gnu-tools-for-stm32.13.3.rel1.win32_1.0.0.202411081344/tools/bin/../lib/gcc/arm-none-eabi/13.3.1/../../../../arm-none-eabi/lib/thumb/v8-m.main/nofp\libc_nano.a(libc_a-findfp.o)
 .text.cleanup_stdio
                0x08000664       0x40 D:/ST/STM32CubeIDE_1.18.0/STM32CubeIDE/plugins/com.st.stm32cube.ide.mcu.externaltools.gnu-tools-for-stm32.13.3.rel1.win32_1.0.0.202411081344/tools/bin/../lib/gcc/arm-none-eabi/13.3.1/../../../../arm-none-eabi/lib/thumb/v8-m.main/nofp\libc_nano.a(libc_a-findfp.o)
 .text.global_stdio_init.part.0
                0x080006a4       0x3c D:/ST/STM32CubeIDE_1.18.0/STM32CubeIDE/plugins/com.st.stm32cube.ide.mcu.externaltools.gnu-tools-for-stm32.13.3.rel1.win32_1.0.0.202411081344/tools/bin/../lib/gcc/arm-none-eabi/13.3.1/../../../../arm-none-eabi/lib/thumb/v8-m.main/nofp\libc_nano.a(libc_a-findfp.o)
 .text.__sfp_lock_acquire
                0x080006e0        0xc D:/ST/STM32CubeIDE_1.18.0/STM32CubeIDE/plugins/com.st.stm32cube.ide.mcu.externaltools.gnu-tools-for-stm32.13.3.rel1.win32_1.0.0.202411081344/tools/bin/../lib/gcc/arm-none-eabi/13.3.1/../../../../arm-none-eabi/lib/thumb/v8-m.main/nofp\libc_nano.a(libc_a-findfp.o)
                0x080006e0                __sfp_lock_acquire
 .text.__sfp_lock_release
                0x080006ec        0xc D:/ST/STM32CubeIDE_1.18.0/STM32CubeIDE/plugins/com.st.stm32cube.ide.mcu.externaltools.gnu-tools-for-stm32.13.3.rel1.win32_1.0.0.202411081344/tools/bin/../lib/gcc/arm-none-eabi/13.3.1/../../../../arm-none-eabi/lib/thumb/v8-m.main/nofp\libc_nano.a(libc_a-findfp.o)
                0x080006ec                __sfp_lock_release
 .text.__sinit  0x080006f8       0x30 D:/ST/STM32CubeIDE_1.18.0/STM32CubeIDE/plugins/com.st.stm32cube.ide.mcu.externaltools.gnu-tools-for-stm32.13.3.rel1.win32_1.0.0.202411081344/tools/bin/../lib/gcc/arm-none-eabi/13.3.1/../../../../arm-none-eabi/lib/thumb/v8-m.main/nofp\libc_nano.a(libc_a-findfp.o)
                0x080006f8                __sinit
 .text._fwalk_sglue
                0x08000728       0x3c D:/ST/STM32CubeIDE_1.18.0/STM32CubeIDE/plugins/com.st.stm32cube.ide.mcu.externaltools.gnu-tools-for-stm32.13.3.rel1.win32_1.0.0.202411081344/tools/bin/../lib/gcc/arm-none-eabi/13.3.1/../../../../arm-none-eabi/lib/thumb/v8-m.main/nofp\libc_nano.a(libc_a-fwalk.o)
                0x08000728                _fwalk_sglue
 .text.printf   0x08000764       0x24 D:/ST/STM32CubeIDE_1.18.0/STM32CubeIDE/plugins/com.st.stm32cube.ide.mcu.externaltools.gnu-tools-for-stm32.13.3.rel1.win32_1.0.0.202411081344/tools/bin/../lib/gcc/arm-none-eabi/13.3.1/../../../../arm-none-eabi/lib/thumb/v8-m.main/nofp\libc_nano.a(libc_a-printf.o)
                0x08000764                iprintf
                0x08000764                printf
 .text._puts_r  0x08000788       0xaa D:/ST/STM32CubeIDE_1.18.0/STM32CubeIDE/plugins/com.st.stm32cube.ide.mcu.externaltools.gnu-tools-for-stm32.13.3.rel1.win32_1.0.0.202411081344/tools/bin/../lib/gcc/arm-none-eabi/13.3.1/../../../../arm-none-eabi/lib/thumb/v8-m.main/nofp\libc_nano.a(libc_a-puts.o)
                0x08000788                _puts_r
 *fill*         0x08000832        0x2 
 .text.puts     0x08000834       0x10 D:/ST/STM32CubeIDE_1.18.0/STM32CubeIDE/plugins/com.st.stm32cube.ide.mcu.externaltools.gnu-tools-for-stm32.13.3.rel1.win32_1.0.0.202411081344/tools/bin/../lib/gcc/arm-none-eabi/13.3.1/../../../../arm-none-eabi/lib/thumb/v8-m.main/nofp\libc_nano.a(libc_a-puts.o)
                0x08000834                puts
 .text.__sread  0x08000844       0x22 D:/ST/STM32CubeIDE_1.18.0/STM32CubeIDE/plugins/com.st.stm32cube.ide.mcu.externaltools.gnu-tools-for-stm32.13.3.rel1.win32_1.0.0.202411081344/tools/bin/../lib/gcc/arm-none-eabi/13.3.1/../../../../arm-none-eabi/lib/thumb/v8-m.main/nofp\libc_nano.a(libc_a-stdio.o)
                0x08000844                __sread
 .text.__swrite
                0x08000866       0x38 D:/ST/STM32CubeIDE_1.18.0/STM32CubeIDE/plugins/com.st.stm32cube.ide.mcu.externaltools.gnu-tools-for-stm32.13.3.rel1.win32_1.0.0.202411081344/tools/bin/../lib/gcc/arm-none-eabi/13.3.1/../../../../arm-none-eabi/lib/thumb/v8-m.main/nofp\libc_nano.a(libc_a-stdio.o)
                0x08000866                __swrite
 .text.__sseek  0x0800089e       0x24 D:/ST/STM32CubeIDE_1.18.0/STM32CubeIDE/plugins/com.st.stm32cube.ide.mcu.externaltools.gnu-tools-for-stm32.13.3.rel1.win32_1.0.0.202411081344/tools/bin/../lib/gcc/arm-none-eabi/13.3.1/../../../../arm-none-eabi/lib/thumb/v8-m.main/nofp\libc_nano.a(libc_a-stdio.o)
                0x0800089e                __sseek
 .text.__sclose
                0x080008c2        0x8 D:/ST/STM32CubeIDE_1.18.0/STM32CubeIDE/plugins/com.st.stm32cube.ide.mcu.externaltools.gnu-tools-for-stm32.13.3.rel1.win32_1.0.0.202411081344/tools/bin/../lib/gcc/arm-none-eabi/13.3.1/../../../../arm-none-eabi/lib/thumb/v8-m.main/nofp\libc_nano.a(libc_a-stdio.o)
                0x080008c2                __sclose
 .text.__swbuf_r
                0x080008ca       0x7c D:/ST/STM32CubeIDE_1.18.0/STM32CubeIDE/plugins/com.st.stm32cube.ide.mcu.externaltools.gnu-tools-for-stm32.13.3.rel1.win32_1.0.0.202411081344/tools/bin/../lib/gcc/arm-none-eabi/13.3.1/../../../../arm-none-eabi/lib/thumb/v8-m.main/nofp\libc_nano.a(libc_a-wbuf.o)
                0x080008ca                __swbuf_r
 *fill*         0x08000946        0x2 
 .text.__swsetup_r
                0x08000948       0xac D:/ST/STM32CubeIDE_1.18.0/STM32CubeIDE/plugins/com.st.stm32cube.ide.mcu.externaltools.gnu-tools-for-stm32.13.3.rel1.win32_1.0.0.202411081344/tools/bin/../lib/gcc/arm-none-eabi/13.3.1/../../../../arm-none-eabi/lib/thumb/v8-m.main/nofp\libc_nano.a(libc_a-wsetup.o)
                0x08000948                __swsetup_r
 .text.memset   0x080009f4       0x10 D:/ST/STM32CubeIDE_1.18.0/STM32CubeIDE/plugins/com.st.stm32cube.ide.mcu.externaltools.gnu-tools-for-stm32.13.3.rel1.win32_1.0.0.202411081344/tools/bin/../lib/gcc/arm-none-eabi/13.3.1/../../../../arm-none-eabi/lib/thumb/v8-m.main/nofp\libc_nano.a(libc_a-memset.o)
                0x080009f4                memset
 .text._close_r
                0x08000a04       0x20 D:/ST/STM32CubeIDE_1.18.0/STM32CubeIDE/plugins/com.st.stm32cube.ide.mcu.externaltools.gnu-tools-for-stm32.13.3.rel1.win32_1.0.0.202411081344/tools/bin/../lib/gcc/arm-none-eabi/13.3.1/../../../../arm-none-eabi/lib/thumb/v8-m.main/nofp\libc_nano.a(libc_a-closer.o)
                0x08000a04                _close_r
 .text._lseek_r
                0x08000a24       0x24 D:/ST/STM32CubeIDE_1.18.0/STM32CubeIDE/plugins/com.st.stm32cube.ide.mcu.externaltools.gnu-tools-for-stm32.13.3.rel1.win32_1.0.0.202411081344/tools/bin/../lib/gcc/arm-none-eabi/13.3.1/../../../../arm-none-eabi/lib/thumb/v8-m.main/nofp\libc_nano.a(libc_a-lseekr.o)
                0x08000a24                _lseek_r
 .text._read_r  0x08000a48       0x24 D:/ST/STM32CubeIDE_1.18.0/STM32CubeIDE/plugins/com.st.stm32cube.ide.mcu.externaltools.gnu-tools-for-stm32.13.3.rel1.win32_1.0.0.202411081344/tools/bin/../lib/gcc/arm-none-eabi/13.3.1/../../../../arm-none-eabi/lib/thumb/v8-m.main/nofp\libc_nano.a(libc_a-readr.o)
                0x08000a48                _read_r
 .text._write_r
                0x08000a6c       0x24 D:/ST/STM32CubeIDE_1.18.0/STM32CubeIDE/plugins/com.st.stm32cube.ide.mcu.externaltools.gnu-tools-for-stm32.13.3.rel1.win32_1.0.0.202411081344/tools/bin/../lib/gcc/arm-none-eabi/13.3.1/../../../../arm-none-eabi/lib/thumb/v8-m.main/nofp\libc_nano.a(libc_a-writer.o)
                0x08000a6c                _write_r
 .text.__errno  0x08000a90        0xc D:/ST/STM32CubeIDE_1.18.0/STM32CubeIDE/plugins/com.st.stm32cube.ide.mcu.externaltools.gnu-tools-for-stm32.13.3.rel1.win32_1.0.0.202411081344/tools/bin/../lib/gcc/arm-none-eabi/13.3.1/../../../../arm-none-eabi/lib/thumb/v8-m.main/nofp\libc_nano.a(libc_a-errno.o)
                0x08000a90                __errno
 .text.__libc_init_array
                0x08000a9c       0x48 D:/ST/STM32CubeIDE_1.18.0/STM32CubeIDE/plugins/com.st.stm32cube.ide.mcu.externaltools.gnu-tools-for-stm32.13.3.rel1.win32_1.0.0.202411081344/tools/bin/../lib/gcc/arm-none-eabi/13.3.1/../../../../arm-none-eabi/lib/thumb/v8-m.main/nofp\libc_nano.a(libc_a-init.o)
                0x08000a9c                __libc_init_array
 .text.__retarget_lock_init_recursive
                0x08000ae4        0x2 D:/ST/STM32CubeIDE_1.18.0/STM32CubeIDE/plugins/com.st.stm32cube.ide.mcu.externaltools.gnu-tools-for-stm32.13.3.rel1.win32_1.0.0.202411081344/tools/bin/../lib/gcc/arm-none-eabi/13.3.1/../../../../arm-none-eabi/lib/thumb/v8-m.main/nofp\libc_nano.a(libc_a-lock.o)
                0x08000ae4                __retarget_lock_init_recursive
 .text.__retarget_lock_acquire_recursive
                0x08000ae6        0x2 D:/ST/STM32CubeIDE_1.18.0/STM32CubeIDE/plugins/com.st.stm32cube.ide.mcu.externaltools.gnu-tools-for-stm32.13.3.rel1.win32_1.0.0.202411081344/tools/bin/../lib/gcc/arm-none-eabi/13.3.1/../../../../arm-none-eabi/lib/thumb/v8-m.main/nofp\libc_nano.a(libc_a-lock.o)
                0x08000ae6                __retarget_lock_acquire_recursive
 .text.__retarget_lock_release_recursive
                0x08000ae8        0x2 D:/ST/STM32CubeIDE_1.18.0/STM32CubeIDE/plugins/com.st.stm32cube.ide.mcu.externaltools.gnu-tools-for-stm32.13.3.rel1.win32_1.0.0.202411081344/tools/bin/../lib/gcc/arm-none-eabi/13.3.1/../../../../arm-none-eabi/lib/thumb/v8-m.main/nofp\libc_nano.a(libc_a-lock.o)
                0x08000ae8                __retarget_lock_release_recursive
 *fill*         0x08000aea        0x2 
 .text._free_r  0x08000aec       0x94 D:/ST/STM32CubeIDE_1.18.0/STM32CubeIDE/plugins/com.st.stm32cube.ide.mcu.externaltools.gnu-tools-for-stm32.13.3.rel1.win32_1.0.0.202411081344/tools/bin/../lib/gcc/arm-none-eabi/13.3.1/../../../../arm-none-eabi/lib/thumb/v8-m.main/nofp\libc_nano.a(libc_a-freer.o)
                0x08000aec                _free_r
 .text.sbrk_aligned
                0x08000b80       0x44 D:/ST/STM32CubeIDE_1.18.0/STM32CubeIDE/plugins/com.st.stm32cube.ide.mcu.externaltools.gnu-tools-for-stm32.13.3.rel1.win32_1.0.0.202411081344/tools/bin/../lib/gcc/arm-none-eabi/13.3.1/../../../../arm-none-eabi/lib/thumb/v8-m.main/nofp\libc_nano.a(libc_a-mallocr.o)
 .text._malloc_r
                0x08000bc4      0x100 D:/ST/STM32CubeIDE_1.18.0/STM32CubeIDE/plugins/com.st.stm32cube.ide.mcu.externaltools.gnu-tools-for-stm32.13.3.rel1.win32_1.0.0.202411081344/tools/bin/../lib/gcc/arm-none-eabi/13.3.1/../../../../arm-none-eabi/lib/thumb/v8-m.main/nofp\libc_nano.a(libc_a-mallocr.o)
                0x08000bc4                _malloc_r
 .text.__malloc_lock
                0x08000cc4        0xc D:/ST/STM32CubeIDE_1.18.0/STM32CubeIDE/plugins/com.st.stm32cube.ide.mcu.externaltools.gnu-tools-for-stm32.13.3.rel1.win32_1.0.0.202411081344/tools/bin/../lib/gcc/arm-none-eabi/13.3.1/../../../../arm-none-eabi/lib/thumb/v8-m.main/nofp\libc_nano.a(libc_a-mlock.o)
                0x08000cc4                __malloc_lock
 .text.__malloc_unlock
                0x08000cd0        0xc D:/ST/STM32CubeIDE_1.18.0/STM32CubeIDE/plugins/com.st.stm32cube.ide.mcu.externaltools.gnu-tools-for-stm32.13.3.rel1.win32_1.0.0.202411081344/tools/bin/../lib/gcc/arm-none-eabi/13.3.1/../../../../arm-none-eabi/lib/thumb/v8-m.main/nofp\libc_nano.a(libc_a-mlock.o)
                0x08000cd0                __malloc_unlock
 .text.__sfputc_r
                0x08000cdc       0x2a D:/ST/STM32CubeIDE_1.18.0/STM32CubeIDE/plugins/com.st.stm32cube.ide.mcu.externaltools.gnu-tools-for-stm32.13.3.rel1.win32_1.0.0.202411081344/tools/bin/../lib/gcc/arm-none-eabi/13.3.1/../../../../arm-none-eabi/lib/thumb/v8-m.main/nofp\libc_nano.a(libc_a-nano-vfprintf.o)
 .text.__sfputs_r
                0x08000d06       0x24 D:/ST/STM32CubeIDE_1.18.0/STM32CubeIDE/plugins/com.st.stm32cube.ide.mcu.externaltools.gnu-tools-for-stm32.13.3.rel1.win32_1.0.0.202411081344/tools/bin/../lib/gcc/arm-none-eabi/13.3.1/../../../../arm-none-eabi/lib/thumb/v8-m.main/nofp\libc_nano.a(libc_a-nano-vfprintf.o)
                0x08000d06                __sfputs_r
 *fill*         0x08000d2a        0x2 
 .text._vfprintf_r
                0x08000d2c      0x230 D:/ST/STM32CubeIDE_1.18.0/STM32CubeIDE/plugins/com.st.stm32cube.ide.mcu.externaltools.gnu-tools-for-stm32.13.3.rel1.win32_1.0.0.202411081344/tools/bin/../lib/gcc/arm-none-eabi/13.3.1/../../../../arm-none-eabi/lib/thumb/v8-m.main/nofp\libc_nano.a(libc_a-nano-vfprintf.o)
                0x08000d2c                _vfprintf_r
                0x08000d2c                _vfiprintf_r
 .text._printf_common
                0x08000f5c       0xe4 D:/ST/STM32CubeIDE_1.18.0/STM32CubeIDE/plugins/com.st.stm32cube.ide.mcu.externaltools.gnu-tools-for-stm32.13.3.rel1.win32_1.0.0.202411081344/tools/bin/../lib/gcc/arm-none-eabi/13.3.1/../../../../arm-none-eabi/lib/thumb/v8-m.main/nofp\libc_nano.a(libc_a-nano-vfprintf_i.o)
                0x08000f5c                _printf_common
 .text._printf_i
                0x08001040      0x23c D:/ST/STM32CubeIDE_1.18.0/STM32CubeIDE/plugins/com.st.stm32cube.ide.mcu.externaltools.gnu-tools-for-stm32.13.3.rel1.win32_1.0.0.202411081344/tools/bin/../lib/gcc/arm-none-eabi/13.3.1/../../../../arm-none-eabi/lib/thumb/v8-m.main/nofp\libc_nano.a(libc_a-nano-vfprintf_i.o)
                0x08001040                _printf_i
 .text.__sflush_r
                0x0800127c      0x100 D:/ST/STM32CubeIDE_1.18.0/STM32CubeIDE/plugins/com.st.stm32cube.ide.mcu.externaltools.gnu-tools-for-stm32.13.3.rel1.win32_1.0.0.202411081344/tools/bin/../lib/gcc/arm-none-eabi/13.3.1/../../../../arm-none-eabi/lib/thumb/v8-m.main/nofp\libc_nano.a(libc_a-fflush.o)
                0x0800127c                __sflush_r
 .text._fflush_r
                0x0800137c       0x50 D:/ST/STM32CubeIDE_1.18.0/STM32CubeIDE/plugins/com.st.stm32cube.ide.mcu.externaltools.gnu-tools-for-stm32.13.3.rel1.win32_1.0.0.202411081344/tools/bin/../lib/gcc/arm-none-eabi/13.3.1/../../../../arm-none-eabi/lib/thumb/v8-m.main/nofp\libc_nano.a(libc_a-fflush.o)
                0x0800137c                _fflush_r
 .text.__swhatbuf_r
                0x080013cc       0x4a D:/ST/STM32CubeIDE_1.18.0/STM32CubeIDE/plugins/com.st.stm32cube.ide.mcu.externaltools.gnu-tools-for-stm32.13.3.rel1.win32_1.0.0.202411081344/tools/bin/../lib/gcc/arm-none-eabi/13.3.1/../../../../arm-none-eabi/lib/thumb/v8-m.main/nofp\libc_nano.a(libc_a-makebuf.o)
                0x080013cc                __swhatbuf_r
 .text.__smakebuf_r
                0x08001416       0x78 D:/ST/STM32CubeIDE_1.18.0/STM32CubeIDE/plugins/com.st.stm32cube.ide.mcu.externaltools.gnu-tools-for-stm32.13.3.rel1.win32_1.0.0.202411081344/tools/bin/../lib/gcc/arm-none-eabi/13.3.1/../../../../arm-none-eabi/lib/thumb/v8-m.main/nofp\libc_nano.a(libc_a-makebuf.o)
                0x08001416                __smakebuf_r
 *fill*         0x0800148e        0x2 
 .text._fstat_r
                0x08001490       0x24 D:/ST/STM32CubeIDE_1.18.0/STM32CubeIDE/plugins/com.st.stm32cube.ide.mcu.externaltools.gnu-tools-for-stm32.13.3.rel1.win32_1.0.0.202411081344/tools/bin/../lib/gcc/arm-none-eabi/13.3.1/../../../../arm-none-eabi/lib/thumb/v8-m.main/nofp\libc_nano.a(libc_a-fstatr.o)
                0x08001490                _fstat_r
 .text._isatty_r
                0x080014b4       0x20 D:/ST/STM32CubeIDE_1.18.0/STM32CubeIDE/plugins/com.st.stm32cube.ide.mcu.externaltools.gnu-tools-for-stm32.13.3.rel1.win32_1.0.0.202411081344/tools/bin/../lib/gcc/arm-none-eabi/13.3.1/../../../../arm-none-eabi/lib/thumb/v8-m.main/nofp\libc_nano.a(libc_a-isattyr.o)
                0x080014b4                _isatty_r
 .text._sbrk_r  0x080014d4       0x20 D:/ST/STM32CubeIDE_1.18.0/STM32CubeIDE/plugins/com.st.stm32cube.ide.mcu.externaltools.gnu-tools-for-stm32.13.3.rel1.win32_1.0.0.202411081344/tools/bin/../lib/gcc/arm-none-eabi/13.3.1/../../../../arm-none-eabi/lib/thumb/v8-m.main/nofp\libc_nano.a(libc_a-sbrkr.o)
                0x080014d4                _sbrk_r
 .text.memchr   0x080014f4       0x1c D:/ST/STM32CubeIDE_1.18.0/STM32CubeIDE/plugins/com.st.stm32cube.ide.mcu.externaltools.gnu-tools-for-stm32.13.3.rel1.win32_1.0.0.202411081344/tools/bin/../lib/gcc/arm-none-eabi/13.3.1/../../../../arm-none-eabi/lib/thumb/v8-m.main/nofp\libc_nano.a(libc_a-memchr-stub.o)
                0x080014f4                memchr
 *(.glue_7)
 .glue_7        0x08001510        0x0 linker stubs
 *(.glue_7t)
 .glue_7t       0x08001510        0x0 linker stubs
 *(.eh_frame)
 .eh_frame      0x08001510        0x0 D:/ST/STM32CubeIDE_1.18.0/STM32CubeIDE/plugins/com.st.stm32cube.ide.mcu.externaltools.gnu-tools-for-stm32.13.3.rel1.win32_1.0.0.202411081344/tools/bin/../lib/gcc/arm-none-eabi/13.3.1/thumb/v8-m.main/nofp/crtbegin.o
 *(.init)
 .init          0x08001510        0x4 D:/ST/STM32CubeIDE_1.18.0/STM32CubeIDE/plugins/com.st.stm32cube.ide.mcu.externaltools.gnu-tools-for-stm32.13.3.rel1.win32_1.0.0.202411081344/tools/bin/../lib/gcc/arm-none-eabi/13.3.1/thumb/v8-m.main/nofp/crti.o
                0x08001510                _init
 .init          0x08001514        0x8 D:/ST/STM32CubeIDE_1.18.0/STM32CubeIDE/plugins/com.st.stm32cube.ide.mcu.externaltools.gnu-tools-for-stm32.13.3.rel1.win32_1.0.0.202411081344/tools/bin/../lib/gcc/arm-none-eabi/13.3.1/thumb/v8-m.main/nofp/crtn.o
 *(.fini)
 .fini          0x0800151c        0x4 D:/ST/STM32CubeIDE_1.18.0/STM32CubeIDE/plugins/com.st.stm32cube.ide.mcu.externaltools.gnu-tools-for-stm32.13.3.rel1.win32_1.0.0.202411081344/tools/bin/../lib/gcc/arm-none-eabi/13.3.1/thumb/v8-m.main/nofp/crti.o
                0x0800151c                _fini
 .fini          0x08001520        0x8 D:/ST/STM32CubeIDE_1.18.0/STM32CubeIDE/plugins/com.st.stm32cube.ide.mcu.externaltools.gnu-tools-for-stm32.13.3.rel1.win32_1.0.0.202411081344/tools/bin/../lib/gcc/arm-none-eabi/13.3.1/thumb/v8-m.main/nofp/crtn.o
                0x08001528                        . = ALIGN (0x4)
                0x08001528                        _etext = .

.vfp11_veneer   0x08001528        0x0
 .vfp11_veneer  0x08001528        0x0 linker stubs

.v4_bx          0x08001528        0x0
 .v4_bx         0x08001528        0x0 linker stubs

.iplt           0x08001528        0x0
 .iplt          0x08001528        0x0 D:/ST/STM32CubeIDE_1.18.0/STM32CubeIDE/plugins/com.st.stm32cube.ide.mcu.externaltools.gnu-tools-for-stm32.13.3.rel1.win32_1.0.0.202411081344/tools/bin/../lib/gcc/arm-none-eabi/13.3.1/thumb/v8-m.main/nofp/crtbegin.o

.rodata         0x08001528      0x2b4
                0x08001528                        . = ALIGN (0x4)
 *(.rodata)
 .rodata        0x08001528      0x281 ./Src/main.o
 *(.rodata*)
 .rodata._vfprintf_r.str1.1
                0x080017a9       0x33 D:/ST/STM32CubeIDE_1.18.0/STM32CubeIDE/plugins/com.st.stm32cube.ide.mcu.externaltools.gnu-tools-for-stm32.13.3.rel1.win32_1.0.0.202411081344/tools/bin/../lib/gcc/arm-none-eabi/13.3.1/../../../../arm-none-eabi/lib/thumb/v8-m.main/nofp\libc_nano.a(libc_a-nano-vfprintf.o)
                                 0x11 (size before relaxing)
 .rodata._printf_i.str1.1
                0x080017dc       0x22 D:/ST/STM32CubeIDE_1.18.0/STM32CubeIDE/plugins/com.st.stm32cube.ide.mcu.externaltools.gnu-tools-for-stm32.13.3.rel1.win32_1.0.0.202411081344/tools/bin/../lib/gcc/arm-none-eabi/13.3.1/../../../../arm-none-eabi/lib/thumb/v8-m.main/nofp\libc_nano.a(libc_a-nano-vfprintf_i.o)
                0x08001800                        . = ALIGN (0x4)

.ARM.extab      0x080017dc        0x0
                0x080017dc                        . = ALIGN (0x4)
 *(.ARM.extab* .gnu.linkonce.armextab.*)
                0x080017dc                        . = ALIGN (0x4)

.ARM            0x080017dc        0x0
                0x080017dc                        . = ALIGN (0x4)
                0x080017dc                        __exidx_start = .
 *(.ARM.exidx*)
                0x080017dc                        __exidx_end = .
                0x080017dc                        . = ALIGN (0x4)

.preinit_array  0x080017dc        0x0
                0x080017dc                        . = ALIGN (0x4)
                0x080017dc                        PROVIDE (__preinit_array_start = .)
 *(.preinit_array*)
                0x080017dc                        PROVIDE (__preinit_array_end = .)
                0x080017dc                        . = ALIGN (0x4)

.init_array     0x080017dc        0x4
                0x080017dc                        . = ALIGN (0x4)
                0x080017dc                        PROVIDE (__init_array_start = .)
 *(SORT_BY_NAME(.init_array.*))
 *(.init_array*)
 .init_array    0x080017dc        0x4 D:/ST/STM32CubeIDE_1.18.0/STM32CubeIDE/plugins/com.st.stm32cube.ide.mcu.externaltools.gnu-tools-for-stm32.13.3.rel1.win32_1.0.0.202411081344/tools/bin/../lib/gcc/arm-none-eabi/13.3.1/thumb/v8-m.main/nofp/crtbegin.o
                0x080017e0                        PROVIDE (__init_array_end = .)
                0x080017e0                        . = ALIGN (0x4)

.fini_array     0x080017e0        0x4
                0x080017e0                        . = ALIGN (0x4)
                [!provide]                        PROVIDE (__fini_array_start = .)
 *(SORT_BY_NAME(.fini_array.*))
 *(.fini_array*)
 .fini_array    0x080017e0        0x4 D:/ST/STM32CubeIDE_1.18.0/STM32CubeIDE/plugins/com.st.stm32cube.ide.mcu.externaltools.gnu-tools-for-stm32.13.3.rel1.win32_1.0.0.202411081344/tools/bin/../lib/gcc/arm-none-eabi/13.3.1/thumb/v8-m.main/nofp/crtbegin.o
                [!provide]                        PROVIDE (__fini_array_end = .)
                0x080017e4                        . = ALIGN (0x4)
                0x080017e4                        _sidata = LOADADDR (.data)

.rel.dyn        0x080017e4        0x0
 .rel.iplt      0x080017e4        0x0 D:/ST/STM32CubeIDE_1.18.0/STM32CubeIDE/plugins/com.st.stm32cube.ide.mcu.externaltools.gnu-tools-for-stm32.13.3.rel1.win32_1.0.0.202411081344/tools/bin/../lib/gcc/arm-none-eabi/13.3.1/thumb/v8-m.main/nofp/crtbegin.o

.data           0x20000000       0x5c load address 0x080017e4
                0x20000000                        . = ALIGN (0x4)
                0x20000000                        _sdata = .
 *(.data)
 *(.data*)
 .data.__sglue  0x20000000        0xc D:/ST/STM32CubeIDE_1.18.0/STM32CubeIDE/plugins/com.st.stm32cube.ide.mcu.externaltools.gnu-tools-for-stm32.13.3.rel1.win32_1.0.0.202411081344/tools/bin/../lib/gcc/arm-none-eabi/13.3.1/../../../../arm-none-eabi/lib/thumb/v8-m.main/nofp\libc_nano.a(libc_a-findfp.o)
                0x20000000                __sglue
 .data._impure_ptr
                0x2000000c        0x4 D:/ST/STM32CubeIDE_1.18.0/STM32CubeIDE/plugins/com.st.stm32cube.ide.mcu.externaltools.gnu-tools-for-stm32.13.3.rel1.win32_1.0.0.202411081344/tools/bin/../lib/gcc/arm-none-eabi/13.3.1/../../../../arm-none-eabi/lib/thumb/v8-m.main/nofp\libc_nano.a(libc_a-impure.o)
                0x2000000c                _impure_ptr
 .data._impure_data
                0x20000010       0x4c D:/ST/STM32CubeIDE_1.18.0/STM32CubeIDE/plugins/com.st.stm32cube.ide.mcu.externaltools.gnu-tools-for-stm32.13.3.rel1.win32_1.0.0.202411081344/tools/bin/../lib/gcc/arm-none-eabi/13.3.1/../../../../arm-none-eabi/lib/thumb/v8-m.main/nofp\libc_nano.a(libc_a-impure.o)
                0x20000010                _impure_data
 *(.RamFunc)
 *(.RamFunc*)
                0x2000005c                        . = ALIGN (0x4)
                0x2000005c                        _edata = .

.igot.plt       0x2000005c        0x0 load address 0x08001840
 .igot.plt      0x2000005c        0x0 D:/ST/STM32CubeIDE_1.18.0/STM32CubeIDE/plugins/com.st.stm32cube.ide.mcu.externaltools.gnu-tools-for-stm32.13.3.rel1.win32_1.0.0.202411081344/tools/bin/../lib/gcc/arm-none-eabi/13.3.1/thumb/v8-m.main/nofp/crtbegin.o
                0x2000005c                        . = ALIGN (0x4)

.bss            0x2000005c      0x36c load address 0x08001840
                0x2000005c                        _sbss = .
                0x2000005c                        __bss_start__ = _sbss
 *(.bss)
 .bss           0x2000005c       0x1c D:/ST/STM32CubeIDE_1.18.0/STM32CubeIDE/plugins/com.st.stm32cube.ide.mcu.externaltools.gnu-tools-for-stm32.13.3.rel1.win32_1.0.0.202411081344/tools/bin/../lib/gcc/arm-none-eabi/13.3.1/thumb/v8-m.main/nofp/crtbegin.o
 *(.bss*)
 .bss.process_stack.0
                0x20000078      0x200 ./Src/main.o
 .bss.__sbrk_heap_end
                0x20000278        0x4 ./Src/sysmem.o
 .bss.__sf      0x2000027c      0x138 D:/ST/STM32CubeIDE_1.18.0/STM32CubeIDE/plugins/com.st.stm32cube.ide.mcu.externaltools.gnu-tools-for-stm32.13.3.rel1.win32_1.0.0.202411081344/tools/bin/../lib/gcc/arm-none-eabi/13.3.1/../../../../arm-none-eabi/lib/thumb/v8-m.main/nofp\libc_nano.a(libc_a-findfp.o)
                0x2000027c                __sf
 .bss.__stdio_exit_handler
                0x200003b4        0x4 D:/ST/STM32CubeIDE_1.18.0/STM32CubeIDE/plugins/com.st.stm32cube.ide.mcu.externaltools.gnu-tools-for-stm32.13.3.rel1.win32_1.0.0.202411081344/tools/bin/../lib/gcc/arm-none-eabi/13.3.1/../../../../arm-none-eabi/lib/thumb/v8-m.main/nofp\libc_nano.a(libc_a-findfp.o)
                0x200003b4                __stdio_exit_handler
 .bss.errno     0x200003b8        0x4 D:/ST/STM32CubeIDE_1.18.0/STM32CubeIDE/plugins/com.st.stm32cube.ide.mcu.externaltools.gnu-tools-for-stm32.13.3.rel1.win32_1.0.0.202411081344/tools/bin/../lib/gcc/arm-none-eabi/13.3.1/../../../../arm-none-eabi/lib/thumb/v8-m.main/nofp\libc_nano.a(libc_a-reent.o)
                0x200003b8                errno
 .bss.__lock___malloc_recursive_mutex
                0x200003bc        0x1 D:/ST/STM32CubeIDE_1.18.0/STM32CubeIDE/plugins/com.st.stm32cube.ide.mcu.externaltools.gnu-tools-for-stm32.13.3.rel1.win32_1.0.0.202411081344/tools/bin/../lib/gcc/arm-none-eabi/13.3.1/../../../../arm-none-eabi/lib/thumb/v8-m.main/nofp\libc_nano.a(libc_a-lock.o)
                0x200003bc                __lock___malloc_recursive_mutex
 .bss.__lock___sfp_recursive_mutex
                0x200003bd        0x1 D:/ST/STM32CubeIDE_1.18.0/STM32CubeIDE/plugins/com.st.stm32cube.ide.mcu.externaltools.gnu-tools-for-stm32.13.3.rel1.win32_1.0.0.202411081344/tools/bin/../lib/gcc/arm-none-eabi/13.3.1/../../../../arm-none-eabi/lib/thumb/v8-m.main/nofp\libc_nano.a(libc_a-lock.o)
                0x200003bd                __lock___sfp_recursive_mutex
 *fill*         0x200003be        0x2 
 .bss.__malloc_sbrk_start
                0x200003c0        0x4 D:/ST/STM32CubeIDE_1.18.0/STM32CubeIDE/plugins/com.st.stm32cube.ide.mcu.externaltools.gnu-tools-for-stm32.13.3.rel1.win32_1.0.0.202411081344/tools/bin/../lib/gcc/arm-none-eabi/13.3.1/../../../../arm-none-eabi/lib/thumb/v8-m.main/nofp\libc_nano.a(libc_a-mallocr.o)
                0x200003c0                __malloc_sbrk_start
 .bss.__malloc_free_list
                0x200003c4        0x4 D:/ST/STM32CubeIDE_1.18.0/STM32CubeIDE/plugins/com.st.stm32cube.ide.mcu.externaltools.gnu-tools-for-stm32.13.3.rel1.win32_1.0.0.202411081344/tools/bin/../lib/gcc/arm-none-eabi/13.3.1/../../../../arm-none-eabi/lib/thumb/v8-m.main/nofp\libc_nano.a(libc_a-mallocr.o)
                0x200003c4                __malloc_free_list
 *(COMMON)
                0x200003c8                        . = ALIGN (0x4)
                0x200003c8                        _ebss = .
                0x200003c8                        __bss_end__ = _ebss

._user_heap_stack
                0x200003c8      0x600 load address 0x08001840
                0x200003c8                        . = ALIGN (0x8)
                [!provide]                        PROVIDE (end = .)
                0x200003c8                        PROVIDE (_end = .)
                0x200005c8                        . = (. + _Min_Heap_Size)
 *fill*         0x200003c8      0x200 
                0x200009c8                        . = (. + _Min_Stack_Size)
 *fill*         0x200005c8      0x400 
                0x200009c8                        . = ALIGN (0x8)

/DISCARD/
 libc.a(*)
 libm.a(*)
 libgcc.a(*)

.ARM.attributes
                0x00000000       0x30
 *(.ARM.attributes)
 .ARM.attributes
                0x00000000       0x22 D:/ST/STM32CubeIDE_1.18.0/STM32CubeIDE/plugins/com.st.stm32cube.ide.mcu.externaltools.gnu-tools-for-stm32.13.3.rel1.win32_1.0.0.202411081344/tools/bin/../lib/gcc/arm-none-eabi/13.3.1/thumb/v8-m.main/nofp/crti.o
 .ARM.attributes
                0x00000022       0x32 D:/ST/STM32CubeIDE_1.18.0/STM32CubeIDE/plugins/com.st.stm32cube.ide.mcu.externaltools.gnu-tools-for-stm32.13.3.rel1.win32_1.0.0.202411081344/tools/bin/../lib/gcc/arm-none-eabi/13.3.1/thumb/v8-m.main/nofp/crtbegin.o
 .ARM.attributes
                0x00000054       0x34 ./Src/itm_debug.o
 .ARM.attributes
                0x00000088       0x34 ./Src/main.o
 .ARM.attributes
                0x000000bc       0x34 ./Src/syscalls.o
 .ARM.attributes
                0x000000f0       0x34 ./Src/sysmem.o
 .ARM.attributes
                0x00000124       0x24 ./Startup/startup_stm32l552zetxq.o
 .ARM.attributes
                0x00000148       0x32 D:/ST/STM32CubeIDE_1.18.0/STM32CubeIDE/plugins/com.st.stm32cube.ide.mcu.externaltools.gnu-tools-for-stm32.13.3.rel1.win32_1.0.0.202411081344/tools/bin/../lib/gcc/arm-none-eabi/13.3.1/../../../../arm-none-eabi/lib/thumb/v8-m.main/nofp\libc_nano.a(libc_a-findfp.o)
 .ARM.attributes
                0x0000017a       0x32 D:/ST/STM32CubeIDE_1.18.0/STM32CubeIDE/plugins/com.st.stm32cube.ide.mcu.externaltools.gnu-tools-for-stm32.13.3.rel1.win32_1.0.0.202411081344/tools/bin/../lib/gcc/arm-none-eabi/13.3.1/../../../../arm-none-eabi/lib/thumb/v8-m.main/nofp\libc_nano.a(libc_a-fwalk.o)
 .ARM.attributes
                0x000001ac       0x32 D:/ST/STM32CubeIDE_1.18.0/STM32CubeIDE/plugins/com.st.stm32cube.ide.mcu.externaltools.gnu-tools-for-stm32.13.3.rel1.win32_1.0.0.202411081344/tools/bin/../lib/gcc/arm-none-eabi/13.3.1/../../../../arm-none-eabi/lib/thumb/v8-m.main/nofp\libc_nano.a(libc_a-printf.o)
 .ARM.attributes
                0x000001de       0x32 D:/ST/STM32CubeIDE_1.18.0/STM32CubeIDE/plugins/com.st.stm32cube.ide.mcu.externaltools.gnu-tools-for-stm32.13.3.rel1.win32_1.0.0.202411081344/tools/bin/../lib/gcc/arm-none-eabi/13.3.1/../../../../arm-none-eabi/lib/thumb/v8-m.main/nofp\libc_nano.a(libc_a-puts.o)
 .ARM.attributes
                0x00000210       0x32 D:/ST/STM32CubeIDE_1.18.0/STM32CubeIDE/plugins/com.st.stm32cube.ide.mcu.externaltools.gnu-tools-for-stm32.13.3.rel1.win32_1.0.0.202411081344/tools/bin/../lib/gcc/arm-none-eabi/13.3.1/../../../../arm-none-eabi/lib/thumb/v8-m.main/nofp\libc_nano.a(libc_a-stdio.o)
 .ARM.attributes
                0x00000242       0x32 D:/ST/STM32CubeIDE_1.18.0/STM32CubeIDE/plugins/com.st.stm32cube.ide.mcu.externaltools.gnu-tools-for-stm32.13.3.rel1.win32_1.0.0.202411081344/tools/bin/../lib/gcc/arm-none-eabi/13.3.1/../../../../arm-none-eabi/lib/thumb/v8-m.main/nofp\libc_nano.a(libc_a-wbuf.o)
 .ARM.attributes
                0x00000274       0x32 D:/ST/STM32CubeIDE_1.18.0/STM32CubeIDE/plugins/com.st.stm32cube.ide.mcu.externaltools.gnu-tools-for-stm32.13.3.rel1.win32_1.0.0.202411081344/tools/bin/../lib/gcc/arm-none-eabi/13.3.1/../../../../arm-none-eabi/lib/thumb/v8-m.main/nofp\libc_nano.a(libc_a-wsetup.o)
 .ARM.attributes
                0x000002a6       0x32 D:/ST/STM32CubeIDE_1.18.0/STM32CubeIDE/plugins/com.st.stm32cube.ide.mcu.externaltools.gnu-tools-for-stm32.13.3.rel1.win32_1.0.0.202411081344/tools/bin/../lib/gcc/arm-none-eabi/13.3.1/../../../../arm-none-eabi/lib/thumb/v8-m.main/nofp\libc_nano.a(libc_a-memset.o)
 .ARM.attributes
                0x000002d8       0x32 D:/ST/STM32CubeIDE_1.18.0/STM32CubeIDE/plugins/com.st.stm32cube.ide.mcu.externaltools.gnu-tools-for-stm32.13.3.rel1.win32_1.0.0.202411081344/tools/bin/../lib/gcc/arm-none-eabi/13.3.1/../../../../arm-none-eabi/lib/thumb/v8-m.main/nofp\libc_nano.a(libc_a-closer.o)
 .ARM.attributes
                0x0000030a       0x32 D:/ST/STM32CubeIDE_1.18.0/STM32CubeIDE/plugins/com.st.stm32cube.ide.mcu.externaltools.gnu-tools-for-stm32.13.3.rel1.win32_1.0.0.202411081344/tools/bin/../lib/gcc/arm-none-eabi/13.3.1/../../../../arm-none-eabi/lib/thumb/v8-m.main/nofp\libc_nano.a(libc_a-reent.o)
 .ARM.attributes
                0x0000033c       0x32 D:/ST/STM32CubeIDE_1.18.0/STM32CubeIDE/plugins/com.st.stm32cube.ide.mcu.externaltools.gnu-tools-for-stm32.13.3.rel1.win32_1.0.0.202411081344/tools/bin/../lib/gcc/arm-none-eabi/13.3.1/../../../../arm-none-eabi/lib/thumb/v8-m.main/nofp\libc_nano.a(libc_a-impure.o)
 .ARM.attributes
                0x0000036e       0x32 D:/ST/STM32CubeIDE_1.18.0/STM32CubeIDE/plugins/com.st.stm32cube.ide.mcu.externaltools.gnu-tools-for-stm32.13.3.rel1.win32_1.0.0.202411081344/tools/bin/../lib/gcc/arm-none-eabi/13.3.1/../../../../arm-none-eabi/lib/thumb/v8-m.main/nofp\libc_nano.a(libc_a-lseekr.o)
 .ARM.attributes
                0x000003a0       0x32 D:/ST/STM32CubeIDE_1.18.0/STM32CubeIDE/plugins/com.st.stm32cube.ide.mcu.externaltools.gnu-tools-for-stm32.13.3.rel1.win32_1.0.0.202411081344/tools/bin/../lib/gcc/arm-none-eabi/13.3.1/../../../../arm-none-eabi/lib/thumb/v8-m.main/nofp\libc_nano.a(libc_a-readr.o)
 .ARM.attributes
                0x000003d2       0x32 D:/ST/STM32CubeIDE_1.18.0/STM32CubeIDE/plugins/com.st.stm32cube.ide.mcu.externaltools.gnu-tools-for-stm32.13.3.rel1.win32_1.0.0.202411081344/tools/bin/../lib/gcc/arm-none-eabi/13.3.1/../../../../arm-none-eabi/lib/thumb/v8-m.main/nofp\libc_nano.a(libc_a-writer.o)
 .ARM.attributes
                0x00000404       0x32 D:/ST/STM32CubeIDE_1.18.0/STM32CubeIDE/plugins/com.st.stm32cube.ide.mcu.externaltools.gnu-tools-for-stm32.13.3.rel1.win32_1.0.0.202411081344/tools/bin/../lib/gcc/arm-none-eabi/13.3.1/../../../../arm-none-eabi/lib/thumb/v8-m.main/nofp\libc_nano.a(libc_a-errno.o)
 .ARM.attributes
                0x00000436       0x32 D:/ST/STM32CubeIDE_1.18.0/STM32CubeIDE/plugins/com.st.stm32cube.ide.mcu.externaltools.gnu-tools-for-stm32.13.3.rel1.win32_1.0.0.202411081344/tools/bin/../lib/gcc/arm-none-eabi/13.3.1/../../../../arm-none-eabi/lib/thumb/v8-m.main/nofp\libc_nano.a(libc_a-init.o)
 .ARM.attributes
                0x00000468       0x32 D:/ST/STM32CubeIDE_1.18.0/STM32CubeIDE/plugins/com.st.stm32cube.ide.mcu.externaltools.gnu-tools-for-stm32.13.3.rel1.win32_1.0.0.202411081344/tools/bin/../lib/gcc/arm-none-eabi/13.3.1/../../../../arm-none-eabi/lib/thumb/v8-m.main/nofp\libc_nano.a(libc_a-lock.o)
 .ARM.attributes
                0x0000049a       0x32 D:/ST/STM32CubeIDE_1.18.0/STM32CubeIDE/plugins/com.st.stm32cube.ide.mcu.externaltools.gnu-tools-for-stm32.13.3.rel1.win32_1.0.0.202411081344/tools/bin/../lib/gcc/arm-none-eabi/13.3.1/../../../../arm-none-eabi/lib/thumb/v8-m.main/nofp\libc_nano.a(libc_a-freer.o)
 .ARM.attributes
                0x000004cc       0x32 D:/ST/STM32CubeIDE_1.18.0/STM32CubeIDE/plugins/com.st.stm32cube.ide.mcu.externaltools.gnu-tools-for-stm32.13.3.rel1.win32_1.0.0.202411081344/tools/bin/../lib/gcc/arm-none-eabi/13.3.1/../../../../arm-none-eabi/lib/thumb/v8-m.main/nofp\libc_nano.a(libc_a-mallocr.o)
 .ARM.attributes
                0x000004fe       0x32 D:/ST/STM32CubeIDE_1.18.0/STM32CubeIDE/plugins/com.st.stm32cube.ide.mcu.externaltools.gnu-tools-for-stm32.13.3.rel1.win32_1.0.0.202411081344/tools/bin/../lib/gcc/arm-none-eabi/13.3.1/../../../../arm-none-eabi/lib/thumb/v8-m.main/nofp\libc_nano.a(libc_a-mlock.o)
 .ARM.attributes
                0x00000530       0x32 D:/ST/STM32CubeIDE_1.18.0/STM32CubeIDE/plugins/com.st.stm32cube.ide.mcu.externaltools.gnu-tools-for-stm32.13.3.rel1.win32_1.0.0.202411081344/tools/bin/../lib/gcc/arm-none-eabi/13.3.1/../../../../arm-none-eabi/lib/thumb/v8-m.main/nofp\libc_nano.a(libc_a-nano-vfprintf.o)
 .ARM.attributes
                0x00000562       0x32 D:/ST/STM32CubeIDE_1.18.0/STM32CubeIDE/plugins/com.st.stm32cube.ide.mcu.externaltools.gnu-tools-for-stm32.13.3.rel1.win32_1.0.0.202411081344/tools/bin/../lib/gcc/arm-none-eabi/13.3.1/../../../../arm-none-eabi/lib/thumb/v8-m.main/nofp\libc_nano.a(libc_a-nano-vfprintf_i.o)
 .ARM.attributes
                0x00000594       0x32 D:/ST/STM32CubeIDE_1.18.0/STM32CubeIDE/plugins/com.st.stm32cube.ide.mcu.externaltools.gnu-tools-for-stm32.13.3.rel1.win32_1.0.0.202411081344/tools/bin/../lib/gcc/arm-none-eabi/13.3.1/../../../../arm-none-eabi/lib/thumb/v8-m.main/nofp\libc_nano.a(libc_a-fflush.o)
 .ARM.attributes
                0x000005c6       0x32 D:/ST/STM32CubeIDE_1.18.0/STM32CubeIDE/plugins/com.st.stm32cube.ide.mcu.externaltools.gnu-tools-for-stm32.13.3.rel1.win32_1.0.0.202411081344/tools/bin/../lib/gcc/arm-none-eabi/13.3.1/../../../../arm-none-eabi/lib/thumb/v8-m.main/nofp\libc_nano.a(libc_a-makebuf.o)
 .ARM.attributes
                0x000005f8       0x32 D:/ST/STM32CubeIDE_1.18.0/STM32CubeIDE/plugins/com.st.stm32cube.ide.mcu.externaltools.gnu-tools-for-stm32.13.3.rel1.win32_1.0.0.202411081344/tools/bin/../lib/gcc/arm-none-eabi/13.3.1/../../../../arm-none-eabi/lib/thumb/v8-m.main/nofp\libc_nano.a(libc_a-fstatr.o)
 .ARM.attributes
                0x0000062a       0x32 D:/ST/STM32CubeIDE_1.18.0/STM32CubeIDE/plugins/com.st.stm32cube.ide.mcu.externaltools.gnu-tools-for-stm32.13.3.rel1.win32_1.0.0.202411081344/tools/bin/../lib/gcc/arm-none-eabi/13.3.1/../../../../arm-none-eabi/lib/thumb/v8-m.main/nofp\libc_nano.a(libc_a-isattyr.o)
 .ARM.attributes
                0x0000065c       0x32 D:/ST/STM32CubeIDE_1.18.0/STM32CubeIDE/plugins/com.st.stm32cube.ide.mcu.externaltools.gnu-tools-for-stm32.13.3.rel1.win32_1.0.0.202411081344/tools/bin/../lib/gcc/arm-none-eabi/13.3.1/../../../../arm-none-eabi/lib/thumb/v8-m.main/nofp\libc_nano.a(libc_a-sbrkr.o)
 .ARM.attributes
                0x0000068e       0x32 D:/ST/STM32CubeIDE_1.18.0/STM32CubeIDE/plugins/com.st.stm32cube.ide.mcu.externaltools.gnu-tools-for-stm32.13.3.rel1.win32_1.0.0.202411081344/tools/bin/../lib/gcc/arm-none-eabi/13.3.1/../../../../arm-none-eabi/lib/thumb/v8-m.main/nofp\libc_nano.a(libc_a-memchr-stub.o)
 .ARM.attributes
                0x000006c0       0x22 D:/ST/STM32CubeIDE_1.18.0/STM32CubeIDE/plugins/com.st.stm32cube.ide.mcu.externaltools.gnu-tools-for-stm32.13.3.rel1.win32_1.0.0.202411081344/tools/bin/../lib/gcc/arm-none-eabi/13.3.1/thumb/v8-m.main/nofp/crtn.o
OUTPUT(12-SpecialRegisters.elf elf32-littlearm)
LOAD linker stubs
LOAD D:/ST/STM32CubeIDE_1.18.0/STM32CubeIDE/plugins/com.st.stm32cube.ide.mcu.externaltools.gnu-tools-for-stm32.13.3.rel1.win32_1.0.0.202411081344/tools/bin/../lib/gcc/arm-none-eabi/13.3.1/../../../../arm-none-eabi/lib/thumb/v8-m.main/nofp\libc.a
LOAD D:/ST/STM32CubeIDE_1.18.0/STM32CubeIDE/plugins/com.st.stm32cube.ide.mcu.externaltools.gnu-tools-for-stm32.13.3.rel1.win32_1.0.0.202411081344/tools/bin/../lib/gcc/arm-none-eabi/13.3.1/../../../../arm-none-eabi/lib/thumb/v8-m.main/nofp\libm.a
LOAD D:/ST/STM32CubeIDE_1.18.0/STM32CubeIDE/plugins/com.st.stm32cube.ide.mcu.externaltools.gnu-tools-for-stm32.13.3.rel1.win32_1.0.0.202411081344/tools/bin/../lib/gcc/arm-none-eabi/13.3.1/thumb/v8-m.main/nofp\libgcc.a

.debug_info     0x00000000     0x1a4d
 .debug_info    0x00000000      0x123 ./Src/itm_debug.o
 .debug_info    0x00000123     0x10ef ./Src/main.o
 .debug_info    0x00001212      0x6a3 ./Src/syscalls.o
 .debug_info    0x000018b5      0x168 ./Src/sysmem.o
 .debug_info    0x00001a1d       0x30 ./Startup/startup_stm32l552zetxq.o

.debug_abbrev   0x00000000      0x552
 .debug_abbrev  0x00000000       0xae ./Src/itm_debug.o
 .debug_abbrev  0x000000ae      0x20e ./Src/main.o
 .debug_abbrev  0x000002bc      0x1b6 ./Src/syscalls.o
 .debug_abbrev  0x00000472       0xbc ./Src/sysmem.o
 .debug_abbrev  0x0000052e       0x24 ./Startup/startup_stm32l552zetxq.o

.debug_aranges  0x00000000      0x158
 .debug_aranges
                0x00000000       0x28 ./Src/itm_debug.o
 .debug_aranges
                0x00000028       0x40 ./Src/main.o
 .debug_aranges
                0x00000068       0xa8 ./Src/syscalls.o
 .debug_aranges
                0x00000110       0x20 ./Src/sysmem.o
 .debug_aranges
                0x00000130       0x28 ./Startup/startup_stm32l552zetxq.o

.debug_rnglists
                0x00000000       0xeb
 .debug_rnglists
                0x00000000       0x19 ./Src/itm_debug.o
 .debug_rnglists
                0x00000019       0x2d ./Src/main.o
 .debug_rnglists
                0x00000046       0x79 ./Src/syscalls.o
 .debug_rnglists
                0x000000bf       0x13 ./Src/sysmem.o
 .debug_rnglists
                0x000000d2       0x19 ./Startup/startup_stm32l552zetxq.o

.debug_macro    0x00000000     0x2e7c
 .debug_macro   0x00000000       0x75 ./Src/itm_debug.o
 .debug_macro   0x00000075      0xade ./Src/itm_debug.o
 .debug_macro   0x00000b53       0x22 ./Src/itm_debug.o
 .debug_macro   0x00000b75       0x8e ./Src/itm_debug.o
 .debug_macro   0x00000c03       0x51 ./Src/itm_debug.o
 .debug_macro   0x00000c54      0x103 ./Src/itm_debug.o
 .debug_macro   0x00000d57       0x6a ./Src/itm_debug.o
 .debug_macro   0x00000dc1      0x1df ./Src/itm_debug.o
 .debug_macro   0x00000fa0      0x149 ./Src/main.o
 .debug_macro   0x000010e9       0x61 ./Src/main.o
 .debug_macro   0x0000114a       0x24 ./Src/main.o
 .debug_macro   0x0000116e       0x43 ./Src/main.o
 .debug_macro   0x000011b1       0x34 ./Src/main.o
 .debug_macro   0x000011e5       0x16 ./Src/main.o
 .debug_macro   0x000011fb       0x9e ./Src/main.o
 .debug_macro   0x00001299      0x370 ./Src/main.o
 .debug_macro   0x00001609      0x112 ./Src/main.o
 .debug_macro   0x0000171b       0x10 ./Src/main.o
 .debug_macro   0x0000172b       0x16 ./Src/main.o
 .debug_macro   0x00001741       0x4a ./Src/main.o
 .debug_macro   0x0000178b       0x34 ./Src/main.o
 .debug_macro   0x000017bf       0x10 ./Src/main.o
 .debug_macro   0x000017cf       0x58 ./Src/main.o
 .debug_macro   0x00001827       0x8e ./Src/main.o
 .debug_macro   0x000018b5       0x1c ./Src/main.o
 .debug_macro   0x000018d1      0x185 ./Src/main.o
 .debug_macro   0x00001a56       0x16 ./Src/main.o
 .debug_macro   0x00001a6c       0x16 ./Src/main.o
 .debug_macro   0x00001a82      0x146 ./Src/main.o
 .debug_macro   0x00001bc8       0xda ./Src/main.o
 .debug_macro   0x00001ca2      0x27e ./Src/syscalls.o
 .debug_macro   0x00001f20       0x5b ./Src/syscalls.o
 .debug_macro   0x00001f7b       0x94 ./Src/syscalls.o
 .debug_macro   0x0000200f       0x57 ./Src/syscalls.o
 .debug_macro   0x00002066      0x190 ./Src/syscalls.o
 .debug_macro   0x000021f6       0x10 ./Src/syscalls.o
 .debug_macro   0x00002206       0x3c ./Src/syscalls.o
 .debug_macro   0x00002242       0x10 ./Src/syscalls.o
 .debug_macro   0x00002252       0x10 ./Src/syscalls.o
 .debug_macro   0x00002262       0x10 ./Src/syscalls.o
 .debug_macro   0x00002272       0x1c ./Src/syscalls.o
 .debug_macro   0x0000228e       0x52 ./Src/syscalls.o
 .debug_macro   0x000022e0       0x22 ./Src/syscalls.o
 .debug_macro   0x00002302       0x10 ./Src/syscalls.o
 .debug_macro   0x00002312       0x52 ./Src/syscalls.o
 .debug_macro   0x00002364       0xcf ./Src/syscalls.o
 .debug_macro   0x00002433       0x1c ./Src/syscalls.o
 .debug_macro   0x0000244f       0x3d ./Src/syscalls.o
 .debug_macro   0x0000248c       0x35 ./Src/syscalls.o
 .debug_macro   0x000024c1      0x12c ./Src/syscalls.o
 .debug_macro   0x000025ed       0x16 ./Src/syscalls.o
 .debug_macro   0x00002603       0x16 ./Src/syscalls.o
 .debug_macro   0x00002619       0x29 ./Src/syscalls.o
 .debug_macro   0x00002642       0x10 ./Src/syscalls.o
 .debug_macro   0x00002652      0x242 ./Src/syscalls.o
 .debug_macro   0x00002894       0x1c ./Src/syscalls.o
 .debug_macro   0x000028b0       0x10 ./Src/syscalls.o
 .debug_macro   0x000028c0      0x18a ./Src/syscalls.o
 .debug_macro   0x00002a4a       0x16 ./Src/syscalls.o
 .debug_macro   0x00002a60       0xce ./Src/syscalls.o
 .debug_macro   0x00002b2e      0x112 ./Src/sysmem.o
 .debug_macro   0x00002c40      0x23c ./Src/sysmem.o

.debug_line     0x00000000     0x1954
 .debug_line    0x00000000      0x461 ./Src/itm_debug.o
 .debug_line    0x00000461      0x638 ./Src/main.o
 .debug_line    0x00000a99      0x8bd ./Src/syscalls.o
 .debug_line    0x00001356      0x583 ./Src/sysmem.o
 .debug_line    0x000018d9       0x7b ./Startup/startup_stm32l552zetxq.o

.debug_str      0x00000000     0xa28f
 .debug_str     0x00000000     0xa28f ./Src/itm_debug.o
                               0x3e62 (size before relaxing)
 .debug_str     0x0000a28f     0x825e ./Src/main.o
 .debug_str     0x0000a28f     0x99cf ./Src/syscalls.o
 .debug_str     0x0000a28f     0x775f ./Src/sysmem.o
 .debug_str     0x0000a28f       0x7c ./Startup/startup_stm32l552zetxq.o

.comment        0x00000000       0x43
 .comment       0x00000000       0x43 ./Src/itm_debug.o
                                 0x44 (size before relaxing)
 .comment       0x00000043       0x44 ./Src/main.o
 .comment       0x00000043       0x44 ./Src/syscalls.o
 .comment       0x00000043       0x44 ./Src/sysmem.o

.debug_frame    0x00000000      0xc20
 .debug_frame   0x00000000       0x5c ./Src/itm_debug.o
 .debug_frame   0x0000005c       0xac ./Src/main.o
 .debug_frame   0x00000108      0x2ac ./Src/syscalls.o
 .debug_frame   0x000003b4       0x34 ./Src/sysmem.o
 .debug_frame   0x000003e8      0x144 D:/ST/STM32CubeIDE_1.18.0/STM32CubeIDE/plugins/com.st.stm32cube.ide.mcu.externaltools.gnu-tools-for-stm32.13.3.rel1.win32_1.0.0.202411081344/tools/bin/../lib/gcc/arm-none-eabi/13.3.1/../../../../arm-none-eabi/lib/thumb/v8-m.main/nofp\libc_nano.a(libc_a-findfp.o)
 .debug_frame   0x0000052c       0x34 D:/ST/STM32CubeIDE_1.18.0/STM32CubeIDE/plugins/com.st.stm32cube.ide.mcu.externaltools.gnu-tools-for-stm32.13.3.rel1.win32_1.0.0.202411081344/tools/bin/../lib/gcc/arm-none-eabi/13.3.1/../../../../arm-none-eabi/lib/thumb/v8-m.main/nofp\libc_nano.a(libc_a-fwalk.o)
 .debug_frame   0x00000560       0x6c D:/ST/STM32CubeIDE_1.18.0/STM32CubeIDE/plugins/com.st.stm32cube.ide.mcu.externaltools.gnu-tools-for-stm32.13.3.rel1.win32_1.0.0.202411081344/tools/bin/../lib/gcc/arm-none-eabi/13.3.1/../../../../arm-none-eabi/lib/thumb/v8-m.main/nofp\libc_nano.a(libc_a-printf.o)
 .debug_frame   0x000005cc       0x3c D:/ST/STM32CubeIDE_1.18.0/STM32CubeIDE/plugins/com.st.stm32cube.ide.mcu.externaltools.gnu-tools-for-stm32.13.3.rel1.win32_1.0.0.202411081344/tools/bin/../lib/gcc/arm-none-eabi/13.3.1/../../../../arm-none-eabi/lib/thumb/v8-m.main/nofp\libc_nano.a(libc_a-puts.o)
 .debug_frame   0x00000608       0x88 D:/ST/STM32CubeIDE_1.18.0/STM32CubeIDE/plugins/com.st.stm32cube.ide.mcu.externaltools.gnu-tools-for-stm32.13.3.rel1.win32_1.0.0.202411081344/tools/bin/../lib/gcc/arm-none-eabi/13.3.1/../../../../arm-none-eabi/lib/thumb/v8-m.main/nofp\libc_nano.a(libc_a-stdio.o)
 .debug_frame   0x00000690       0x40 D:/ST/STM32CubeIDE_1.18.0/STM32CubeIDE/plugins/com.st.stm32cube.ide.mcu.externaltools.gnu-tools-for-stm32.13.3.rel1.win32_1.0.0.202411081344/tools/bin/../lib/gcc/arm-none-eabi/13.3.1/../../../../arm-none-eabi/lib/thumb/v8-m.main/nofp\libc_nano.a(libc_a-wbuf.o)
 .debug_frame   0x000006d0       0x2c D:/ST/STM32CubeIDE_1.18.0/STM32CubeIDE/plugins/com.st.stm32cube.ide.mcu.externaltools.gnu-tools-for-stm32.13.3.rel1.win32_1.0.0.202411081344/tools/bin/../lib/gcc/arm-none-eabi/13.3.1/../../../../arm-none-eabi/lib/thumb/v8-m.main/nofp\libc_nano.a(libc_a-wsetup.o)
 .debug_frame   0x000006fc       0x20 D:/ST/STM32CubeIDE_1.18.0/STM32CubeIDE/plugins/com.st.stm32cube.ide.mcu.externaltools.gnu-tools-for-stm32.13.3.rel1.win32_1.0.0.202411081344/tools/bin/../lib/gcc/arm-none-eabi/13.3.1/../../../../arm-none-eabi/lib/thumb/v8-m.main/nofp\libc_nano.a(libc_a-memset.o)
 .debug_frame   0x0000071c       0x2c D:/ST/STM32CubeIDE_1.18.0/STM32CubeIDE/plugins/com.st.stm32cube.ide.mcu.externaltools.gnu-tools-for-stm32.13.3.rel1.win32_1.0.0.202411081344/tools/bin/../lib/gcc/arm-none-eabi/13.3.1/../../../../arm-none-eabi/lib/thumb/v8-m.main/nofp\libc_nano.a(libc_a-closer.o)
 .debug_frame   0x00000748       0x38 D:/ST/STM32CubeIDE_1.18.0/STM32CubeIDE/plugins/com.st.stm32cube.ide.mcu.externaltools.gnu-tools-for-stm32.13.3.rel1.win32_1.0.0.202411081344/tools/bin/../lib/gcc/arm-none-eabi/13.3.1/../../../../arm-none-eabi/lib/thumb/v8-m.main/nofp\libc_nano.a(libc_a-reent.o)
 .debug_frame   0x00000780       0x2c D:/ST/STM32CubeIDE_1.18.0/STM32CubeIDE/plugins/com.st.stm32cube.ide.mcu.externaltools.gnu-tools-for-stm32.13.3.rel1.win32_1.0.0.202411081344/tools/bin/../lib/gcc/arm-none-eabi/13.3.1/../../../../arm-none-eabi/lib/thumb/v8-m.main/nofp\libc_nano.a(libc_a-lseekr.o)
 .debug_frame   0x000007ac       0x2c D:/ST/STM32CubeIDE_1.18.0/STM32CubeIDE/plugins/com.st.stm32cube.ide.mcu.externaltools.gnu-tools-for-stm32.13.3.rel1.win32_1.0.0.202411081344/tools/bin/../lib/gcc/arm-none-eabi/13.3.1/../../../../arm-none-eabi/lib/thumb/v8-m.main/nofp\libc_nano.a(libc_a-readr.o)
 .debug_frame   0x000007d8       0x2c D:/ST/STM32CubeIDE_1.18.0/STM32CubeIDE/plugins/com.st.stm32cube.ide.mcu.externaltools.gnu-tools-for-stm32.13.3.rel1.win32_1.0.0.202411081344/tools/bin/../lib/gcc/arm-none-eabi/13.3.1/../../../../arm-none-eabi/lib/thumb/v8-m.main/nofp\libc_nano.a(libc_a-writer.o)
 .debug_frame   0x00000804       0x20 D:/ST/STM32CubeIDE_1.18.0/STM32CubeIDE/plugins/com.st.stm32cube.ide.mcu.externaltools.gnu-tools-for-stm32.13.3.rel1.win32_1.0.0.202411081344/tools/bin/../lib/gcc/arm-none-eabi/13.3.1/../../../../arm-none-eabi/lib/thumb/v8-m.main/nofp\libc_nano.a(libc_a-errno.o)
 .debug_frame   0x00000824       0x2c D:/ST/STM32CubeIDE_1.18.0/STM32CubeIDE/plugins/com.st.stm32cube.ide.mcu.externaltools.gnu-tools-for-stm32.13.3.rel1.win32_1.0.0.202411081344/tools/bin/../lib/gcc/arm-none-eabi/13.3.1/../../../../arm-none-eabi/lib/thumb/v8-m.main/nofp\libc_nano.a(libc_a-init.o)
 .debug_frame   0x00000850       0xb0 D:/ST/STM32CubeIDE_1.18.0/STM32CubeIDE/plugins/com.st.stm32cube.ide.mcu.externaltools.gnu-tools-for-stm32.13.3.rel1.win32_1.0.0.202411081344/tools/bin/../lib/gcc/arm-none-eabi/13.3.1/../../../../arm-none-eabi/lib/thumb/v8-m.main/nofp\libc_nano.a(libc_a-lock.o)
 .debug_frame   0x00000900       0x38 D:/ST/STM32CubeIDE_1.18.0/STM32CubeIDE/plugins/com.st.stm32cube.ide.mcu.externaltools.gnu-tools-for-stm32.13.3.rel1.win32_1.0.0.202411081344/tools/bin/../lib/gcc/arm-none-eabi/13.3.1/../../../../arm-none-eabi/lib/thumb/v8-m.main/nofp\libc_nano.a(libc_a-freer.o)
 .debug_frame   0x00000938       0x50 D:/ST/STM32CubeIDE_1.18.0/STM32CubeIDE/plugins/com.st.stm32cube.ide.mcu.externaltools.gnu-tools-for-stm32.13.3.rel1.win32_1.0.0.202411081344/tools/bin/../lib/gcc/arm-none-eabi/13.3.1/../../../../arm-none-eabi/lib/thumb/v8-m.main/nofp\libc_nano.a(libc_a-mallocr.o)
 .debug_frame   0x00000988       0x30 D:/ST/STM32CubeIDE_1.18.0/STM32CubeIDE/plugins/com.st.stm32cube.ide.mcu.externaltools.gnu-tools-for-stm32.13.3.rel1.win32_1.0.0.202411081344/tools/bin/../lib/gcc/arm-none-eabi/13.3.1/../../../../arm-none-eabi/lib/thumb/v8-m.main/nofp\libc_nano.a(libc_a-mlock.o)
 .debug_frame   0x000009b8       0xa8 D:/ST/STM32CubeIDE_1.18.0/STM32CubeIDE/plugins/com.st.stm32cube.ide.mcu.externaltools.gnu-tools-for-stm32.13.3.rel1.win32_1.0.0.202411081344/tools/bin/../lib/gcc/arm-none-eabi/13.3.1/../../../../arm-none-eabi/lib/thumb/v8-m.main/nofp\libc_nano.a(libc_a-nano-vfprintf.o)
 .debug_frame   0x00000a60       0x60 D:/ST/STM32CubeIDE_1.18.0/STM32CubeIDE/plugins/com.st.stm32cube.ide.mcu.externaltools.gnu-tools-for-stm32.13.3.rel1.win32_1.0.0.202411081344/tools/bin/../lib/gcc/arm-none-eabi/13.3.1/../../../../arm-none-eabi/lib/thumb/v8-m.main/nofp\libc_nano.a(libc_a-nano-vfprintf_i.o)
 .debug_frame   0x00000ac0       0x5c D:/ST/STM32CubeIDE_1.18.0/STM32CubeIDE/plugins/com.st.stm32cube.ide.mcu.externaltools.gnu-tools-for-stm32.13.3.rel1.win32_1.0.0.202411081344/tools/bin/../lib/gcc/arm-none-eabi/13.3.1/../../../../arm-none-eabi/lib/thumb/v8-m.main/nofp\libc_nano.a(libc_a-fflush.o)
 .debug_frame   0x00000b1c       0x58 D:/ST/STM32CubeIDE_1.18.0/STM32CubeIDE/plugins/com.st.stm32cube.ide.mcu.externaltools.gnu-tools-for-stm32.13.3.rel1.win32_1.0.0.202411081344/tools/bin/../lib/gcc/arm-none-eabi/13.3.1/../../../../arm-none-eabi/lib/thumb/v8-m.main/nofp\libc_nano.a(libc_a-makebuf.o)
 .debug_frame   0x00000b74       0x2c D:/ST/STM32CubeIDE_1.18.0/STM32CubeIDE/plugins/com.st.stm32cube.ide.mcu.externaltools.gnu-tools-for-stm32.13.3.rel1.win32_1.0.0.202411081344/tools/bin/../lib/gcc/arm-none-eabi/13.3.1/../../../../arm-none-eabi/lib/thumb/v8-m.main/nofp\libc_nano.a(libc_a-fstatr.o)
 .debug_frame   0x00000ba0       0x2c D:/ST/STM32CubeIDE_1.18.0/STM32CubeIDE/plugins/com.st.stm32cube.ide.mcu.externaltools.gnu-tools-for-stm32.13.3.rel1.win32_1.0.0.202411081344/tools/bin/../lib/gcc/arm-none-eabi/13.3.1/../../../../arm-none-eabi/lib/thumb/v8-m.main/nofp\libc_nano.a(libc_a-isattyr.o)
 .debug_frame   0x00000bcc       0x2c D:/ST/STM32CubeIDE_1.18.0/STM32CubeIDE/plugins/com.st.stm32cube.ide.mcu.externaltools.gnu-tools-for-stm32.13.3.rel1.win32_1.0.0.202411081344/tools/bin/../lib/gcc/arm-none-eabi/13.3.1/../../../../arm-none-eabi/lib/thumb/v8-m.main/nofp\libc_nano.a(libc_a-sbrkr.o)
 .debug_frame   0x00000bf8       0x28 D:/ST/STM32CubeIDE_1.18.0/STM32CubeIDE/plugins/com.st.stm32cube.ide.mcu.externaltools.gnu-tools-for-stm32.13.3.rel1.win32_1.0.0.202411081344/tools/bin/../lib/gcc/arm-none-eabi/13.3.1/../../../../arm-none-eabi/lib/thumb/v8-m.main/nofp\libc_nano.a(libc_a-memchr-stub.o)

.debug_line_str
                0x00000000       0x60
 .debug_line_str
                0x00000000       0x60 ./Startup/startup_stm32l552zetxq.o
