../Inc/NVIC_registers.h:238:20:NVIC_TriggerInterrupt	1
../Inc/NVIC_registers.h:334:13:decode_exc_return	7
../Src/main.c:60:6:analyze_cfsr	23
../Src/main.c:105:6:analyze_hfsr	4
../Src/main.c:115:6:common_fault_handler	11
../Src/main.c:215:6:HardFault_Handler	1
../Src/main.c:235:7:MemManage_Handler	1
../Src/main.c:255:6:BusFault_Handler	1
../Src/main.c:276:6:UsageFault_Handler	1
../Src/main.c:296:6:SecureFault_Handler	1
../Src/main.c:316:28:Common_Handler	1
../Src/main.c:321:6:trigger_memmanage_fault	1
../Src/main.c:339:6:trigger_bus_fault	1
../Src/main.c:355:6:trigger_usage_fault	1
../Src/main.c:381:6:trigger_hard_fault	1
../Src/main.c:395:5:main	6
