18:25:57 **** Incremental Build of configuration Debug for project 01-Structures ****
make -j24 all 
arm-none-eabi-gcc "../Src/main.c" -mcpu=cortex-m33 -std=gnu11 -g3 -DDEBUG -DNUCLEO_L552ZE_Q -DSTM32 -DSTM32L5 -DSTM32L552ZETxQ -c -I../Inc -O0 -ffunction-sections -fdata-sections -Wall -fstack-usage -fcyclomatic-complexity -MMD -MP -MF"Src/main.d" -MT"Src/main.o" --specs=nano.specs -mfloat-abi=soft -mthumb -o "Src/main.o"
arm-none-eabi-gcc -o "01-Structures.elf" @"objects.list"   -mcpu=cortex-m33 -T"F:\Embedded\STM32\NUCLEO-L552ZE-Q\01-Structures\STM32L552ZETXQ_FLASH.ld" --specs=nosys.specs -Wl,-Map="01-Structures.map" -Wl,--gc-sections -static --specs=nano.specs -mfloat-abi=soft -mthumb -Wl,--start-group -lc -lm -Wl,--end-group
Finished building target: 01-Structures.elf
 
arm-none-eabi-size  01-Structures.elf 
arm-none-eabi-objdump -h -S 01-Structures.elf  > "01-Structures.list"
   text	   data	    bss	    dec	    hex	filename
   5172	     92	   1900	   7164	   1bfc	01-Structures.elf
Finished building: default.size.stdout
 
Finished building: 01-Structures.list
 

18:25:58 Build Finished. 0 errors, 0 warnings. (took 460ms)

