22:27:08 **** Incremental Build of configuration Debug for project 02-PointersArithematic ****
make -j24 all 
arm-none-eabi-gcc "../Src/main.c" -mcpu=cortex-m33 -std=gnu11 -g3 -DDEBUG -DNUCLEO_L552ZE_Q -DSTM32 -DSTM32L5 -DSTM32L552ZETxQ -c -I../Inc -O0 -ffunction-sections -fdata-sections -Wall -fstack-usage -fcyclomatic-complexity -MMD -MP -MF"Src/main.d" -MT"Src/main.o" --specs=nano.specs -mfloat-abi=soft -mthumb -o "Src/main.o"
../Src/main.c: In function 'main':
../Src/main.c:37:9: warning: implicit declaration of function 'printf' [-Wimplicit-function-declaration]
   37 |         printf("p8 address  0x%08X *p8  = 0x%08X\n", p8, *p8);     // Prints 0x11
      |         ^~~~~~
../Src/main.c:20:1: note: include '<stdio.h>' or provide a declaration of 'printf'
   19 | #include <stdint.h>
  +++ |+#include <stdio.h>
   20 | 
../Src/main.c:37:9: warning: incompatible implicit declaration of built-in function 'printf' [-Wbuiltin-declaration-mismatch]
   37 |         printf("p8 address  0x%08X *p8  = 0x%08X\n", p8, *p8);     // Prints 0x11
      |         ^~~~~~
../Src/main.c:37:9: note: include '<stdio.h>' or provide a declaration of 'printf'
../Src/main.c:37:34: warning: format '%X' expects argument of type 'unsigned int', but argument 2 has type 'uint8_t *' {aka 'unsigned char *'} [-Wformat=]
   37 |         printf("p8 address  0x%08X *p8  = 0x%08X\n", p8, *p8);     // Prints 0x11
      |                               ~~~^                   ~~
      |                                  |                   |
      |                                  unsigned int        uint8_t * {aka unsigned char *}
      |                               %08hhn
../Src/main.c:38:34: warning: format '%X' expects argument of type 'unsigned int', but argument 2 has type 'uint16_t *' {aka 'short unsigned int *'} [-Wformat=]
   38 |         printf("p16 address 0x%08X *p16 = 0x%08X\n", p16, *p16);   // Prints 0x1122
      |                               ~~~^                   ~~~
      |                                  |                   |
      |                                  unsigned int        uint16_t * {aka short unsigned int *}
      |                               %08hn
../Src/main.c:39:34: warning: format '%X' expects argument of type 'unsigned int', but argument 2 has type 'uint32_t *' {aka 'long unsigned int *'} [-Wformat=]
   39 |         printf("p32 address 0x%08X *p32 = 0x%08X\n", p32, *p32);   // Prints 0x11223344
      |                               ~~~^                   ~~~
      |                                  |                   |
      |                                  unsigned int        uint32_t * {aka long unsigned int *}
      |                               %08ln
../Src/main.c:39:48: warning: format '%X' expects argument of type 'unsigned int', but argument 3 has type 'uint32_t' {aka 'long unsigned int'} [-Wformat=]
   39 |         printf("p32 address 0x%08X *p32 = 0x%08X\n", p32, *p32);   // Prints 0x11223344
      |                                             ~~~^          ~~~~
      |                                                |          |
      |                                                |          uint32_t {aka long unsigned int}
      |                                                unsigned int
      |                                             %08lX
../Src/main.c:46:34: warning: format '%X' expects argument of type 'unsigned int', but argument 2 has type 'uint8_t *' {aka 'unsigned char *'} [-Wformat=]
   46 |         printf("p8 address  0x%08X *p8  = 0x%08X\n", p8, *p8);     // Prints 0x33
      |                               ~~~^                   ~~
      |                                  |                   |
      |                                  unsigned int        uint8_t * {aka unsigned char *}
      |                               %08hhn
../Src/main.c:47:34: warning: format '%X' expects argument of type 'unsigned int', but argument 2 has type 'uint16_t *' {aka 'short unsigned int *'} [-Wformat=]
   47 |         printf("p16 address 0x%08X *p16 = 0x%08X\n", p16, *p16);   // Prints 0x5566
      |                               ~~~^                   ~~~
      |                                  |                   |
      |                                  unsigned int        uint16_t * {aka short unsigned int *}
      |                               %08hn
../Src/main.c:48:34: warning: format '%X' expects argument of type 'unsigned int', but argument 2 has type 'uint32_t *' {aka 'long unsigned int *'} [-Wformat=]
   48 |         printf("p32 address 0x%08X *p32 = 0x%08X\n", p32, *p32);   // Prints 0x99AABBCC
      |                               ~~~^                   ~~~
      |                                  |                   |
      |                                  unsigned int        uint32_t * {aka long unsigned int *}
      |                               %08ln
../Src/main.c:48:48: warning: format '%X' expects argument of type 'unsigned int', but argument 3 has type 'uint32_t' {aka 'long unsigned int'} [-Wformat=]
   48 |         printf("p32 address 0x%08X *p32 = 0x%08X\n", p32, *p32);   // Prints 0x99AABBCC
      |                                             ~~~^          ~~~~
      |                                                |          |
      |                                                |          uint32_t {aka long unsigned int}
      |                                                unsigned int
      |                                             %08lX
../Src/main.c:49:34: warning: format '%X' expects argument of type 'unsigned int', but argument 2 has type 'uint8_t *' {aka 'unsigned char *'} [-Wformat=]
   49 |         printf("p8 address  0x%08X p10 address 0x%08X addresses diff %d\n", p8, p12, p12 - p8);
      |                               ~~~^                                          ~~
      |                                  |                                          |
      |                                  unsigned int                               uint8_t * {aka unsigned char *}
      |                               %08hhn
../Src/main.c:49:53: warning: format '%X' expects argument of type 'unsigned int', but argument 3 has type 'uint8_t *' {aka 'unsigned char *'} [-Wformat=]
   49 |         printf("p8 address  0x%08X p10 address 0x%08X addresses diff %d\n", p8, p12, p12 - p8);
      |                                                  ~~~^                           ~~~
      |                                                     |                           |
      |                                                     unsigned int                uint8_t * {aka unsigned char *}
      |                                                  %08hhn
arm-none-eabi-gcc -o "02-PointersArithematic.elf" @"objects.list"   -mcpu=cortex-m33 -T"F:\Embedded\STM32\NUCLEO-L552ZE-Q\02-PointersArithematic\STM32L552ZETXQ_FLASH.ld" --specs=nosys.specs -Wl,-Map="02-PointersArithematic.map" -Wl,--gc-sections -static --specs=nano.specs -mfloat-abi=soft -mthumb -Wl,--start-group -lc -lm -Wl,--end-group
Finished building target: 02-PointersArithematic.elf
 
arm-none-eabi-size  02-PointersArithematic.elf 
arm-none-eabi-objdump -h -S 02-PointersArithematic.elf  > "02-PointersArithematic.list"
   text	   data	    bss	    dec	    hex	filename
   5224	     92	   1900	   7216	   1c30	02-PointersArithematic.elf
Finished building: default.size.stdout
 
Finished building: 02-PointersArithematic.list
 

22:27:09 Build Finished. 0 errors, 12 warnings. (took 405ms)

