22:31:46 **** Incremental Build of configuration Debug for project 03-PointersArithematic ****
make -j24 all 
arm-none-eabi-gcc -mcpu=cortex-m33 -g3 -DDEBUG -c -x assembler-with-cpp -MMD -MP -MF"Startup/startup_stm32l552zetxq.d" -MT"Startup/startup_stm32l552zetxq.o" --specs=nano.specs -mfloat-abi=soft -mthumb -o "Startup/startup_stm32l552zetxq.o" "../Startup/startup_stm32l552zetxq.s"
arm-none-eabi-gcc "../Src/itm_debug.c" -mcpu=cortex-m33 -std=gnu11 -g3 -DDEBUG -DNUCLEO_L552ZE_Q -DSTM32 -DSTM32L5 -DSTM32L552ZETxQ -c -I../Inc -O0 -ffunction-sections -fdata-sections -Wall -fstack-usage -fcyclomatic-complexity -MMD -MP -MF"Src/itm_debug.d" -MT"Src/itm_debug.o" --specs=nano.specs -mfloat-abi=soft -mthumb -o "Src/itm_debug.o"
arm-none-eabi-gcc "../Src/main.c" -mcpu=cortex-m33 -std=gnu11 -g3 -DDEBUG -DNUCLEO_L552ZE_Q -DSTM32 -DSTM32L5 -DSTM32L552ZETxQ -c -I../Inc -O0 -ffunction-sections -fdata-sections -Wall -fstack-usage -fcyclomatic-complexity -MMD -MP -MF"Src/main.d" -MT"Src/main.o" --specs=nano.specs -mfloat-abi=soft -mthumb -o "Src/main.o"
arm-none-eabi-gcc "../Src/syscalls.c" -mcpu=cortex-m33 -std=gnu11 -g3 -DDEBUG -DNUCLEO_L552ZE_Q -DSTM32 -DSTM32L5 -DSTM32L552ZETxQ -c -I../Inc -O0 -ffunction-sections -fdata-sections -Wall -fstack-usage -fcyclomatic-complexity -MMD -MP -MF"Src/syscalls.d" -MT"Src/syscalls.o" --specs=nano.specs -mfloat-abi=soft -mthumb -o "Src/syscalls.o"
arm-none-eabi-gcc "../Src/sysmem.c" -mcpu=cortex-m33 -std=gnu11 -g3 -DDEBUG -DNUCLEO_L552ZE_Q -DSTM32 -DSTM32L5 -DSTM32L552ZETxQ -c -I../Inc -O0 -ffunction-sections -fdata-sections -Wall -fstack-usage -fcyclomatic-complexity -MMD -MP -MF"Src/sysmem.d" -MT"Src/sysmem.o" --specs=nano.specs -mfloat-abi=soft -mthumb -o "Src/sysmem.o"
../Src/main.c: In function 'main':
../Src/main.c:38:34: warning: format '%X' expects argument of type 'unsigned int', but argument 2 has type 'uint8_t *' {aka 'unsigned char *'} [-Wformat=]
   38 |         printf("p8 address  0x%08X *p8  = 0x%08X\n", p8, *p8);     // Prints 0x11
      |                               ~~~^                   ~~
      |                                  |                   |
      |                                  unsigned int        uint8_t * {aka unsigned char *}
      |                               %08hhn
../Src/main.c:39:34: warning: format '%X' expects argument of type 'unsigned int', but argument 2 has type 'uint16_t *' {aka 'short unsigned int *'} [-Wformat=]
   39 |         printf("p16 address 0x%08X *p16 = 0x%08X\n", p16, *p16);   // Prints 0x1122
      |                               ~~~^                   ~~~
      |                                  |                   |
      |                                  unsigned int        uint16_t * {aka short unsigned int *}
      |                               %08hn
../Src/main.c:40:34: warning: format '%X' expects argument of type 'unsigned int', but argument 2 has type 'uint32_t *' {aka 'long unsigned int *'} [-Wformat=]
   40 |         printf("p32 address 0x%08X *p32 = 0x%08X\n", p32, *p32);   // Prints 0x11223344
      |                               ~~~^                   ~~~
      |                                  |                   |
      |                                  unsigned int        uint32_t * {aka long unsigned int *}
      |                               %08ln
../Src/main.c:40:48: warning: format '%X' expects argument of type 'unsigned int', but argument 3 has type 'uint32_t' {aka 'long unsigned int'} [-Wformat=]
   40 |         printf("p32 address 0x%08X *p32 = 0x%08X\n", p32, *p32);   // Prints 0x11223344
      |                                             ~~~^          ~~~~
      |                                                |          |
      |                                                |          uint32_t {aka long unsigned int}
      |                                                unsigned int
      |                                             %08lX
../Src/main.c:47:34: warning: format '%X' expects argument of type 'unsigned int', but argument 2 has type 'uint8_t *' {aka 'unsigned char *'} [-Wformat=]
   47 |         printf("p8 address  0x%08X *p8  = 0x%08X\n", p8, *p8);     // Prints 0x33
      |                               ~~~^                   ~~
      |                                  |                   |
      |                                  unsigned int        uint8_t * {aka unsigned char *}
      |                               %08hhn
../Src/main.c:48:34: warning: format '%X' expects argument of type 'unsigned int', but argument 2 has type 'uint16_t *' {aka 'short unsigned int *'} [-Wformat=]
   48 |         printf("p16 address 0x%08X *p16 = 0x%08X\n", p16, *p16);   // Prints 0x5566
      |                               ~~~^                   ~~~
      |                                  |                   |
      |                                  unsigned int        uint16_t * {aka short unsigned int *}
      |                               %08hn
../Src/main.c:49:34: warning: format '%X' expects argument of type 'unsigned int', but argument 2 has type 'uint32_t *' {aka 'long unsigned int *'} [-Wformat=]
   49 |         printf("p32 address 0x%08X *p32 = 0x%08X\n", p32, *p32);   // Prints 0x99AABBCC
      |                               ~~~^                   ~~~
      |                                  |                   |
      |                                  unsigned int        uint32_t * {aka long unsigned int *}
      |                               %08ln
../Src/main.c:49:48: warning: format '%X' expects argument of type 'unsigned int', but argument 3 has type 'uint32_t' {aka 'long unsigned int'} [-Wformat=]
   49 |         printf("p32 address 0x%08X *p32 = 0x%08X\n", p32, *p32);   // Prints 0x99AABBCC
      |                                             ~~~^          ~~~~
      |                                                |          |
      |                                                |          uint32_t {aka long unsigned int}
      |                                                unsigned int
      |                                             %08lX
../Src/main.c:50:34: warning: format '%X' expects argument of type 'unsigned int', but argument 2 has type 'uint8_t *' {aka 'unsigned char *'} [-Wformat=]
   50 |         printf("p8 address  0x%08X p10 address 0x%08X addresses diff %d\n", p8, p12, p12 - p8);
      |                               ~~~^                                          ~~
      |                                  |                                          |
      |                                  unsigned int                               uint8_t * {aka unsigned char *}
      |                               %08hhn
../Src/main.c:50:53: warning: format '%X' expects argument of type 'unsigned int', but argument 3 has type 'uint8_t *' {aka 'unsigned char *'} [-Wformat=]
   50 |         printf("p8 address  0x%08X p10 address 0x%08X addresses diff %d\n", p8, p12, p12 - p8);
      |                                                  ~~~^                           ~~~
      |                                                     |                           |
      |                                                     unsigned int                uint8_t * {aka unsigned char *}
      |                                                  %08hhn
arm-none-eabi-gcc -o "03-PointersArithematic.elf" @"objects.list"   -mcpu=cortex-m33 -T"F:\Embedded\STM32\NUCLEO-L552ZE-Q\03-PointersArithematic\STM32L552ZETXQ_FLASH.ld" --specs=nosys.specs -Wl,-Map="03-PointersArithematic.map" -Wl,--gc-sections -static --specs=nano.specs -mfloat-abi=soft -mthumb -Wl,--start-group -lc -lm -Wl,--end-group
Finished building target: 03-PointersArithematic.elf
 
arm-none-eabi-size  03-PointersArithematic.elf 
arm-none-eabi-objdump -h -S 03-PointersArithematic.elf  > "03-PointersArithematic.list"
   text	   data	    bss	    dec	    hex	filename
   5224	     92	   1900	   7216	   1c30	03-PointersArithematic.elf
Finished building: default.size.stdout
 
Finished building: 03-PointersArithematic.list
 

22:31:47 Build Finished. 0 errors, 10 warnings. (took 606ms)

