18:36:56 **** Build of configuration Debug for project 05-MemoryMap ****
make -j24 all 
arm-none-eabi-gcc -mcpu=cortex-m33 -g3 -DDEBUG -c -x assembler-with-cpp -MMD -MP -MF"Startup/startup_stm32l552zetxq.d" -MT"Startup/startup_stm32l552zetxq.o" --specs=nano.specs -mfloat-abi=soft -mthumb -o "Startup/startup_stm32l552zetxq.o" "../Startup/startup_stm32l552zetxq.s"
arm-none-eabi-gcc "../Src/main.c" -mcpu=cortex-m33 -std=gnu11 -g3 -DDEBUG -DNUCLEO_L552ZE_Q -DSTM32 -DSTM32L5 -DSTM32L552ZETxQ -c -I../Inc -O0 -ffunction-sections -fdata-sections -Wall -fstack-usage -fcyclomatic-complexity -MMD -MP -MF"Src/main.d" -MT"Src/main.o" --specs=nano.specs -mfloat-abi=soft -mthumb -o "Src/main.o"
arm-none-eabi-gcc "../Src/syscalls.c" -mcpu=cortex-m33 -std=gnu11 -g3 -DDEBUG -DNUCLEO_L552ZE_Q -DSTM32 -DSTM32L5 -DSTM32L552ZETxQ -c -I../Inc -O0 -ffunction-sections -fdata-sections -Wall -fstack-usage -fcyclomatic-complexity -MMD -MP -MF"Src/syscalls.d" -MT"Src/syscalls.o" --specs=nano.specs -mfloat-abi=soft -mthumb -o "Src/syscalls.o"
arm-none-eabi-gcc "../Src/sysmem.c" -mcpu=cortex-m33 -std=gnu11 -g3 -DDEBUG -DNUCLEO_L552ZE_Q -DSTM32 -DSTM32L5 -DSTM32L552ZETxQ -c -I../Inc -O0 -ffunction-sections -fdata-sections -Wall -fstack-usage -fcyclomatic-complexity -MMD -MP -MF"Src/sysmem.d" -MT"Src/sysmem.o" --specs=nano.specs -mfloat-abi=soft -mthumb -o "Src/sysmem.o"
arm-none-eabi-gcc -o "05-MemoryMap.elf" @"objects.list"   -mcpu=cortex-m33 -T"F:\Embedded\STM32\NUCLEO-L552ZE-Q\05-MemoryMap\STM32L552ZETXQ_FLASH.ld" --specs=nosys.specs -Wl,-Map="05-MemoryMap.map" -Wl,--gc-sections -static --specs=nano.specs -mfloat-abi=soft -mthumb -Wl,--start-group -lc -lm -Wl,--end-group
Finished building target: 05-MemoryMap.elf
 
arm-none-eabi-size  05-MemoryMap.elf 
arm-none-eabi-objdump -h -S 05-MemoryMap.elf  > "05-MemoryMap.list"
   text	   data	    bss	    dec	    hex	filename
    832	      0	   1568	   2400	    960	05-MemoryMap.elf
Finished building: default.size.stdout
 
Finished building: 05-MemoryMap.list
 

18:36:57 Build Finished. 0 errors, 0 warnings. (took 398ms)

