20:09:30 **** Build of configuration Debug for project 11-SpecialRegisters ****
make -j24 all 
arm-none-eabi-gcc -mcpu=cortex-m33 -g3 -DDEBUG -c -x assembler-with-cpp -MMD -MP -MF"Startup/startup_stm32l552zetxq.d" -MT"Startup/startup_stm32l552zetxq.o" --specs=nano.specs -mfloat-abi=soft -mthumb -o "Startup/startup_stm32l552zetxq.o" "../Startup/startup_stm32l552zetxq.s"
arm-none-eabi-gcc "../Src/itm_debug.c" -mcpu=cortex-m33 -std=gnu11 -g3 -DDEBUG -DNUCLEO_L552ZE_Q -DSTM32 -DSTM32L5 -DSTM32L552ZETxQ -c -I../Inc -O3 -ffunction-sections -fdata-sections -Wall -fstack-usage -fcyclomatic-complexity -MMD -MP -MF"Src/itm_debug.d" -MT"Src/itm_debug.o" --specs=nano.specs -mfloat-abi=soft -mthumb -o "Src/itm_debug.o"
arm-none-eabi-gcc "../Src/main.c" -mcpu=cortex-m33 -std=gnu11 -g3 -DDEBUG -DNUCLEO_L552ZE_Q -DSTM32 -DSTM32L5 -DSTM32L552ZETxQ -c -I../Inc -O3 -ffunction-sections -fdata-sections -Wall -fstack-usage -fcyclomatic-complexity -MMD -MP -MF"Src/main.d" -MT"Src/main.o" --specs=nano.specs -mfloat-abi=soft -mthumb -o "Src/main.o"
arm-none-eabi-gcc "../Src/syscalls.c" -mcpu=cortex-m33 -std=gnu11 -g3 -DDEBUG -DNUCLEO_L552ZE_Q -DSTM32 -DSTM32L5 -DSTM32L552ZETxQ -c -I../Inc -O3 -ffunction-sections -fdata-sections -Wall -fstack-usage -fcyclomatic-complexity -MMD -MP -MF"Src/syscalls.d" -MT"Src/syscalls.o" --specs=nano.specs -mfloat-abi=soft -mthumb -o "Src/syscalls.o"
arm-none-eabi-gcc "../Src/sysmem.c" -mcpu=cortex-m33 -std=gnu11 -g3 -DDEBUG -DNUCLEO_L552ZE_Q -DSTM32 -DSTM32L5 -DSTM32L552ZETxQ -c -I../Inc -O3 -ffunction-sections -fdata-sections -Wall -fstack-usage -fcyclomatic-complexity -MMD -MP -MF"Src/sysmem.d" -MT"Src/sysmem.o" --specs=nano.specs -mfloat-abi=soft -mthumb -o "Src/sysmem.o"
arm-none-eabi-gcc -o "11-SpecialRegisters.elf" @"objects.list"   -mcpu=cortex-m33 -T"F:\Embedded\STM32\NUCLEO-L552ZE-Q\11-SpecialRegisters\STM32L552ZETXQ_FLASH.ld" --specs=nosys.specs -Wl,-Map="11-SpecialRegisters.map" -Wl,--gc-sections -static --specs=nano.specs -mfloat-abi=soft -mthumb -Wl,--start-group -lc -lm -Wl,--end-group
Finished building target: 11-SpecialRegisters.elf
 
arm-none-eabi-size  11-SpecialRegisters.elf 
arm-none-eabi-objdump -h -S 11-SpecialRegisters.elf  > "11-SpecialRegisters.list"
   text	   data	    bss	    dec	    hex	filename
   3408	     92	   1900	   5400	   1518	11-SpecialRegisters.elf
Finished building: default.size.stdout
 
Finished building: 11-SpecialRegisters.list
 

20:09:32 Build Finished. 0 errors, 0 warnings. (took 2s.352ms)

