14:37:24 **** Incremental Build of configuration Debug for project Ex01-Bits ****
make -j24 all 
arm-none-eabi-gcc "../Src/main.c" -mcpu=cortex-m33 -std=gnu11 -g3 -DDEBUG -DNUCLEO_L552ZE_Q -DSTM32 -DSTM32L5 -DSTM32L552ZETxQ -c -I../Inc -O0 -ffunction-sections -fdata-sections -Wall -fstack-usage -fcyclomatic-complexity -MMD -MP -MF"Src/main.d" -MT"Src/main.o" --specs=nano.specs -mfloat-abi=soft -mthumb -o "Src/main.o"
arm-none-eabi-gcc -o "Ex01-Bits.elf" @"objects.list"   -mcpu=cortex-m33 -T"F:\Embedded\STM32\NUCLEO-L552ZE-Q\Ex01-Bits\STM32L552ZETXQ_FLASH.ld" --specs=nosys.specs -Wl,-Map="Ex01-Bits.map" -Wl,--gc-sections -static --specs=nano.specs -mfloat-abi=soft -mthumb -Wl,--start-group -lc -lm -Wl,--end-group
Finished building target: Ex01-Bits.elf
 
arm-none-eabi-size  Ex01-Bits.elf 
arm-none-eabi-objdump -h -S Ex01-Bits.elf  > "Ex01-Bits.list"
   text	   data	    bss	    dec	    hex	filename
   5184	     92	   1900	   7176	   1c08	Ex01-Bits.elf
Finished building: default.size.stdout
 
Finished building: Ex01-Bits.list
 

14:37:25 Build Finished. 0 errors, 0 warnings. (took 494ms)

