17:40:05 **** Incremental Build of configuration Debug for project MCU-HelloWorld ****
make -j24 all 
arm-none-eabi-gcc "../Src/main.c" -mcpu=cortex-m33 -std=gnu11 -g3 -DDEBUG -DNUCLEO_L552ZE_Q -DSTM32 -DSTM32L5 -DSTM32L552ZETxQ -c -I../Inc -O0 -ffunction-sections -fdata-sections -Wall -fstack-usage -fcyclomatic-complexity -MMD -MP -MF"Src/main.d" -MT"Src/main.o" --specs=nano.specs -mfloat-abi=soft -mthumb -o "Src/main.o"
arm-none-eabi-gcc -o "MCU-HelloWorld.elf" @"objects.list"   -mcpu=cortex-m33 -T"F:\Embedded\STM32\NUCLEO-L552ZE-Q\MCU-HelloWorld\STM32L552ZETXQ_FLASH.ld" --specs=nosys.specs -Wl,-Map="MCU-HelloWorld.map" -Wl,--gc-sections -static --specs=nano.specs -mfloat-abi=soft -mthumb -Wl,--start-group -lc -lm -Wl,--end-group
Finished building target: MCU-HelloWorld.elf
 
arm-none-eabi-size  MCU-HelloWorld.elf 
arm-none-eabi-objdump -h -S MCU-HelloWorld.elf  > "MCU-HelloWorld.list"
   text	   data	    bss	    dec	    hex	filename
   3508	     92	   1900	   5500	   157c	MCU-HelloWorld.elf
Finished building: default.size.stdout
 
Finished building: MCU-HelloWorld.list
 

17:40:06 Build Finished. 0 errors, 0 warnings. (took 406ms)

