22:13:00 **** Incremental Build of configuration Debug for project MemoryMap ****
make -j24 all 
arm-none-eabi-gcc "../Src/main.c" -mcpu=cortex-m33 -std=gnu11 -g3 -DDEBUG -DNUCLEO_L552ZE_Q -DSTM32 -DSTM32L5 -DSTM32L552ZETxQ -c -I../Inc -O0 -ffunction-sections -fdata-sections -Wall -fstack-usage -fcyclomatic-complexity -MMD -MP -MF"Src/main.d" -MT"Src/main.o" --specs=nano.specs -mfloat-abi=soft -mthumb -o "Src/main.o"
arm-none-eabi-gcc -o "MemoryMap.elf" @"objects.list"   -mcpu=cortex-m33 -T"F:\Embedded\STM32\NUCLEO-L552ZE-Q\MemoryMap\STM32L552ZETXQ_FLASH.ld" --specs=nosys.specs -Wl,-Map="MemoryMap.map" -Wl,--gc-sections -static --specs=nano.specs -mfloat-abi=soft -mthumb -Wl,--start-group -lc -lm -Wl,--end-group
Finished building target: MemoryMap.elf
 
arm-none-eabi-size  MemoryMap.elf 
arm-none-eabi-objdump -h -S MemoryMap.elf  > "MemoryMap.list"
   text	   data	    bss	    dec	    hex	filename
    832	      0	   1568	   2400	    960	MemoryMap.elf
Finished building: default.size.stdout
 
Finished building: MemoryMap.list
 

22:13:00 Build Finished. 0 errors, 0 warnings. (took 411ms)

