Archive member included to satisfy reference by file (symbol)

D:/ST/STM32CubeIDE_1.18.0/STM32CubeIDE/plugins/com.st.stm32cube.ide.mcu.externaltools.gnu-tools-for-stm32.13.3.rel1.win32_1.0.0.202411081344/tools/bin/../lib/gcc/arm-none-eabi/13.3.1/../../../../arm-none-eabi/lib/thumb/v8-m.main/nofp\libc_nano.a(libc_a-exit.o)
                              D:/ST/STM32CubeIDE_1.18.0/STM32CubeIDE/plugins/com.st.stm32cube.ide.mcu.externaltools.gnu-tools-for-stm32.13.3.rel1.win32_1.0.0.202411081344/tools/bin/../lib/gcc/arm-none-eabi/13.3.1/../../../../arm-none-eabi/lib/thumb/v8-m.main/nofp/crt0.o (exit)
D:/ST/STM32CubeIDE_1.18.0/STM32CubeIDE/plugins/com.st.stm32cube.ide.mcu.externaltools.gnu-tools-for-stm32.13.3.rel1.win32_1.0.0.202411081344/tools/bin/../lib/gcc/arm-none-eabi/13.3.1/../../../../arm-none-eabi/lib/thumb/v8-m.main/nofp\libc_nano.a(libc_a-findfp.o)
                              D:/ST/STM32CubeIDE_1.18.0/STM32CubeIDE/plugins/com.st.stm32cube.ide.mcu.externaltools.gnu-tools-for-stm32.13.3.rel1.win32_1.0.0.202411081344/tools/bin/../lib/gcc/arm-none-eabi/13.3.1/../../../../arm-none-eabi/lib/thumb/v8-m.main/nofp\libc_nano.a(libc_a-exit.o) (__stdio_exit_handler)
D:/ST/STM32CubeIDE_1.18.0/STM32CubeIDE/plugins/com.st.stm32cube.ide.mcu.externaltools.gnu-tools-for-stm32.13.3.rel1.win32_1.0.0.202411081344/tools/bin/../lib/gcc/arm-none-eabi/13.3.1/../../../../arm-none-eabi/lib/thumb/v8-m.main/nofp\libc_nano.a(libc_a-fwalk.o)
                              D:/ST/STM32CubeIDE_1.18.0/STM32CubeIDE/plugins/com.st.stm32cube.ide.mcu.externaltools.gnu-tools-for-stm32.13.3.rel1.win32_1.0.0.202411081344/tools/bin/../lib/gcc/arm-none-eabi/13.3.1/../../../../arm-none-eabi/lib/thumb/v8-m.main/nofp\libc_nano.a(libc_a-findfp.o) (_fwalk_sglue)
D:/ST/STM32CubeIDE_1.18.0/STM32CubeIDE/plugins/com.st.stm32cube.ide.mcu.externaltools.gnu-tools-for-stm32.13.3.rel1.win32_1.0.0.202411081344/tools/bin/../lib/gcc/arm-none-eabi/13.3.1/../../../../arm-none-eabi/lib/thumb/v8-m.main/nofp\libc_nano.a(libc_a-printf.o)
                              ./Src/main.o (printf)
D:/ST/STM32CubeIDE_1.18.0/STM32CubeIDE/plugins/com.st.stm32cube.ide.mcu.externaltools.gnu-tools-for-stm32.13.3.rel1.win32_1.0.0.202411081344/tools/bin/../lib/gcc/arm-none-eabi/13.3.1/../../../../arm-none-eabi/lib/thumb/v8-m.main/nofp\libc_nano.a(libc_a-puts.o)
                              ./Src/main.o (puts)
D:/ST/STM32CubeIDE_1.18.0/STM32CubeIDE/plugins/com.st.stm32cube.ide.mcu.externaltools.gnu-tools-for-stm32.13.3.rel1.win32_1.0.0.202411081344/tools/bin/../lib/gcc/arm-none-eabi/13.3.1/../../../../arm-none-eabi/lib/thumb/v8-m.main/nofp\libc_nano.a(libc_a-stdio.o)
                              D:/ST/STM32CubeIDE_1.18.0/STM32CubeIDE/plugins/com.st.stm32cube.ide.mcu.externaltools.gnu-tools-for-stm32.13.3.rel1.win32_1.0.0.202411081344/tools/bin/../lib/gcc/arm-none-eabi/13.3.1/../../../../arm-none-eabi/lib/thumb/v8-m.main/nofp\libc_nano.a(libc_a-findfp.o) (__sread)
D:/ST/STM32CubeIDE_1.18.0/STM32CubeIDE/plugins/com.st.stm32cube.ide.mcu.externaltools.gnu-tools-for-stm32.13.3.rel1.win32_1.0.0.202411081344/tools/bin/../lib/gcc/arm-none-eabi/13.3.1/../../../../arm-none-eabi/lib/thumb/v8-m.main/nofp\libc_nano.a(libc_a-wbuf.o)
                              D:/ST/STM32CubeIDE_1.18.0/STM32CubeIDE/plugins/com.st.stm32cube.ide.mcu.externaltools.gnu-tools-for-stm32.13.3.rel1.win32_1.0.0.202411081344/tools/bin/../lib/gcc/arm-none-eabi/13.3.1/../../../../arm-none-eabi/lib/thumb/v8-m.main/nofp\libc_nano.a(libc_a-puts.o) (__swbuf_r)
D:/ST/STM32CubeIDE_1.18.0/STM32CubeIDE/plugins/com.st.stm32cube.ide.mcu.externaltools.gnu-tools-for-stm32.13.3.rel1.win32_1.0.0.202411081344/tools/bin/../lib/gcc/arm-none-eabi/13.3.1/../../../../arm-none-eabi/lib/thumb/v8-m.main/nofp\libc_nano.a(libc_a-wsetup.o)
                              D:/ST/STM32CubeIDE_1.18.0/STM32CubeIDE/plugins/com.st.stm32cube.ide.mcu.externaltools.gnu-tools-for-stm32.13.3.rel1.win32_1.0.0.202411081344/tools/bin/../lib/gcc/arm-none-eabi/13.3.1/../../../../arm-none-eabi/lib/thumb/v8-m.main/nofp\libc_nano.a(libc_a-puts.o) (__swsetup_r)
D:/ST/STM32CubeIDE_1.18.0/STM32CubeIDE/plugins/com.st.stm32cube.ide.mcu.externaltools.gnu-tools-for-stm32.13.3.rel1.win32_1.0.0.202411081344/tools/bin/../lib/gcc/arm-none-eabi/13.3.1/../../../../arm-none-eabi/lib/thumb/v8-m.main/nofp\libc_nano.a(libc_a-memset.o)
                              D:/ST/STM32CubeIDE_1.18.0/STM32CubeIDE/plugins/com.st.stm32cube.ide.mcu.externaltools.gnu-tools-for-stm32.13.3.rel1.win32_1.0.0.202411081344/tools/bin/../lib/gcc/arm-none-eabi/13.3.1/../../../../arm-none-eabi/lib/thumb/v8-m.main/nofp/crt0.o (memset)
D:/ST/STM32CubeIDE_1.18.0/STM32CubeIDE/plugins/com.st.stm32cube.ide.mcu.externaltools.gnu-tools-for-stm32.13.3.rel1.win32_1.0.0.202411081344/tools/bin/../lib/gcc/arm-none-eabi/13.3.1/../../../../arm-none-eabi/lib/thumb/v8-m.main/nofp\libc_nano.a(libc_a-closer.o)
[...]
Memory Configuration

Name             Origin             Length             Attributes
RAM              0x20000000         0x00030000         xrw
RAM2             0x20030000         0x00010000         xrw
FLASH            0x08000000         0x00080000         xr
*default*        0x00000000         0xffffffff

Linker script and memory map

LOAD D:/ST/STM32CubeIDE_1.18.0/STM32CubeIDE/plugins/com.st.stm32cube.ide.mcu.externaltools.gnu-tools-for-stm32.13.3.rel1.win32_1.0.0.202411081344/tools/bin/../lib/gcc/arm-none-eabi/13.3.1/thumb/v8-m.main/nofp/crti.o
LOAD D:/ST/STM32CubeIDE_1.18.0/STM32CubeIDE/plugins/com.st.stm32cube.ide.mcu.externaltools.gnu-tools-for-stm32.13.3.rel1.win32_1.0.0.202411081344/tools/bin/../lib/gcc/arm-none-eabi/13.3.1/thumb/v8-m.main/nofp/crtbegin.o
LOAD D:/ST/STM32CubeIDE_1.18.0/STM32CubeIDE/plugins/com.st.stm32cube.ide.mcu.externaltools.gnu-tools-for-stm32.13.3.rel1.win32_1.0.0.202411081344/tools/bin/../lib/gcc/arm-none-eabi/13.3.1/../../../../arm-none-eabi/lib/thumb/v8-m.main/nofp/crt0.o
LOAD ./Src/itm_debug.o
LOAD ./Src/main.o
LOAD ./Src/syscalls.o
LOAD ./Src/sysmem.o
LOAD ./Startup/startup_stm32l552zetxq.o
START GROUP
LOAD D:/ST/STM32CubeIDE_1.18.0/STM32CubeIDE/plugins/com.st.stm32cube.ide.mcu.externaltools.gnu-tools-for-stm32.13.3.rel1.win32_1.0.0.202411081344/tools/bin/../lib/gcc/arm-none-eabi/13.3.1/../../../../arm-none-eabi/lib/thumb/v8-m.main/nofp\libc_nano.a
LOAD D:/ST/STM32CubeIDE_1.18.0/STM32CubeIDE/plugins/com.st.stm32cube.ide.mcu.externaltools.gnu-tools-for-stm32.13.3.rel1.win32_1.0.0.202411081344/tools/bin/../lib/gcc/arm-none-eabi/13.3.1/../../../../arm-none-eabi/lib/thumb/v8-m.main/nofp\libm.a
END GROUP
START GROUP
LOAD D:/ST/STM32CubeIDE_1.18.0/STM32CubeIDE/plugins/com.st.stm32cube.ide.mcu.externaltools.gnu-tools-for-stm32.13.3.rel1.win32_1.0.0.202411081344/tools/bin/../lib/gcc/arm-none-eabi/13.3.1/thumb/v8-m.main/nofp\libgcc.a
LOAD D:/ST/STM32CubeIDE_1.18.0/STM32CubeIDE/plugins/com.st.stm32cube.ide.mcu.externaltools.gnu-tools-for-stm32.13.3.rel1.win32_1.0.0.202411081344/tools/bin/../lib/gcc/arm-none-eabi/13.3.1/../../../../arm-none-eabi/lib/thumb/v8-m.main/nofp\libc_nano.a
END GROUP
START GROUP
LOAD D:/ST/STM32CubeIDE_1.18.0/STM32CubeIDE/plugins/com.st.stm32cube.ide.mcu.externaltools.gnu-tools-for-stm32.13.3.rel1.win32_1.0.0.202411081344/tools/bin/../lib/gcc/arm-none-eabi/13.3.1/thumb/v8-m.main/nofp\libgcc.a
LOAD D:/ST/STM32CubeIDE_1.18.0/STM32CubeIDE/plugins/com.st.stm32cube.ide.mcu.externaltools.gnu-tools-for-stm32.13.3.rel1.win32_1.0.0.202411081344/tools/bin/../lib/gcc/arm-none-eabi/13.3.1/../../../../arm-none-eabi/lib/thumb/v8-m.main/nofp\libc_nano.a
LOAD D:/ST/STM32CubeIDE_1.18.0/STM32CubeIDE/plugins/com.st.stm32cube.ide.mcu.externaltools.gnu-tools-for-stm32.13.3.rel1.win32_1.0.0.202411081344/tools/bin/../lib/gcc/arm-none-eabi/13.3.1/../../../../arm-none-eabi/lib/thumb/v8-m.main/nofp\libnosys.a
END GROUP
START GROUP
LOAD D:/ST/STM32CubeIDE_1.18.0/STM32CubeIDE/plugins/com.st.stm32cube.ide.mcu.externaltools.gnu-tools-for-stm32.13.3.rel1.win32_1.0.0.202411081344/tools/bin/../lib/gcc/arm-none-eabi/13.3.1/thumb/v8-m.main/nofp\libgcc.a
LOAD D:/ST/STM32CubeIDE_1.18.0/STM32CubeIDE/plugins/com.st.stm32cube.ide.mcu.externaltools.gnu-tools-for-stm32.13.3.rel1.win32_1.0.0.202411081344/tools/bin/../lib/gcc/arm-none-eabi/13.3.1/../../../../arm-none-eabi/lib/thumb/v8-m.main/nofp\libc_nano.a
LOAD D:/ST/STM32CubeIDE_1.18.0/STM32CubeIDE/plugins/com.st.stm32cube.ide.mcu.externaltools.gnu-tools-for-stm32.13.3.rel1.win32_1.0.0.202411081344/tools/bin/../lib/gcc/arm-none-eabi/13.3.1/../../../../arm-none-eabi/lib/thumb/v8-m.main/nofp\libnosys.a
END GROUP
LOAD D:/ST/STM32CubeIDE_1.18.0/STM32CubeIDE/plugins/com.st.stm32cube.ide.mcu.externaltools.gnu-tools-for-stm32.13.3.rel1.win32_1.0.0.202411081344/tools/bin/../lib/gcc/arm-none-eabi/13.3.1/thumb/v8-m.main/nofp/crtend.o
LOAD D:/ST/STM32CubeIDE_1.18.0/STM32CubeIDE/plugins/com.st.stm32cube.ide.mcu.externaltools.gnu-tools-for-stm32.13.3.rel1.win32_1.0.0.202411081344/tools/bin/../lib/gcc/arm-none-eabi/13.3.1/thumb/v8-m.main/nofp/crtn.o
                0x20030000                        _estack = (ORIGIN (RAM) + LENGTH (RAM))
                0x00000200                        _Min_Heap_Size = 0x200
                0x00000400                        _Min_Stack_Size = 0x400

.isr_vector     0x08000000      0x1f0
                0x08000000                        . = ALIGN (0x4)
 *(.isr_vector)
 .isr_vector    0x08000000      0x1f0 ./Startup/startup_stm32l552zetxq.o
                0x08000000                g_pfnVectors
                0x080001f0                        . = ALIGN (0x4)

.text           0x080001f0     0x1898
                0x080001f0                        . = ALIGN (0x4)
 *(.text)
 .text          0x080001f0       0x40 D:/ST/STM32CubeIDE_1.18.0/STM32CubeIDE/plugins/com.st.stm32cube.ide.mcu.externaltools.gnu-tools-for-stm32.13.3.rel1.win32_1.0.0.202411081344/tools/bin/../lib/gcc/arm-none-eabi/13.3.1/thumb/v8-m.main/nofp/crtbegin.o
 *(.text*)
 .text.ITM_SendChar
                0x08000230       0x4c ./Src/itm_debug.o
                0x08000230                ITM_SendChar
 .text._write   0x0800027c       0x38 ./Src/itm_debug.o
                0x0800027c                _write
 .text.NVIC_TriggerInterrupt
                0x080002b4       0x20 ./Src/main.o
 .text.analyze_cfsr
                0x080002d4      0x1c4 ./Src/main.o
                0x080002d4                analyze_cfsr
 .text.analyze_hfsr
                0x08000498       0x54 ./Src/main.o
                0x08000498                analyze_hfsr
 .text.common_fault_handler
                0x080004ec      0x230 ./Src/main.o
                0x080004ec                common_fault_handler
 .text.HardFault_Handler
                0x0800071c       0x22 ./Src/main.o
                0x0800071c                HardFault_Handler
 .text.MemManage_Handler
                0x0800073e       0x22 ./Src/main.o
                0x0800073e                MemManage_Handler
 .text.BusFault_Handler
                0x08000760       0x22 ./Src/main.o
                0x08000760                BusFault_Handler
 .text.UsageFault_Handler
                0x08000782       0x22 ./Src/main.o
                0x08000782                UsageFault_Handler
 .text.SecureFault_Handler
                0x080007a4       0x22 ./Src/main.o
                0x080007a4                SecureFault_Handler
 .text.Common_Handler
                0x080007c6       0x1a ./Src/main.o
                0x080007c6                Common_Handler
 .text.trigger_memmanage_fault
                0x080007e0       0x30 ./Src/main.o
                0x080007e0                trigger_memmanage_fault
 .text.trigger_bus_fault
                0x08000810       0x30 ./Src/main.o
                0x08000810                trigger_bus_fault
 .text.trigger_usage_fault
                0x08000840       0x68 ./Src/main.o
                0x08000840                trigger_usage_fault
 .text.trigger_hard_fault
                0x080008a8       0x38 ./Src/main.o
                0x080008a8                trigger_hard_fault
 .text.main     0x080008e0      0x104 ./Src/main.o
                0x080008e0                main
 .text._read    0x080009e4       0x3a ./Src/syscalls.o
                0x080009e4                _read
 .text._close   0x08000a1e       0x16 ./Src/syscalls.o
                0x08000a1e                _close
 .text._fstat   0x08000a34       0x1e ./Src/syscalls.o
                0x08000a34                _fstat
 .text._isatty  0x08000a52       0x14 ./Src/syscalls.o
                0x08000a52                _isatty
 .text._lseek   0x08000a66       0x18 ./Src/syscalls.o
                0x08000a66                _lseek
 *fill*         0x08000a7e        0x2 
 .text._sbrk    0x08000a80       0x6c ./Src/sysmem.o
                0x08000a80                _sbrk
 .text.Reset_Handler
                0x08000aec       0x50 ./Startup/startup_stm32l552zetxq.o
                0x08000aec                Reset_Handler
 .text.Default_Handler
                0x08000b3c        0x2 ./Startup/startup_stm32l552zetxq.o
                0x08000b3c                EXTI2_IRQHandler
                0x08000b3c                TIM8_TRG_COM_IRQHandler
                0x08000b3c                TIM8_CC_IRQHandler
                0x08000b3c                EXTI5_IRQHandler
                0x08000b3c                DMA2_CH8_IRQHandler
                0x08000b3c                DebugMon_Handler
                0x08000b3c                FLASH_S_IRQHandler
                0x08000b3c                EXTI13_IRQHandler
                0x08000b3c                TIM1_CC_IRQHandler
                0x08000b3c                TSC_IRQHandler
                0x08000b3c                TAMP_IRQHandler
                0x08000b3c                TIM6_IRQHandler
                0x08000b3c                EXTI12_IRQHandler
                0x08000b3c                SysTick_Handler
                0x08000b3c                PendSV_Handler
                0x08000b3c                NMI_Handler
                0x08000b3c                EXTI3_IRQHandler
                0x08000b3c                EXTI8_IRQHandler
                0x08000b3c                LPTIM2_IRQHandler
                0x08000b3c                DFSDM1_FLT1_IRQHandler
                0x08000b3c                USB_FS_IRQHandler
                0x08000b3c                I2C3_ER_IRQHandler
                0x08000b3c                DFSDM1_FLT2_IRQHandler
                0x08000b3c                LPTIM3_IRQHandler
                0x08000b3c                EXTI0_IRQHandler
                0x08000b3c                I2C2_EV_IRQHandler
                0x08000b3c                DMA2_CH1_IRQHandler
                0x08000b3c                FDCAN1_IT1_IRQHandler
                0x08000b3c                DMA2_CH7_IRQHandler
                0x08000b3c                ADC1_2_IRQHandler
                0x08000b3c                SPI1_IRQHandler
                0x08000b3c                OCTOSPI1_IRQHandler
                0x08000b3c                TIM8_UP_IRQHandler
                0x08000b3c                RCC_S_IRQHandler
                0x08000b3c                DMA1_Channel4_IRQHandler
                0x08000b3c                SAI2_IRQHandler
                0x08000b3c                DFSDM1_FLT3_IRQHandler
                0x08000b3c                EXTI15_IRQHandler
                0x08000b3c                TIM17_IRQHandler
                0x08000b3c                USART3_IRQHandler
                0x08000b3c                RTC_IRQHandler
                0x08000b3c                EXTI9_IRQHandler
                0x08000b3c                DMA1_Channel7_IRQHandler
                0x08000b3c                UART5_IRQHandler
                0x08000b3c                TIM4_IRQHandler
                0x08000b3c                I2C1_EV_IRQHandler
                0x08000b3c                DMA2_CH5_IRQHandler
                0x08000b3c                DMAMUX1_OVR_IRQHandler
                0x08000b3c                DMA1_Channel6_IRQHandler
                0x08000b3c                TIM16_IRQHandler
                0x08000b3c                UART4_IRQHandler
                0x08000b3c                TIM3_IRQHandler
                0x08000b3c                RCC_IRQHandler
                0x08000b3c                TIM1_TRG_COM_IRQHandler
                0x08000b3c                DMA1_Channel1_IRQHandler
                0x08000b3c                Default_Handler
                0x08000b3c                DMAMUX1_OVR_S_IRQHandler
                0x08000b3c                DMA1_Channel8_IRQHandler
                0x08000b3c                TIM7_IRQHandler
                0x08000b3c                SDMMC1_IRQHandler
                0x08000b3c                TIM5_IRQHandler
                0x08000b3c                UCPD1_IRQHandler
                0x08000b3c                TIM15_IRQHandler
                0x08000b3c                I2C3_EV_IRQHandler
                0x08000b3c                PVD_PVM_IRQHandler
                0x08000b3c                SPI2_IRQHandler
                0x08000b3c                EXTI14_IRQHandler
                0x08000b3c                EXTI11_IRQHandler
                0x08000b3c                SVC_Handler
                0x08000b3c                CRS_IRQHandler
                0x08000b3c                DMA1_Channel5_IRQHandler
                0x08000b3c                EXTI4_IRQHandler
                0x08000b3c                RTC_S_IRQHandler
                0x08000b3c                RNG_IRQHandler
                0x08000b3c                DMA1_Channel3_IRQHandler
                0x08000b3c                COMP_IRQHandler
                0x08000b3c                TIM1_UP_IRQHandler
                0x08000b3c                WWDG_IRQHandler
                0x08000b3c                I2C4_EV_IRQHandler
                0x08000b3c                LPUART1_IRQHandler
                0x08000b3c                FDCAN1_IT0_IRQHandler
                0x08000b3c                TIM2_IRQHandler
                0x08000b3c                TAMP_S_IRQHandler
                0x08000b3c                EXTI7_IRQHandler
                0x08000b3c                TIM1_BRK_IRQHandler
                0x08000b3c                DAC_IRQHandler
                0x08000b3c                EXTI1_IRQHandler
                0x08000b3c                GTZC_IRQHandler
                0x08000b3c                USART2_IRQHandler
                0x08000b3c                DFSDM1_FLT0_IRQHandler
                0x08000b3c                I2C2_ER_IRQHandler
                0x08000b3c                DMA1_Channel2_IRQHandler
                0x08000b3c                TIM8_BRK_IRQHandler
                0x08000b3c                FLASH_IRQHandler
                0x08000b3c                USART1_IRQHandler
                0x08000b3c                EXTI10_IRQHandler
                0x08000b3c                SPI3_IRQHandler
                0x08000b3c                DMA2_CH6_IRQHandler
                0x08000b3c                DMA2_CH3_IRQHandler
                0x08000b3c                DMA2_CH2_IRQHandler
                0x08000b3c                I2C1_ER_IRQHandler
                0x08000b3c                FMC_IRQHandler
                0x08000b3c                DMA2_CH4_IRQHandler
                0x08000b3c                EXTI6_IRQHandler
                0x08000b3c                LPTIM1_IRQHandler
                0x08000b3c                I2C4_ER_IRQHandler
                0x08000b3c                ICACHE_IRQHandler
                0x08000b3c                SAI1_IRQHandler
                0x08000b3c                HASH_IRQHandler
 *fill*         0x08000b3e        0x2 
 .text.std      0x08000b40       0x6c D:/ST/STM32CubeIDE_1.18.0/STM32CubeIDE/plugins/com.st.stm32cube.ide.mcu.externaltools.gnu-tools-for-stm32.13.3.rel1.win32_1.0.0.202411081344/tools/bin/../lib/gcc/arm-none-eabi/13.3.1/../../../../arm-none-eabi/lib/thumb/v8-m.main/nofp\libc_nano.a(libc_a-findfp.o)
 .text.stdio_exit_handler
                0x08000bac       0x18 D:/ST/STM32CubeIDE_1.18.0/STM32CubeIDE/plugins/com.st.stm32cube.ide.mcu.externaltools.gnu-tools-for-stm32.13.3.rel1.win32_1.0.0.202411081344/tools/bin/../lib/gcc/arm-none-eabi/13.3.1/../../../../arm-none-eabi/lib/thumb/v8-m.main/nofp\libc_nano.a(libc_a-findfp.o)
 .text.cleanup_stdio
                0x08000bc4       0x40 D:/ST/STM32CubeIDE_1.18.0/STM32CubeIDE/plugins/com.st.stm32cube.ide.mcu.externaltools.gnu-tools-for-stm32.13.3.rel1.win32_1.0.0.202411081344/tools/bin/../lib/gcc/arm-none-eabi/13.3.1/../../../../arm-none-eabi/lib/thumb/v8-m.main/nofp\libc_nano.a(libc_a-findfp.o)
 .text.global_stdio_init.part.0
                0x08000c04       0x3c D:/ST/STM32CubeIDE_1.18.0/STM32CubeIDE/plugins/com.st.stm32cube.ide.mcu.externaltools.gnu-tools-for-stm32.13.3.rel1.win32_1.0.0.202411081344/tools/bin/../lib/gcc/arm-none-eabi/13.3.1/../../../../arm-none-eabi/lib/thumb/v8-m.main/nofp\libc_nano.a(libc_a-findfp.o)
 .text.__sfp_lock_acquire
                0x08000c40        0xc D:/ST/STM32CubeIDE_1.18.0/STM32CubeIDE/plugins/com.st.stm32cube.ide.mcu.externaltools.gnu-tools-for-stm32.13.3.rel1.win32_1.0.0.202411081344/tools/bin/../lib/gcc/arm-none-eabi/13.3.1/../../../../arm-none-eabi/lib/thumb/v8-m.main/nofp\libc_nano.a(libc_a-findfp.o)
                0x08000c40                __sfp_lock_acquire
 .text.__sfp_lock_release
                0x08000c4c        0xc D:/ST/STM32CubeIDE_1.18.0/STM32CubeIDE/plugins/com.st.stm32cube.ide.mcu.externaltools.gnu-tools-for-stm32.13.3.rel1.win32_1.0.0.202411081344/tools/bin/../lib/gcc/arm-none-eabi/13.3.1/../../../../arm-none-eabi/lib/thumb/v8-m.main/nofp\libc_nano.a(libc_a-findfp.o)
                0x08000c4c                __sfp_lock_release
 .text.__sinit  0x08000c58       0x30 D:/ST/STM32CubeIDE_1.18.0/STM32CubeIDE/plugins/com.st.stm32cube.ide.mcu.externaltools.gnu-tools-for-stm32.13.3.rel1.win32_1.0.0.202411081344/tools/bin/../lib/gcc/arm-none-eabi/13.3.1/../../../../arm-none-eabi/lib/thumb/v8-m.main/nofp\libc_nano.a(libc_a-findfp.o)
                0x08000c58                __sinit
 .text._fwalk_sglue
                0x08000c88       0x3c D:/ST/STM32CubeIDE_1.18.0/STM32CubeIDE/plugins/com.st.stm32cube.ide.mcu.externaltools.gnu-tools-for-stm32.13.3.rel1.win32_1.0.0.202411081344/tools/bin/../lib/gcc/arm-none-eabi/13.3.1/../../../../arm-none-eabi/lib/thumb/v8-m.main/nofp\libc_nano.a(libc_a-fwalk.o)
                0x08000c88                _fwalk_sglue
 .text.printf   0x08000cc4       0x24 D:/ST/STM32CubeIDE_1.18.0/STM32CubeIDE/plugins/com.st.stm32cube.ide.mcu.externaltools.gnu-tools-for-stm32.13.3.rel1.win32_1.0.0.202411081344/tools/bin/../lib/gcc/arm-none-eabi/13.3.1/../../../../arm-none-eabi/lib/thumb/v8-m.main/nofp\libc_nano.a(libc_a-printf.o)
                0x08000cc4                iprintf
                0x08000cc4                printf
 .text._puts_r  0x08000ce8       0xaa D:/ST/STM32CubeIDE_1.18.0/STM32CubeIDE/plugins/com.st.stm32cube.ide.mcu.externaltools.gnu-tools-for-stm32.13.3.rel1.win32_1.0.0.202411081344/tools/bin/../lib/gcc/arm-none-eabi/13.3.1/../../../../arm-none-eabi/lib/thumb/v8-m.main/nofp\libc_nano.a(libc_a-puts.o)
                0x08000ce8                _puts_r
 *fill*         0x08000d92        0x2 
 .text.puts     0x08000d94       0x10 D:/ST/STM32CubeIDE_1.18.0/STM32CubeIDE/plugins/com.st.stm32cube.ide.mcu.externaltools.gnu-tools-for-stm32.13.3.rel1.win32_1.0.0.202411081344/tools/bin/../lib/gcc/arm-none-eabi/13.3.1/../../../../arm-none-eabi/lib/thumb/v8-m.main/nofp\libc_nano.a(libc_a-puts.o)
                0x08000d94                puts
 .text.__sread  0x08000da4       0x22 D:/ST/STM32CubeIDE_1.18.0/STM32CubeIDE/plugins/com.st.stm32cube.ide.mcu.externaltools.gnu-tools-for-stm32.13.3.rel1.win32_1.0.0.202411081344/tools/bin/../lib/gcc/arm-none-eabi/13.3.1/../../../../arm-none-eabi/lib/thumb/v8-m.main/nofp\libc_nano.a(libc_a-stdio.o)
                0x08000da4                __sread
 .text.__swrite
                0x08000dc6       0x38 D:/ST/STM32CubeIDE_1.18.0/STM32CubeIDE/plugins/com.st.stm32cube.ide.mcu.externaltools.gnu-tools-for-stm32.13.3.rel1.win32_1.0.0.202411081344/tools/bin/../lib/gcc/arm-none-eabi/13.3.1/../../../../arm-none-eabi/lib/thumb/v8-m.main/nofp\libc_nano.a(libc_a-stdio.o)
                0x08000dc6                __swrite
 .text.__sseek  0x08000dfe       0x24 D:/ST/STM32CubeIDE_1.18.0/STM32CubeIDE/plugins/com.st.stm32cube.ide.mcu.externaltools.gnu-tools-for-stm32.13.3.rel1.win32_1.0.0.202411081344/tools/bin/../lib/gcc/arm-none-eabi/13.3.1/../../../../arm-none-eabi/lib/thumb/v8-m.main/nofp\libc_nano.a(libc_a-stdio.o)
                0x08000dfe                __sseek
 .text.__sclose
                0x08000e22        0x8 D:/ST/STM32CubeIDE_1.18.0/STM32CubeIDE/plugins/com.st.stm32cube.ide.mcu.externaltools.gnu-tools-for-stm32.13.3.rel1.win32_1.0.0.202411081344/tools/bin/../lib/gcc/arm-none-eabi/13.3.1/../../../../arm-none-eabi/lib/thumb/v8-m.main/nofp\libc_nano.a(libc_a-stdio.o)
                0x08000e22                __sclose
 .text.__swbuf_r
                0x08000e2a       0x7c D:/ST/STM32CubeIDE_1.18.0/STM32CubeIDE/plugins/com.st.stm32cube.ide.mcu.externaltools.gnu-tools-for-stm32.13.3.rel1.win32_1.0.0.202411081344/tools/bin/../lib/gcc/arm-none-eabi/13.3.1/../../../../arm-none-eabi/lib/thumb/v8-m.main/nofp\libc_nano.a(libc_a-wbuf.o)
                0x08000e2a                __swbuf_r
 *fill*         0x08000ea6        0x2 
 .text.__swsetup_r
                0x08000ea8       0xac D:/ST/STM32CubeIDE_1.18.0/STM32CubeIDE/plugins/com.st.stm32cube.ide.mcu.externaltools.gnu-tools-for-stm32.13.3.rel1.win32_1.0.0.202411081344/tools/bin/../lib/gcc/arm-none-eabi/13.3.1/../../../../arm-none-eabi/lib/thumb/v8-m.main/nofp\libc_nano.a(libc_a-wsetup.o)
                0x08000ea8                __swsetup_r
 .text.memset   0x08000f54       0x10 D:/ST/STM32CubeIDE_1.18.0/STM32CubeIDE/plugins/com.st.stm32cube.ide.mcu.externaltools.gnu-tools-for-stm32.13.3.rel1.win32_1.0.0.202411081344/tools/bin/../lib/gcc/arm-none-eabi/13.3.1/../../../../arm-none-eabi/lib/thumb/v8-m.main/nofp\libc_nano.a(libc_a-memset.o)
                0x08000f54                memset
 .text._close_r
                0x08000f64       0x20 D:/ST/STM32CubeIDE_1.18.0/STM32CubeIDE/plugins/com.st.stm32cube.ide.mcu.externaltools.gnu-tools-for-stm32.13.3.rel1.win32_1.0.0.202411081344/tools/bin/../lib/gcc/arm-none-eabi/13.3.1/../../../../arm-none-eabi/lib/thumb/v8-m.main/nofp\libc_nano.a(libc_a-closer.o)
                0x08000f64                _close_r
 .text._lseek_r
                0x08000f84       0x24 D:/ST/STM32CubeIDE_1.18.0/STM32CubeIDE/plugins/com.st.stm32cube.ide.mcu.externaltools.gnu-tools-for-stm32.13.3.rel1.win32_1.0.0.202411081344/tools/bin/../lib/gcc/arm-none-eabi/13.3.1/../../../../arm-none-eabi/lib/thumb/v8-m.main/nofp\libc_nano.a(libc_a-lseekr.o)
                0x08000f84                _lseek_r
 .text._read_r  0x08000fa8       0x24 D:/ST/STM32CubeIDE_1.18.0/STM32CubeIDE/plugins/com.st.stm32cube.ide.mcu.externaltools.gnu-tools-for-stm32.13.3.rel1.win32_1.0.0.202411081344/tools/bin/../lib/gcc/arm-none-eabi/13.3.1/../../../../arm-none-eabi/lib/thumb/v8-m.main/nofp\libc_nano.a(libc_a-readr.o)
                0x08000fa8                _read_r
 .text._write_r
                0x08000fcc       0x24 D:/ST/STM32CubeIDE_1.18.0/STM32CubeIDE/plugins/com.st.stm32cube.ide.mcu.externaltools.gnu-tools-for-stm32.13.3.rel1.win32_1.0.0.202411081344/tools/bin/../lib/gcc/arm-none-eabi/13.3.1/../../../../arm-none-eabi/lib/thumb/v8-m.main/nofp\libc_nano.a(libc_a-writer.o)
                0x08000fcc                _write_r
 .text.__errno  0x08000ff0        0xc D:/ST/STM32CubeIDE_1.18.0/STM32CubeIDE/plugins/com.st.stm32cube.ide.mcu.externaltools.gnu-tools-for-stm32.13.3.rel1.win32_1.0.0.202411081344/tools/bin/../lib/gcc/arm-none-eabi/13.3.1/../../../../arm-none-eabi/lib/thumb/v8-m.main/nofp\libc_nano.a(libc_a-errno.o)
                0x08000ff0                __errno
 .text.__libc_init_array
                0x08000ffc       0x48 D:/ST/STM32CubeIDE_1.18.0/STM32CubeIDE/plugins/com.st.stm32cube.ide.mcu.externaltools.gnu-tools-for-stm32.13.3.rel1.win32_1.0.0.202411081344/tools/bin/../lib/gcc/arm-none-eabi/13.3.1/../../../../arm-none-eabi/lib/thumb/v8-m.main/nofp\libc_nano.a(libc_a-init.o)
                0x08000ffc                __libc_init_array
 .text.__retarget_lock_init_recursive
                0x08001044        0x2 D:/ST/STM32CubeIDE_1.18.0/STM32CubeIDE/plugins/com.st.stm32cube.ide.mcu.externaltools.gnu-tools-for-stm32.13.3.rel1.win32_1.0.0.202411081344/tools/bin/../lib/gcc/arm-none-eabi/13.3.1/../../../../arm-none-eabi/lib/thumb/v8-m.main/nofp\libc_nano.a(libc_a-lock.o)
                0x08001044                __retarget_lock_init_recursive
 .text.__retarget_lock_acquire_recursive
                0x08001046        0x2 D:/ST/STM32CubeIDE_1.18.0/STM32CubeIDE/plugins/com.st.stm32cube.ide.mcu.externaltools.gnu-tools-for-stm32.13.3.rel1.win32_1.0.0.202411081344/tools/bin/../lib/gcc/arm-none-eabi/13.3.1/../../../../arm-none-eabi/lib/thumb/v8-m.main/nofp\libc_nano.a(libc_a-lock.o)
                0x08001046                __retarget_lock_acquire_recursive
 .text.__retarget_lock_release_recursive
                0x08001048        0x2 D:/ST/STM32CubeIDE_1.18.0/STM32CubeIDE/plugins/com.st.stm32cube.ide.mcu.externaltools.gnu-tools-for-stm32.13.3.rel1.win32_1.0.0.202411081344/tools/bin/../lib/gcc/arm-none-eabi/13.3.1/../../../../arm-none-eabi/lib/thumb/v8-m.main/nofp\libc_nano.a(libc_a-lock.o)
                0x08001048                __retarget_lock_release_recursive
 *fill*         0x0800104a        0x2 
 .text._free_r  0x0800104c       0x94 D:/ST/STM32CubeIDE_1.18.0/STM32CubeIDE/plugins/com.st.stm32cube.ide.mcu.externaltools.gnu-tools-for-stm32.13.3.rel1.win32_1.0.0.202411081344/tools/bin/../lib/gcc/arm-none-eabi/13.3.1/../../../../arm-none-eabi/lib/thumb/v8-m.main/nofp\libc_nano.a(libc_a-freer.o)
                0x0800104c                _free_r
 .text.sbrk_aligned
                0x080010e0       0x44 D:/ST/STM32CubeIDE_1.18.0/STM32CubeIDE/plugins/com.st.stm32cube.ide.mcu.externaltools.gnu-tools-for-stm32.13.3.rel1.win32_1.0.0.202411081344/tools/bin/../lib/gcc/arm-none-eabi/13.3.1/../../../../arm-none-eabi/lib/thumb/v8-m.main/nofp\libc_nano.a(libc_a-mallocr.o)
 .text._malloc_r
                0x08001124      0x100 D:/ST/STM32CubeIDE_1.18.0/STM32CubeIDE/plugins/com.st.stm32cube.ide.mcu.externaltools.gnu-tools-for-stm32.13.3.rel1.win32_1.0.0.202411081344/tools/bin/../lib/gcc/arm-none-eabi/13.3.1/../../../../arm-none-eabi/lib/thumb/v8-m.main/nofp\libc_nano.a(libc_a-mallocr.o)
                0x08001124                _malloc_r
 .text.__malloc_lock
                0x08001224        0xc D:/ST/STM32CubeIDE_1.18.0/STM32CubeIDE/plugins/com.st.stm32cube.ide.mcu.externaltools.gnu-tools-for-stm32.13.3.rel1.win32_1.0.0.202411081344/tools/bin/../lib/gcc/arm-none-eabi/13.3.1/../../../../arm-none-eabi/lib/thumb/v8-m.main/nofp\libc_nano.a(libc_a-mlock.o)
                0x08001224                __malloc_lock
 .text.__malloc_unlock
                0x08001230        0xc D:/ST/STM32CubeIDE_1.18.0/STM32CubeIDE/plugins/com.st.stm32cube.ide.mcu.externaltools.gnu-tools-for-stm32.13.3.rel1.win32_1.0.0.202411081344/tools/bin/../lib/gcc/arm-none-eabi/13.3.1/../../../../arm-none-eabi/lib/thumb/v8-m.main/nofp\libc_nano.a(libc_a-mlock.o)
                0x08001230                __malloc_unlock
 .text.__sfputc_r
                0x0800123c       0x2a D:/ST/STM32CubeIDE_1.18.0/STM32CubeIDE/plugins/com.st.stm32cube.ide.mcu.externaltools.gnu-tools-for-stm32.13.3.rel1.win32_1.0.0.202411081344/tools/bin/../lib/gcc/arm-none-eabi/13.3.1/../../../../arm-none-eabi/lib/thumb/v8-m.main/nofp\libc_nano.a(libc_a-nano-vfprintf.o)
 .text.__sfputs_r
                0x08001266       0x24 D:/ST/STM32CubeIDE_1.18.0/STM32CubeIDE/plugins/com.st.stm32cube.ide.mcu.externaltools.gnu-tools-for-stm32.13.3.rel1.win32_1.0.0.202411081344/tools/bin/../lib/gcc/arm-none-eabi/13.3.1/../../../../arm-none-eabi/lib/thumb/v8-m.main/nofp\libc_nano.a(libc_a-nano-vfprintf.o)
                0x08001266                __sfputs_r
 *fill*         0x0800128a        0x2 
 .text._vfprintf_r
                0x0800128c      0x230 D:/ST/STM32CubeIDE_1.18.0/STM32CubeIDE/plugins/com.st.stm32cube.ide.mcu.externaltools.gnu-tools-for-stm32.13.3.rel1.win32_1.0.0.202411081344/tools/bin/../lib/gcc/arm-none-eabi/13.3.1/../../../../arm-none-eabi/lib/thumb/v8-m.main/nofp\libc_nano.a(libc_a-nano-vfprintf.o)
                0x0800128c                _vfprintf_r
                0x0800128c                _vfiprintf_r
 .text._printf_common
                0x080014bc       0xe4 D:/ST/STM32CubeIDE_1.18.0/STM32CubeIDE/plugins/com.st.stm32cube.ide.mcu.externaltools.gnu-tools-for-stm32.13.3.rel1.win32_1.0.0.202411081344/tools/bin/../lib/gcc/arm-none-eabi/13.3.1/../../../../arm-none-eabi/lib/thumb/v8-m.main/nofp\libc_nano.a(libc_a-nano-vfprintf_i.o)
                0x080014bc                _printf_common
 .text._printf_i
                0x080015a0      0x23c D:/ST/STM32CubeIDE_1.18.0/STM32CubeIDE/plugins/com.st.stm32cube.ide.mcu.externaltools.gnu-tools-for-stm32.13.3.rel1.win32_1.0.0.202411081344/tools/bin/../lib/gcc/arm-none-eabi/13.3.1/../../../../arm-none-eabi/lib/thumb/v8-m.main/nofp\libc_nano.a(libc_a-nano-vfprintf_i.o)
                0x080015a0                _printf_i
 .text.__sflush_r
                0x080017dc      0x100 D:/ST/STM32CubeIDE_1.18.0/STM32CubeIDE/plugins/com.st.stm32cube.ide.mcu.externaltools.gnu-tools-for-stm32.13.3.rel1.win32_1.0.0.202411081344/tools/bin/../lib/gcc/arm-none-eabi/13.3.1/../../../../arm-none-eabi/lib/thumb/v8-m.main/nofp\libc_nano.a(libc_a-fflush.o)
                0x080017dc                __sflush_r
 .text._fflush_r
                0x080018dc       0x50 D:/ST/STM32CubeIDE_1.18.0/STM32CubeIDE/plugins/com.st.stm32cube.ide.mcu.externaltools.gnu-tools-for-stm32.13.3.rel1.win32_1.0.0.202411081344/tools/bin/../lib/gcc/arm-none-eabi/13.3.1/../../../../arm-none-eabi/lib/thumb/v8-m.main/nofp\libc_nano.a(libc_a-fflush.o)
                0x080018dc                _fflush_r
 .text.__swhatbuf_r
                0x0800192c       0x4a D:/ST/STM32CubeIDE_1.18.0/STM32CubeIDE/plugins/com.st.stm32cube.ide.mcu.externaltools.gnu-tools-for-stm32.13.3.rel1.win32_1.0.0.202411081344/tools/bin/../lib/gcc/arm-none-eabi/13.3.1/../../../../arm-none-eabi/lib/thumb/v8-m.main/nofp\libc_nano.a(libc_a-makebuf.o)
                0x0800192c                __swhatbuf_r
 .text.__smakebuf_r
                0x08001976       0x78 D:/ST/STM32CubeIDE_1.18.0/STM32CubeIDE/plugins/com.st.stm32cube.ide.mcu.externaltools.gnu-tools-for-stm32.13.3.rel1.win32_1.0.0.202411081344/tools/bin/../lib/gcc/arm-none-eabi/13.3.1/../../../../arm-none-eabi/lib/thumb/v8-m.main/nofp\libc_nano.a(libc_a-makebuf.o)
                0x08001976                __smakebuf_r
 *fill*         0x080019ee        0x2 
 .text._fstat_r
                0x080019f0       0x24 D:/ST/STM32CubeIDE_1.18.0/STM32CubeIDE/plugins/com.st.stm32cube.ide.mcu.externaltools.gnu-tools-for-stm32.13.3.rel1.win32_1.0.0.202411081344/tools/bin/../lib/gcc/arm-none-eabi/13.3.1/../../../../arm-none-eabi/lib/thumb/v8-m.main/nofp\libc_nano.a(libc_a-fstatr.o)
                0x080019f0                _fstat_r
 .text._isatty_r
                0x08001a14       0x20 D:/ST/STM32CubeIDE_1.18.0/STM32CubeIDE/plugins/com.st.stm32cube.ide.mcu.externaltools.gnu-tools-for-stm32.13.3.rel1.win32_1.0.0.202411081344/tools/bin/../lib/gcc/arm-none-eabi/13.3.1/../../../../arm-none-eabi/lib/thumb/v8-m.main/nofp\libc_nano.a(libc_a-isattyr.o)
                0x08001a14                _isatty_r
 .text._sbrk_r  0x08001a34       0x20 D:/ST/STM32CubeIDE_1.18.0/STM32CubeIDE/plugins/com.st.stm32cube.ide.mcu.externaltools.gnu-tools-for-stm32.13.3.rel1.win32_1.0.0.202411081344/tools/bin/../lib/gcc/arm-none-eabi/13.3.1/../../../../arm-none-eabi/lib/thumb/v8-m.main/nofp\libc_nano.a(libc_a-sbrkr.o)
                0x08001a34                _sbrk_r
 .text.memchr   0x08001a54       0x1c D:/ST/STM32CubeIDE_1.18.0/STM32CubeIDE/plugins/com.st.stm32cube.ide.mcu.externaltools.gnu-tools-for-stm32.13.3.rel1.win32_1.0.0.202411081344/tools/bin/../lib/gcc/arm-none-eabi/13.3.1/../../../../arm-none-eabi/lib/thumb/v8-m.main/nofp\libc_nano.a(libc_a-memchr-stub.o)
                0x08001a54                memchr
 *(.glue_7)
 .glue_7        0x08001a70        0x0 linker stubs
 *(.glue_7t)
 .glue_7t       0x08001a70        0x0 linker stubs
 *(.eh_frame)
 .eh_frame      0x08001a70        0x0 D:/ST/STM32CubeIDE_1.18.0/STM32CubeIDE/plugins/com.st.stm32cube.ide.mcu.externaltools.gnu-tools-for-stm32.13.3.rel1.win32_1.0.0.202411081344/tools/bin/../lib/gcc/arm-none-eabi/13.3.1/thumb/v8-m.main/nofp/crtbegin.o
 *(.init)
 .init          0x08001a70        0x4 D:/ST/STM32CubeIDE_1.18.0/STM32CubeIDE/plugins/com.st.stm32cube.ide.mcu.externaltools.gnu-tools-for-stm32.13.3.rel1.win32_1.0.0.202411081344/tools/bin/../lib/gcc/arm-none-eabi/13.3.1/thumb/v8-m.main/nofp/crti.o
                0x08001a70                _init
 .init          0x08001a74        0x8 D:/ST/STM32CubeIDE_1.18.0/STM32CubeIDE/plugins/com.st.stm32cube.ide.mcu.externaltools.gnu-tools-for-stm32.13.3.rel1.win32_1.0.0.202411081344/tools/bin/../lib/gcc/arm-none-eabi/13.3.1/thumb/v8-m.main/nofp/crtn.o
 *(.fini)
 .fini          0x08001a7c        0x4 D:/ST/STM32CubeIDE_1.18.0/STM32CubeIDE/plugins/com.st.stm32cube.ide.mcu.externaltools.gnu-tools-for-stm32.13.3.rel1.win32_1.0.0.202411081344/tools/bin/../lib/gcc/arm-none-eabi/13.3.1/thumb/v8-m.main/nofp/crti.o
                0x08001a7c                _fini
 .fini          0x08001a80        0x8 D:/ST/STM32CubeIDE_1.18.0/STM32CubeIDE/plugins/com.st.stm32cube.ide.mcu.externaltools.gnu-tools-for-stm32.13.3.rel1.win32_1.0.0.202411081344/tools/bin/../lib/gcc/arm-none-eabi/13.3.1/thumb/v8-m.main/nofp/crtn.o
                0x08001a88                        . = ALIGN (0x4)
                0x08001a88                        _etext = .

.vfp11_veneer   0x08001a88        0x0
 .vfp11_veneer  0x08001a88        0x0 linker stubs

.v4_bx          0x08001a88        0x0
 .v4_bx         0x08001a88        0x0 linker stubs

.iplt           0x08001a88        0x0
 .iplt          0x08001a88        0x0 D:/ST/STM32CubeIDE_1.18.0/STM32CubeIDE/plugins/com.st.stm32cube.ide.mcu.externaltools.gnu-tools-for-stm32.13.3.rel1.win32_1.0.0.202411081344/tools/bin/../lib/gcc/arm-none-eabi/13.3.1/thumb/v8-m.main/nofp/crtbegin.o

.rodata         0x08001a88      0x8d0
                0x08001a88                        . = ALIGN (0x4)
 *(.rodata)
 .rodata        0x08001a88      0x89d ./Src/main.o
 *(.rodata*)
 .rodata._vfprintf_r.str1.1
                0x08002325       0x33 D:/ST/STM32CubeIDE_1.18.0/STM32CubeIDE/plugins/com.st.stm32cube.ide.mcu.externaltools.gnu-tools-for-stm32.13.3.rel1.win32_1.0.0.202411081344/tools/bin/../lib/gcc/arm-none-eabi/13.3.1/../../../../arm-none-eabi/lib/thumb/v8-m.main/nofp\libc_nano.a(libc_a-nano-vfprintf.o)
                                 0x11 (size before relaxing)
 .rodata._printf_i.str1.1
                0x08002358       0x22 D:/ST/STM32CubeIDE_1.18.0/STM32CubeIDE/plugins/com.st.stm32cube.ide.mcu.externaltools.gnu-tools-for-stm32.13.3.rel1.win32_1.0.0.202411081344/tools/bin/../lib/gcc/arm-none-eabi/13.3.1/../../../../arm-none-eabi/lib/thumb/v8-m.main/nofp\libc_nano.a(libc_a-nano-vfprintf_i.o)
                0x0800237c                        . = ALIGN (0x4)

.ARM.extab      0x08002358        0x0
                0x08002358                        . = ALIGN (0x4)
 *(.ARM.extab* .gnu.linkonce.armextab.*)
                0x08002358                        . = ALIGN (0x4)

.ARM            0x08002358        0x0
                0x08002358                        . = ALIGN (0x4)
                0x08002358                        __exidx_start = .
 *(.ARM.exidx*)
                0x08002358                        __exidx_end = .
                0x08002358                        . = ALIGN (0x4)

.preinit_array  0x08002358        0x0
                0x08002358                        . = ALIGN (0x4)
                0x08002358                        PROVIDE (__preinit_array_start = .)
 *(.preinit_array*)
                0x08002358                        PROVIDE (__preinit_array_end = .)
                0x08002358                        . = ALIGN (0x4)

.init_array     0x08002358        0x4
                0x08002358                        . = ALIGN (0x4)
                0x08002358                        PROVIDE (__init_array_start = .)
 *(SORT_BY_NAME(.init_array.*))
 *(.init_array*)
 .init_array    0x08002358        0x4 D:/ST/STM32CubeIDE_1.18.0/STM32CubeIDE/plugins/com.st.stm32cube.ide.mcu.externaltools.gnu-tools-for-stm32.13.3.rel1.win32_1.0.0.202411081344/tools/bin/../lib/gcc/arm-none-eabi/13.3.1/thumb/v8-m.main/nofp/crtbegin.o
                0x0800235c                        PROVIDE (__init_array_end = .)
                0x0800235c                        . = ALIGN (0x4)

.fini_array     0x0800235c        0x4
                0x0800235c                        . = ALIGN (0x4)
                [!provide]                        PROVIDE (__fini_array_start = .)
 *(SORT_BY_NAME(.fini_array.*))
 *(.fini_array*)
 .fini_array    0x0800235c        0x4 D:/ST/STM32CubeIDE_1.18.0/STM32CubeIDE/plugins/com.st.stm32cube.ide.mcu.externaltools.gnu-tools-for-stm32.13.3.rel1.win32_1.0.0.202411081344/tools/bin/../lib/gcc/arm-none-eabi/13.3.1/thumb/v8-m.main/nofp/crtbegin.o
                [!provide]                        PROVIDE (__fini_array_end = .)
                0x08002360                        . = ALIGN (0x4)
                0x08002360                        _sidata = LOADADDR (.data)

.rel.dyn        0x08002360        0x0
 .rel.iplt      0x08002360        0x0 D:/ST/STM32CubeIDE_1.18.0/STM32CubeIDE/plugins/com.st.stm32cube.ide.mcu.externaltools.gnu-tools-for-stm32.13.3.rel1.win32_1.0.0.202411081344/tools/bin/../lib/gcc/arm-none-eabi/13.3.1/thumb/v8-m.main/nofp/crtbegin.o

.data           0x20000000       0x5c load address 0x08002360
                0x20000000                        . = ALIGN (0x4)
                0x20000000                        _sdata = .
 *(.data)
 *(.data*)
 .data.__sglue  0x20000000        0xc D:/ST/STM32CubeIDE_1.18.0/STM32CubeIDE/plugins/com.st.stm32cube.ide.mcu.externaltools.gnu-tools-for-stm32.13.3.rel1.win32_1.0.0.202411081344/tools/bin/../lib/gcc/arm-none-eabi/13.3.1/../../../../arm-none-eabi/lib/thumb/v8-m.main/nofp\libc_nano.a(libc_a-findfp.o)
                0x20000000                __sglue
 .data._impure_ptr
                0x2000000c        0x4 D:/ST/STM32CubeIDE_1.18.0/STM32CubeIDE/plugins/com.st.stm32cube.ide.mcu.externaltools.gnu-tools-for-stm32.13.3.rel1.win32_1.0.0.202411081344/tools/bin/../lib/gcc/arm-none-eabi/13.3.1/../../../../arm-none-eabi/lib/thumb/v8-m.main/nofp\libc_nano.a(libc_a-impure.o)
                0x2000000c                _impure_ptr
 .data._impure_data
                0x20000010       0x4c D:/ST/STM32CubeIDE_1.18.0/STM32CubeIDE/plugins/com.st.stm32cube.ide.mcu.externaltools.gnu-tools-for-stm32.13.3.rel1.win32_1.0.0.202411081344/tools/bin/../lib/gcc/arm-none-eabi/13.3.1/../../../../arm-none-eabi/lib/thumb/v8-m.main/nofp\libc_nano.a(libc_a-impure.o)
                0x20000010                _impure_data
 *(.RamFunc)
 *(.RamFunc*)
                0x2000005c                        . = ALIGN (0x4)
                0x2000005c                        _edata = .

.igot.plt       0x2000005c        0x0 load address 0x080023bc
 .igot.plt      0x2000005c        0x0 D:/ST/STM32CubeIDE_1.18.0/STM32CubeIDE/plugins/com.st.stm32cube.ide.mcu.externaltools.gnu-tools-for-stm32.13.3.rel1.win32_1.0.0.202411081344/tools/bin/../lib/gcc/arm-none-eabi/13.3.1/thumb/v8-m.main/nofp/crtbegin.o
                0x2000005c                        . = ALIGN (0x4)

.bss            0x2000005c      0x1ac load address 0x080023bc
                0x2000005c                        _sbss = .
                0x2000005c                        __bss_start__ = _sbss
 *(.bss)
 .bss           0x2000005c       0x1c D:/ST/STM32CubeIDE_1.18.0/STM32CubeIDE/plugins/com.st.stm32cube.ide.mcu.externaltools.gnu-tools-for-stm32.13.3.rel1.win32_1.0.0.202411081344/tools/bin/../lib/gcc/arm-none-eabi/13.3.1/thumb/v8-m.main/nofp/crtbegin.o
 *(.bss*)
 .bss.g_fault_info
                0x20000078       0x40 ./Src/main.o
                0x20000078                g_fault_info
 .bss.__sbrk_heap_end
                0x200000b8        0x4 ./Src/sysmem.o
 .bss.__sf      0x200000bc      0x138 D:/ST/STM32CubeIDE_1.18.0/STM32CubeIDE/plugins/com.st.stm32cube.ide.mcu.externaltools.gnu-tools-for-stm32.13.3.rel1.win32_1.0.0.202411081344/tools/bin/../lib/gcc/arm-none-eabi/13.3.1/../../../../arm-none-eabi/lib/thumb/v8-m.main/nofp\libc_nano.a(libc_a-findfp.o)
                0x200000bc                __sf
 .bss.__stdio_exit_handler
                0x200001f4        0x4 D:/ST/STM32CubeIDE_1.18.0/STM32CubeIDE/plugins/com.st.stm32cube.ide.mcu.externaltools.gnu-tools-for-stm32.13.3.rel1.win32_1.0.0.202411081344/tools/bin/../lib/gcc/arm-none-eabi/13.3.1/../../../../arm-none-eabi/lib/thumb/v8-m.main/nofp\libc_nano.a(libc_a-findfp.o)
                0x200001f4                __stdio_exit_handler
 .bss.errno     0x200001f8        0x4 D:/ST/STM32CubeIDE_1.18.0/STM32CubeIDE/plugins/com.st.stm32cube.ide.mcu.externaltools.gnu-tools-for-stm32.13.3.rel1.win32_1.0.0.202411081344/tools/bin/../lib/gcc/arm-none-eabi/13.3.1/../../../../arm-none-eabi/lib/thumb/v8-m.main/nofp\libc_nano.a(libc_a-reent.o)
                0x200001f8                errno
 .bss.__lock___malloc_recursive_mutex
                0x200001fc        0x1 D:/ST/STM32CubeIDE_1.18.0/STM32CubeIDE/plugins/com.st.stm32cube.ide.mcu.externaltools.gnu-tools-for-stm32.13.3.rel1.win32_1.0.0.202411081344/tools/bin/../lib/gcc/arm-none-eabi/13.3.1/../../../../arm-none-eabi/lib/thumb/v8-m.main/nofp\libc_nano.a(libc_a-lock.o)
                0x200001fc                __lock___malloc_recursive_mutex
 .bss.__lock___sfp_recursive_mutex
                0x200001fd        0x1 D:/ST/STM32CubeIDE_1.18.0/STM32CubeIDE/plugins/com.st.stm32cube.ide.mcu.externaltools.gnu-tools-for-stm32.13.3.rel1.win32_1.0.0.202411081344/tools/bin/../lib/gcc/arm-none-eabi/13.3.1/../../../../arm-none-eabi/lib/thumb/v8-m.main/nofp\libc_nano.a(libc_a-lock.o)
                0x200001fd                __lock___sfp_recursive_mutex
 *fill*         0x200001fe        0x2 
 .bss.__malloc_sbrk_start
                0x20000200        0x4 D:/ST/STM32CubeIDE_1.18.0/STM32CubeIDE/plugins/com.st.stm32cube.ide.mcu.externaltools.gnu-tools-for-stm32.13.3.rel1.win32_1.0.0.202411081344/tools/bin/../lib/gcc/arm-none-eabi/13.3.1/../../../../arm-none-eabi/lib/thumb/v8-m.main/nofp\libc_nano.a(libc_a-mallocr.o)
                0x20000200                __malloc_sbrk_start
 .bss.__malloc_free_list
                0x20000204        0x4 D:/ST/STM32CubeIDE_1.18.0/STM32CubeIDE/plugins/com.st.stm32cube.ide.mcu.externaltools.gnu-tools-for-stm32.13.3.rel1.win32_1.0.0.202411081344/tools/bin/../lib/gcc/arm-none-eabi/13.3.1/../../../../arm-none-eabi/lib/thumb/v8-m.main/nofp\libc_nano.a(libc_a-mallocr.o)
                0x20000204                __malloc_free_list
 *(COMMON)
                0x20000208                        . = ALIGN (0x4)
                0x20000208                        _ebss = .
                0x20000208                        __bss_end__ = _ebss

._user_heap_stack
                0x20000208      0x600 load address 0x080023bc
                0x20000208                        . = ALIGN (0x8)
                [!provide]                        PROVIDE (end = .)
                0x20000208                        PROVIDE (_end = .)
                0x20000408                        . = (. + _Min_Heap_Size)
 *fill*         0x20000208      0x200 
                0x20000808                        . = (. + _Min_Stack_Size)
 *fill*         0x20000408      0x400 
                0x20000808                        . = ALIGN (0x8)

/DISCARD/
 libc.a(*)
 libm.a(*)
 libgcc.a(*)

.ARM.attributes
                0x00000000       0x30
 *(.ARM.attributes)
 .ARM.attributes
                0x00000000       0x22 D:/ST/STM32CubeIDE_1.18.0/STM32CubeIDE/plugins/com.st.stm32cube.ide.mcu.externaltools.gnu-tools-for-stm32.13.3.rel1.win32_1.0.0.202411081344/tools/bin/../lib/gcc/arm-none-eabi/13.3.1/thumb/v8-m.main/nofp/crti.o
 .ARM.attributes
                0x00000022       0x32 D:/ST/STM32CubeIDE_1.18.0/STM32CubeIDE/plugins/com.st.stm32cube.ide.mcu.externaltools.gnu-tools-for-stm32.13.3.rel1.win32_1.0.0.202411081344/tools/bin/../lib/gcc/arm-none-eabi/13.3.1/thumb/v8-m.main/nofp/crtbegin.o
 .ARM.attributes
                0x00000054       0x34 ./Src/itm_debug.o
 .ARM.attributes
                0x00000088       0x34 ./Src/main.o
 .ARM.attributes
                0x000000bc       0x34 ./Src/syscalls.o
 .ARM.attributes
                0x000000f0       0x34 ./Src/sysmem.o
 .ARM.attributes
                0x00000124       0x24 ./Startup/startup_stm32l552zetxq.o
 .ARM.attributes
                0x00000148       0x32 D:/ST/STM32CubeIDE_1.18.0/STM32CubeIDE/plugins/com.st.stm32cube.ide.mcu.externaltools.gnu-tools-for-stm32.13.3.rel1.win32_1.0.0.202411081344/tools/bin/../lib/gcc/arm-none-eabi/13.3.1/../../../../arm-none-eabi/lib/thumb/v8-m.main/nofp\libc_nano.a(libc_a-findfp.o)
 .ARM.attributes
                0x0000017a       0x32 D:/ST/STM32CubeIDE_1.18.0/STM32CubeIDE/plugins/com.st.stm32cube.ide.mcu.externaltools.gnu-tools-for-stm32.13.3.rel1.win32_1.0.0.202411081344/tools/bin/../lib/gcc/arm-none-eabi/13.3.1/../../../../arm-none-eabi/lib/thumb/v8-m.main/nofp\libc_nano.a(libc_a-fwalk.o)
 .ARM.attributes
                0x000001ac       0x32 D:/ST/STM32CubeIDE_1.18.0/STM32CubeIDE/plugins/com.st.stm32cube.ide.mcu.externaltools.gnu-tools-for-stm32.13.3.rel1.win32_1.0.0.202411081344/tools/bin/../lib/gcc/arm-none-eabi/13.3.1/../../../../arm-none-eabi/lib/thumb/v8-m.main/nofp\libc_nano.a(libc_a-printf.o)
 .ARM.attributes
                0x000001de       0x32 D:/ST/STM32CubeIDE_1.18.0/STM32CubeIDE/plugins/com.st.stm32cube.ide.mcu.externaltools.gnu-tools-for-stm32.13.3.rel1.win32_1.0.0.202411081344/tools/bin/../lib/gcc/arm-none-eabi/13.3.1/../../../../arm-none-eabi/lib/thumb/v8-m.main/nofp\libc_nano.a(libc_a-puts.o)
 .ARM.attributes
                0x00000210       0x32 D:/ST/STM32CubeIDE_1.18.0/STM32CubeIDE/plugins/com.st.stm32cube.ide.mcu.externaltools.gnu-tools-for-stm32.13.3.rel1.win32_1.0.0.202411081344/tools/bin/../lib/gcc/arm-none-eabi/13.3.1/../../../../arm-none-eabi/lib/thumb/v8-m.main/nofp\libc_nano.a(libc_a-stdio.o)
 .ARM.attributes
                0x00000242       0x32 D:/ST/STM32CubeIDE_1.18.0/STM32CubeIDE/plugins/com.st.stm32cube.ide.mcu.externaltools.gnu-tools-for-stm32.13.3.rel1.win32_1.0.0.202411081344/tools/bin/../lib/gcc/arm-none-eabi/13.3.1/../../../../arm-none-eabi/lib/thumb/v8-m.main/nofp\libc_nano.a(libc_a-wbuf.o)
 .ARM.attributes
                0x00000274       0x32 D:/ST/STM32CubeIDE_1.18.0/STM32CubeIDE/plugins/com.st.stm32cube.ide.mcu.externaltools.gnu-tools-for-stm32.13.3.rel1.win32_1.0.0.202411081344/tools/bin/../lib/gcc/arm-none-eabi/13.3.1/../../../../arm-none-eabi/lib/thumb/v8-m.main/nofp\libc_nano.a(libc_a-wsetup.o)
 .ARM.attributes
                0x000002a6       0x32 D:/ST/STM32CubeIDE_1.18.0/STM32CubeIDE/plugins/com.st.stm32cube.ide.mcu.externaltools.gnu-tools-for-stm32.13.3.rel1.win32_1.0.0.202411081344/tools/bin/../lib/gcc/arm-none-eabi/13.3.1/../../../../arm-none-eabi/lib/thumb/v8-m.main/nofp\libc_nano.a(libc_a-memset.o)
 .ARM.attributes
                0x000002d8       0x32 D:/ST/STM32CubeIDE_1.18.0/STM32CubeIDE/plugins/com.st.stm32cube.ide.mcu.externaltools.gnu-tools-for-stm32.13.3.rel1.win32_1.0.0.202411081344/tools/bin/../lib/gcc/arm-none-eabi/13.3.1/../../../../arm-none-eabi/lib/thumb/v8-m.main/nofp\libc_nano.a(libc_a-closer.o)
 .ARM.attributes
                0x0000030a       0x32 D:/ST/STM32CubeIDE_1.18.0/STM32CubeIDE/plugins/com.st.stm32cube.ide.mcu.externaltools.gnu-tools-for-stm32.13.3.rel1.win32_1.0.0.202411081344/tools/bin/../lib/gcc/arm-none-eabi/13.3.1/../../../../arm-none-eabi/lib/thumb/v8-m.main/nofp\libc_nano.a(libc_a-reent.o)
 .ARM.attributes
                0x0000033c       0x32 D:/ST/STM32CubeIDE_1.18.0/STM32CubeIDE/plugins/com.st.stm32cube.ide.mcu.externaltools.gnu-tools-for-stm32.13.3.rel1.win32_1.0.0.202411081344/tools/bin/../lib/gcc/arm-none-eabi/13.3.1/../../../../arm-none-eabi/lib/thumb/v8-m.main/nofp\libc_nano.a(libc_a-impure.o)
 .ARM.attributes
                0x0000036e       0x32 D:/ST/STM32CubeIDE_1.18.0/STM32CubeIDE/plugins/com.st.stm32cube.ide.mcu.externaltools.gnu-tools-for-stm32.13.3.rel1.win32_1.0.0.202411081344/tools/bin/../lib/gcc/arm-none-eabi/13.3.1/../../../../arm-none-eabi/lib/thumb/v8-m.main/nofp\libc_nano.a(libc_a-lseekr.o)
 .ARM.attributes
                0x000003a0       0x32 D:/ST/STM32CubeIDE_1.18.0/STM32CubeIDE/plugins/com.st.stm32cube.ide.mcu.externaltools.gnu-tools-for-stm32.13.3.rel1.win32_1.0.0.202411081344/tools/bin/../lib/gcc/arm-none-eabi/13.3.1/../../../../arm-none-eabi/lib/thumb/v8-m.main/nofp\libc_nano.a(libc_a-readr.o)
 .ARM.attributes
                0x000003d2       0x32 D:/ST/STM32CubeIDE_1.18.0/STM32CubeIDE/plugins/com.st.stm32cube.ide.mcu.externaltools.gnu-tools-for-stm32.13.3.rel1.win32_1.0.0.202411081344/tools/bin/../lib/gcc/arm-none-eabi/13.3.1/../../../../arm-none-eabi/lib/thumb/v8-m.main/nofp\libc_nano.a(libc_a-writer.o)
 .ARM.attributes
                0x00000404       0x32 D:/ST/STM32CubeIDE_1.18.0/STM32CubeIDE/plugins/com.st.stm32cube.ide.mcu.externaltools.gnu-tools-for-stm32.13.3.rel1.win32_1.0.0.202411081344/tools/bin/../lib/gcc/arm-none-eabi/13.3.1/../../../../arm-none-eabi/lib/thumb/v8-m.main/nofp\libc_nano.a(libc_a-errno.o)
 .ARM.attributes
                0x00000436       0x32 D:/ST/STM32CubeIDE_1.18.0/STM32CubeIDE/plugins/com.st.stm32cube.ide.mcu.externaltools.gnu-tools-for-stm32.13.3.rel1.win32_1.0.0.202411081344/tools/bin/../lib/gcc/arm-none-eabi/13.3.1/../../../../arm-none-eabi/lib/thumb/v8-m.main/nofp\libc_nano.a(libc_a-init.o)
 .ARM.attributes
                0x00000468       0x32 D:/ST/STM32CubeIDE_1.18.0/STM32CubeIDE/plugins/com.st.stm32cube.ide.mcu.externaltools.gnu-tools-for-stm32.13.3.rel1.win32_1.0.0.202411081344/tools/bin/../lib/gcc/arm-none-eabi/13.3.1/../../../../arm-none-eabi/lib/thumb/v8-m.main/nofp\libc_nano.a(libc_a-lock.o)
 .ARM.attributes
                0x0000049a       0x32 D:/ST/STM32CubeIDE_1.18.0/STM32CubeIDE/plugins/com.st.stm32cube.ide.mcu.externaltools.gnu-tools-for-stm32.13.3.rel1.win32_1.0.0.202411081344/tools/bin/../lib/gcc/arm-none-eabi/13.3.1/../../../../arm-none-eabi/lib/thumb/v8-m.main/nofp\libc_nano.a(libc_a-freer.o)
 .ARM.attributes
                0x000004cc       0x32 D:/ST/STM32CubeIDE_1.18.0/STM32CubeIDE/plugins/com.st.stm32cube.ide.mcu.externaltools.gnu-tools-for-stm32.13.3.rel1.win32_1.0.0.202411081344/tools/bin/../lib/gcc/arm-none-eabi/13.3.1/../../../../arm-none-eabi/lib/thumb/v8-m.main/nofp\libc_nano.a(libc_a-mallocr.o)
 .ARM.attributes
                0x000004fe       0x32 D:/ST/STM32CubeIDE_1.18.0/STM32CubeIDE/plugins/com.st.stm32cube.ide.mcu.externaltools.gnu-tools-for-stm32.13.3.rel1.win32_1.0.0.202411081344/tools/bin/../lib/gcc/arm-none-eabi/13.3.1/../../../../arm-none-eabi/lib/thumb/v8-m.main/nofp\libc_nano.a(libc_a-mlock.o)
 .ARM.attributes
                0x00000530       0x32 D:/ST/STM32CubeIDE_1.18.0/STM32CubeIDE/plugins/com.st.stm32cube.ide.mcu.externaltools.gnu-tools-for-stm32.13.3.rel1.win32_1.0.0.202411081344/tools/bin/../lib/gcc/arm-none-eabi/13.3.1/../../../../arm-none-eabi/lib/thumb/v8-m.main/nofp\libc_nano.a(libc_a-nano-vfprintf.o)
 .ARM.attributes
                0x00000562       0x32 D:/ST/STM32CubeIDE_1.18.0/STM32CubeIDE/plugins/com.st.stm32cube.ide.mcu.externaltools.gnu-tools-for-stm32.13.3.rel1.win32_1.0.0.202411081344/tools/bin/../lib/gcc/arm-none-eabi/13.3.1/../../../../arm-none-eabi/lib/thumb/v8-m.main/nofp\libc_nano.a(libc_a-nano-vfprintf_i.o)
 .ARM.attributes
                0x00000594       0x32 D:/ST/STM32CubeIDE_1.18.0/STM32CubeIDE/plugins/com.st.stm32cube.ide.mcu.externaltools.gnu-tools-for-stm32.13.3.rel1.win32_1.0.0.202411081344/tools/bin/../lib/gcc/arm-none-eabi/13.3.1/../../../../arm-none-eabi/lib/thumb/v8-m.main/nofp\libc_nano.a(libc_a-fflush.o)
 .ARM.attributes
                0x000005c6       0x32 D:/ST/STM32CubeIDE_1.18.0/STM32CubeIDE/plugins/com.st.stm32cube.ide.mcu.externaltools.gnu-tools-for-stm32.13.3.rel1.win32_1.0.0.202411081344/tools/bin/../lib/gcc/arm-none-eabi/13.3.1/../../../../arm-none-eabi/lib/thumb/v8-m.main/nofp\libc_nano.a(libc_a-makebuf.o)
 .ARM.attributes
                0x000005f8       0x32 D:/ST/STM32CubeIDE_1.18.0/STM32CubeIDE/plugins/com.st.stm32cube.ide.mcu.externaltools.gnu-tools-for-stm32.13.3.rel1.win32_1.0.0.202411081344/tools/bin/../lib/gcc/arm-none-eabi/13.3.1/../../../../arm-none-eabi/lib/thumb/v8-m.main/nofp\libc_nano.a(libc_a-fstatr.o)
 .ARM.attributes
                0x0000062a       0x32 D:/ST/STM32CubeIDE_1.18.0/STM32CubeIDE/plugins/com.st.stm32cube.ide.mcu.externaltools.gnu-tools-for-stm32.13.3.rel1.win32_1.0.0.202411081344/tools/bin/../lib/gcc/arm-none-eabi/13.3.1/../../../../arm-none-eabi/lib/thumb/v8-m.main/nofp\libc_nano.a(libc_a-isattyr.o)
 .ARM.attributes
                0x0000065c       0x32 D:/ST/STM32CubeIDE_1.18.0/STM32CubeIDE/plugins/com.st.stm32cube.ide.mcu.externaltools.gnu-tools-for-stm32.13.3.rel1.win32_1.0.0.202411081344/tools/bin/../lib/gcc/arm-none-eabi/13.3.1/../../../../arm-none-eabi/lib/thumb/v8-m.main/nofp\libc_nano.a(libc_a-sbrkr.o)
 .ARM.attributes
                0x0000068e       0x32 D:/ST/STM32CubeIDE_1.18.0/STM32CubeIDE/plugins/com.st.stm32cube.ide.mcu.externaltools.gnu-tools-for-stm32.13.3.rel1.win32_1.0.0.202411081344/tools/bin/../lib/gcc/arm-none-eabi/13.3.1/../../../../arm-none-eabi/lib/thumb/v8-m.main/nofp\libc_nano.a(libc_a-memchr-stub.o)
 .ARM.attributes
                0x000006c0       0x22 D:/ST/STM32CubeIDE_1.18.0/STM32CubeIDE/plugins/com.st.stm32cube.ide.mcu.externaltools.gnu-tools-for-stm32.13.3.rel1.win32_1.0.0.202411081344/tools/bin/../lib/gcc/arm-none-eabi/13.3.1/thumb/v8-m.main/nofp/crtn.o
OUTPUT(19-FaultGen.elf elf32-littlearm)
LOAD linker stubs
LOAD D:/ST/STM32CubeIDE_1.18.0/STM32CubeIDE/plugins/com.st.stm32cube.ide.mcu.externaltools.gnu-tools-for-stm32.13.3.rel1.win32_1.0.0.202411081344/tools/bin/../lib/gcc/arm-none-eabi/13.3.1/../../../../arm-none-eabi/lib/thumb/v8-m.main/nofp\libc.a
LOAD D:/ST/STM32CubeIDE_1.18.0/STM32CubeIDE/plugins/com.st.stm32cube.ide.mcu.externaltools.gnu-tools-for-stm32.13.3.rel1.win32_1.0.0.202411081344/tools/bin/../lib/gcc/arm-none-eabi/13.3.1/../../../../arm-none-eabi/lib/thumb/v8-m.main/nofp\libm.a
LOAD D:/ST/STM32CubeIDE_1.18.0/STM32CubeIDE/plugins/com.st.stm32cube.ide.mcu.externaltools.gnu-tools-for-stm32.13.3.rel1.win32_1.0.0.202411081344/tools/bin/../lib/gcc/arm-none-eabi/13.3.1/thumb/v8-m.main/nofp\libgcc.a

.debug_info     0x00000000     0x1d71
 .debug_info    0x00000000      0x123 ./Src/itm_debug.o
 .debug_info    0x00000123     0x1413 ./Src/main.o
 .debug_info    0x00001536      0x6a3 ./Src/syscalls.o
 .debug_info    0x00001bd9      0x168 ./Src/sysmem.o
 .debug_info    0x00001d41       0x30 ./Startup/startup_stm32l552zetxq.o

.debug_abbrev   0x00000000      0x628
 .debug_abbrev  0x00000000       0xae ./Src/itm_debug.o
 .debug_abbrev  0x000000ae      0x2e4 ./Src/main.o
 .debug_abbrev  0x00000392      0x1b6 ./Src/syscalls.o
 .debug_abbrev  0x00000548       0xbc ./Src/sysmem.o
 .debug_abbrev  0x00000604       0x24 ./Startup/startup_stm32l552zetxq.o

.debug_aranges  0x00000000      0x1b0
 .debug_aranges
                0x00000000       0x28 ./Src/itm_debug.o
 .debug_aranges
                0x00000028       0x98 ./Src/main.o
 .debug_aranges
                0x000000c0       0xa8 ./Src/syscalls.o
 .debug_aranges
                0x00000168       0x20 ./Src/sysmem.o
 .debug_aranges
                0x00000188       0x28 ./Startup/startup_stm32l552zetxq.o

.debug_rnglists
                0x00000000      0x12f
 .debug_rnglists
                0x00000000       0x19 ./Src/itm_debug.o
 .debug_rnglists
                0x00000019       0x71 ./Src/main.o
 .debug_rnglists
                0x0000008a       0x79 ./Src/syscalls.o
 .debug_rnglists
                0x00000103       0x13 ./Src/sysmem.o
 .debug_rnglists
                0x00000116       0x19 ./Startup/startup_stm32l552zetxq.o

.debug_macro    0x00000000     0x3033
 .debug_macro   0x00000000       0x75 ./Src/itm_debug.o
 .debug_macro   0x00000075      0xade ./Src/itm_debug.o
 .debug_macro   0x00000b53       0x22 ./Src/itm_debug.o
 .debug_macro   0x00000b75       0x8e ./Src/itm_debug.o
 .debug_macro   0x00000c03       0x51 ./Src/itm_debug.o
 .debug_macro   0x00000c54      0x103 ./Src/itm_debug.o
 .debug_macro   0x00000d57       0x6a ./Src/itm_debug.o
 .debug_macro   0x00000dc1      0x1df ./Src/itm_debug.o
 .debug_macro   0x00000fa0      0x170 ./Src/main.o
 .debug_macro   0x00001110       0x61 ./Src/main.o
 .debug_macro   0x00001171       0x24 ./Src/main.o
 .debug_macro   0x00001195       0x43 ./Src/main.o
 .debug_macro   0x000011d8       0x34 ./Src/main.o
 .debug_macro   0x0000120c       0x16 ./Src/main.o
 .debug_macro   0x00001222       0x9e ./Src/main.o
 .debug_macro   0x000012c0      0x370 ./Src/main.o
 .debug_macro   0x00001630      0x112 ./Src/main.o
 .debug_macro   0x00001742       0x10 ./Src/main.o
 .debug_macro   0x00001752       0x16 ./Src/main.o
 .debug_macro   0x00001768       0x4a ./Src/main.o
 .debug_macro   0x000017b2       0x34 ./Src/main.o
 .debug_macro   0x000017e6       0x10 ./Src/main.o
 .debug_macro   0x000017f6       0x58 ./Src/main.o
 .debug_macro   0x0000184e       0x8e ./Src/main.o
 .debug_macro   0x000018dc       0x1c ./Src/main.o
 .debug_macro   0x000018f8      0x185 ./Src/main.o
 .debug_macro   0x00001a7d       0x16 ./Src/main.o
 .debug_macro   0x00001a93       0x16 ./Src/main.o
 .debug_macro   0x00001aa9      0x146 ./Src/main.o
 .debug_macro   0x00001bef       0xda ./Src/main.o
 .debug_macro   0x00001cc9      0x190 ./Src/main.o
 .debug_macro   0x00001e59      0x27e ./Src/syscalls.o
 .debug_macro   0x000020d7       0x5b ./Src/syscalls.o
 .debug_macro   0x00002132       0x94 ./Src/syscalls.o
 .debug_macro   0x000021c6       0x57 ./Src/syscalls.o
 .debug_macro   0x0000221d      0x190 ./Src/syscalls.o
 .debug_macro   0x000023ad       0x10 ./Src/syscalls.o
 .debug_macro   0x000023bd       0x3c ./Src/syscalls.o
 .debug_macro   0x000023f9       0x10 ./Src/syscalls.o
 .debug_macro   0x00002409       0x10 ./Src/syscalls.o
 .debug_macro   0x00002419       0x10 ./Src/syscalls.o
 .debug_macro   0x00002429       0x1c ./Src/syscalls.o
 .debug_macro   0x00002445       0x52 ./Src/syscalls.o
 .debug_macro   0x00002497       0x22 ./Src/syscalls.o
 .debug_macro   0x000024b9       0x10 ./Src/syscalls.o
 .debug_macro   0x000024c9       0x52 ./Src/syscalls.o
 .debug_macro   0x0000251b       0xcf ./Src/syscalls.o
 .debug_macro   0x000025ea       0x1c ./Src/syscalls.o
 .debug_macro   0x00002606       0x3d ./Src/syscalls.o
 .debug_macro   0x00002643       0x35 ./Src/syscalls.o
 .debug_macro   0x00002678      0x12c ./Src/syscalls.o
 .debug_macro   0x000027a4       0x16 ./Src/syscalls.o
 .debug_macro   0x000027ba       0x16 ./Src/syscalls.o
 .debug_macro   0x000027d0       0x29 ./Src/syscalls.o
 .debug_macro   0x000027f9       0x10 ./Src/syscalls.o
 .debug_macro   0x00002809      0x242 ./Src/syscalls.o
 .debug_macro   0x00002a4b       0x1c ./Src/syscalls.o
 .debug_macro   0x00002a67       0x10 ./Src/syscalls.o
 .debug_macro   0x00002a77      0x18a ./Src/syscalls.o
 .debug_macro   0x00002c01       0x16 ./Src/syscalls.o
 .debug_macro   0x00002c17       0xce ./Src/syscalls.o
 .debug_macro   0x00002ce5      0x112 ./Src/sysmem.o
 .debug_macro   0x00002df7      0x23c ./Src/sysmem.o

.debug_line     0x00000000     0x1ce1
 .debug_line    0x00000000      0x461 ./Src/itm_debug.o
 .debug_line    0x00000461      0x9c5 ./Src/main.o
 .debug_line    0x00000e26      0x8bd ./Src/syscalls.o
 .debug_line    0x000016e3      0x583 ./Src/sysmem.o
 .debug_line    0x00001c66       0x7b ./Startup/startup_stm32l552zetxq.o

.debug_str      0x00000000     0xb264
 .debug_str     0x00000000     0xb264 ./Src/itm_debug.o
                               0x3e5a (size before relaxing)
 .debug_str     0x0000b264     0x926b ./Src/main.o
 .debug_str     0x0000b264     0x99c7 ./Src/syscalls.o
 .debug_str     0x0000b264     0x7757 ./Src/sysmem.o
 .debug_str     0x0000b264       0x74 ./Startup/startup_stm32l552zetxq.o

.comment        0x00000000       0x43
 .comment       0x00000000       0x43 ./Src/itm_debug.o
                                 0x44 (size before relaxing)
 .comment       0x00000043       0x44 ./Src/main.o
 .comment       0x00000043       0x44 ./Src/syscalls.o
 .comment       0x00000043       0x44 ./Src/sysmem.o

.debug_frame    0x00000000      0xda8
 .debug_frame   0x00000000       0x5c ./Src/itm_debug.o
 .debug_frame   0x0000005c      0x234 ./Src/main.o
 .debug_frame   0x00000290      0x2ac ./Src/syscalls.o
 .debug_frame   0x0000053c       0x34 ./Src/sysmem.o
 .debug_frame   0x00000570      0x144 D:/ST/STM32CubeIDE_1.18.0/STM32CubeIDE/plugins/com.st.stm32cube.ide.mcu.externaltools.gnu-tools-for-stm32.13.3.rel1.win32_1.0.0.202411081344/tools/bin/../lib/gcc/arm-none-eabi/13.3.1/../../../../arm-none-eabi/lib/thumb/v8-m.main/nofp\libc_nano.a(libc_a-findfp.o)
 .debug_frame   0x000006b4       0x34 D:/ST/STM32CubeIDE_1.18.0/STM32CubeIDE/plugins/com.st.stm32cube.ide.mcu.externaltools.gnu-tools-for-stm32.13.3.rel1.win32_1.0.0.202411081344/tools/bin/../lib/gcc/arm-none-eabi/13.3.1/../../../../arm-none-eabi/lib/thumb/v8-m.main/nofp\libc_nano.a(libc_a-fwalk.o)
 .debug_frame   0x000006e8       0x6c D:/ST/STM32CubeIDE_1.18.0/STM32CubeIDE/plugins/com.st.stm32cube.ide.mcu.externaltools.gnu-tools-for-stm32.13.3.rel1.win32_1.0.0.202411081344/tools/bin/../lib/gcc/arm-none-eabi/13.3.1/../../../../arm-none-eabi/lib/thumb/v8-m.main/nofp\libc_nano.a(libc_a-printf.o)
 .debug_frame   0x00000754       0x3c D:/ST/STM32CubeIDE_1.18.0/STM32CubeIDE/plugins/com.st.stm32cube.ide.mcu.externaltools.gnu-tools-for-stm32.13.3.rel1.win32_1.0.0.202411081344/tools/bin/../lib/gcc/arm-none-eabi/13.3.1/../../../../arm-none-eabi/lib/thumb/v8-m.main/nofp\libc_nano.a(libc_a-puts.o)
 .debug_frame   0x00000790       0x88 D:/ST/STM32CubeIDE_1.18.0/STM32CubeIDE/plugins/com.st.stm32cube.ide.mcu.externaltools.gnu-tools-for-stm32.13.3.rel1.win32_1.0.0.202411081344/tools/bin/../lib/gcc/arm-none-eabi/13.3.1/../../../../arm-none-eabi/lib/thumb/v8-m.main/nofp\libc_nano.a(libc_a-stdio.o)
 .debug_frame   0x00000818       0x40 D:/ST/STM32CubeIDE_1.18.0/STM32CubeIDE/plugins/com.st.stm32cube.ide.mcu.externaltools.gnu-tools-for-stm32.13.3.rel1.win32_1.0.0.202411081344/tools/bin/../lib/gcc/arm-none-eabi/13.3.1/../../../../arm-none-eabi/lib/thumb/v8-m.main/nofp\libc_nano.a(libc_a-wbuf.o)
 .debug_frame   0x00000858       0x2c D:/ST/STM32CubeIDE_1.18.0/STM32CubeIDE/plugins/com.st.stm32cube.ide.mcu.externaltools.gnu-tools-for-stm32.13.3.rel1.win32_1.0.0.202411081344/tools/bin/../lib/gcc/arm-none-eabi/13.3.1/../../../../arm-none-eabi/lib/thumb/v8-m.main/nofp\libc_nano.a(libc_a-wsetup.o)
 .debug_frame   0x00000884       0x20 D:/ST/STM32CubeIDE_1.18.0/STM32CubeIDE/plugins/com.st.stm32cube.ide.mcu.externaltools.gnu-tools-for-stm32.13.3.rel1.win32_1.0.0.202411081344/tools/bin/../lib/gcc/arm-none-eabi/13.3.1/../../../../arm-none-eabi/lib/thumb/v8-m.main/nofp\libc_nano.a(libc_a-memset.o)
 .debug_frame   0x000008a4       0x2c D:/ST/STM32CubeIDE_1.18.0/STM32CubeIDE/plugins/com.st.stm32cube.ide.mcu.externaltools.gnu-tools-for-stm32.13.3.rel1.win32_1.0.0.202411081344/tools/bin/../lib/gcc/arm-none-eabi/13.3.1/../../../../arm-none-eabi/lib/thumb/v8-m.main/nofp\libc_nano.a(libc_a-closer.o)
 .debug_frame   0x000008d0       0x38 D:/ST/STM32CubeIDE_1.18.0/STM32CubeIDE/plugins/com.st.stm32cube.ide.mcu.externaltools.gnu-tools-for-stm32.13.3.rel1.win32_1.0.0.202411081344/tools/bin/../lib/gcc/arm-none-eabi/13.3.1/../../../../arm-none-eabi/lib/thumb/v8-m.main/nofp\libc_nano.a(libc_a-reent.o)
 .debug_frame   0x00000908       0x2c D:/ST/STM32CubeIDE_1.18.0/STM32CubeIDE/plugins/com.st.stm32cube.ide.mcu.externaltools.gnu-tools-for-stm32.13.3.rel1.win32_1.0.0.202411081344/tools/bin/../lib/gcc/arm-none-eabi/13.3.1/../../../../arm-none-eabi/lib/thumb/v8-m.main/nofp\libc_nano.a(libc_a-lseekr.o)
 .debug_frame   0x00000934       0x2c D:/ST/STM32CubeIDE_1.18.0/STM32CubeIDE/plugins/com.st.stm32cube.ide.mcu.externaltools.gnu-tools-for-stm32.13.3.rel1.win32_1.0.0.202411081344/tools/bin/../lib/gcc/arm-none-eabi/13.3.1/../../../../arm-none-eabi/lib/thumb/v8-m.main/nofp\libc_nano.a(libc_a-readr.o)
 .debug_frame   0x00000960       0x2c D:/ST/STM32CubeIDE_1.18.0/STM32CubeIDE/plugins/com.st.stm32cube.ide.mcu.externaltools.gnu-tools-for-stm32.13.3.rel1.win32_1.0.0.202411081344/tools/bin/../lib/gcc/arm-none-eabi/13.3.1/../../../../arm-none-eabi/lib/thumb/v8-m.main/nofp\libc_nano.a(libc_a-writer.o)
 .debug_frame   0x0000098c       0x20 D:/ST/STM32CubeIDE_1.18.0/STM32CubeIDE/plugins/com.st.stm32cube.ide.mcu.externaltools.gnu-tools-for-stm32.13.3.rel1.win32_1.0.0.202411081344/tools/bin/../lib/gcc/arm-none-eabi/13.3.1/../../../../arm-none-eabi/lib/thumb/v8-m.main/nofp\libc_nano.a(libc_a-errno.o)
 .debug_frame   0x000009ac       0x2c D:/ST/STM32CubeIDE_1.18.0/STM32CubeIDE/plugins/com.st.stm32cube.ide.mcu.externaltools.gnu-tools-for-stm32.13.3.rel1.win32_1.0.0.202411081344/tools/bin/../lib/gcc/arm-none-eabi/13.3.1/../../../../arm-none-eabi/lib/thumb/v8-m.main/nofp\libc_nano.a(libc_a-init.o)
 .debug_frame   0x000009d8       0xb0 D:/ST/STM32CubeIDE_1.18.0/STM32CubeIDE/plugins/com.st.stm32cube.ide.mcu.externaltools.gnu-tools-for-stm32.13.3.rel1.win32_1.0.0.202411081344/tools/bin/../lib/gcc/arm-none-eabi/13.3.1/../../../../arm-none-eabi/lib/thumb/v8-m.main/nofp\libc_nano.a(libc_a-lock.o)
 .debug_frame   0x00000a88       0x38 D:/ST/STM32CubeIDE_1.18.0/STM32CubeIDE/plugins/com.st.stm32cube.ide.mcu.externaltools.gnu-tools-for-stm32.13.3.rel1.win32_1.0.0.202411081344/tools/bin/../lib/gcc/arm-none-eabi/13.3.1/../../../../arm-none-eabi/lib/thumb/v8-m.main/nofp\libc_nano.a(libc_a-freer.o)
 .debug_frame   0x00000ac0       0x50 D:/ST/STM32CubeIDE_1.18.0/STM32CubeIDE/plugins/com.st.stm32cube.ide.mcu.externaltools.gnu-tools-for-stm32.13.3.rel1.win32_1.0.0.202411081344/tools/bin/../lib/gcc/arm-none-eabi/13.3.1/../../../../arm-none-eabi/lib/thumb/v8-m.main/nofp\libc_nano.a(libc_a-mallocr.o)
 .debug_frame   0x00000b10       0x30 D:/ST/STM32CubeIDE_1.18.0/STM32CubeIDE/plugins/com.st.stm32cube.ide.mcu.externaltools.gnu-tools-for-stm32.13.3.rel1.win32_1.0.0.202411081344/tools/bin/../lib/gcc/arm-none-eabi/13.3.1/../../../../arm-none-eabi/lib/thumb/v8-m.main/nofp\libc_nano.a(libc_a-mlock.o)
 .debug_frame   0x00000b40       0xa8 D:/ST/STM32CubeIDE_1.18.0/STM32CubeIDE/plugins/com.st.stm32cube.ide.mcu.externaltools.gnu-tools-for-stm32.13.3.rel1.win32_1.0.0.202411081344/tools/bin/../lib/gcc/arm-none-eabi/13.3.1/../../../../arm-none-eabi/lib/thumb/v8-m.main/nofp\libc_nano.a(libc_a-nano-vfprintf.o)
 .debug_frame   0x00000be8       0x60 D:/ST/STM32CubeIDE_1.18.0/STM32CubeIDE/plugins/com.st.stm32cube.ide.mcu.externaltools.gnu-tools-for-stm32.13.3.rel1.win32_1.0.0.202411081344/tools/bin/../lib/gcc/arm-none-eabi/13.3.1/../../../../arm-none-eabi/lib/thumb/v8-m.main/nofp\libc_nano.a(libc_a-nano-vfprintf_i.o)
 .debug_frame   0x00000c48       0x5c D:/ST/STM32CubeIDE_1.18.0/STM32CubeIDE/plugins/com.st.stm32cube.ide.mcu.externaltools.gnu-tools-for-stm32.13.3.rel1.win32_1.0.0.202411081344/tools/bin/../lib/gcc/arm-none-eabi/13.3.1/../../../../arm-none-eabi/lib/thumb/v8-m.main/nofp\libc_nano.a(libc_a-fflush.o)
 .debug_frame   0x00000ca4       0x58 D:/ST/STM32CubeIDE_1.18.0/STM32CubeIDE/plugins/com.st.stm32cube.ide.mcu.externaltools.gnu-tools-for-stm32.13.3.rel1.win32_1.0.0.202411081344/tools/bin/../lib/gcc/arm-none-eabi/13.3.1/../../../../arm-none-eabi/lib/thumb/v8-m.main/nofp\libc_nano.a(libc_a-makebuf.o)
 .debug_frame   0x00000cfc       0x2c D:/ST/STM32CubeIDE_1.18.0/STM32CubeIDE/plugins/com.st.stm32cube.ide.mcu.externaltools.gnu-tools-for-stm32.13.3.rel1.win32_1.0.0.202411081344/tools/bin/../lib/gcc/arm-none-eabi/13.3.1/../../../../arm-none-eabi/lib/thumb/v8-m.main/nofp\libc_nano.a(libc_a-fstatr.o)
 .debug_frame   0x00000d28       0x2c D:/ST/STM32CubeIDE_1.18.0/STM32CubeIDE/plugins/com.st.stm32cube.ide.mcu.externaltools.gnu-tools-for-stm32.13.3.rel1.win32_1.0.0.202411081344/tools/bin/../lib/gcc/arm-none-eabi/13.3.1/../../../../arm-none-eabi/lib/thumb/v8-m.main/nofp\libc_nano.a(libc_a-isattyr.o)
 .debug_frame   0x00000d54       0x2c D:/ST/STM32CubeIDE_1.18.0/STM32CubeIDE/plugins/com.st.stm32cube.ide.mcu.externaltools.gnu-tools-for-stm32.13.3.rel1.win32_1.0.0.202411081344/tools/bin/../lib/gcc/arm-none-eabi/13.3.1/../../../../arm-none-eabi/lib/thumb/v8-m.main/nofp\libc_nano.a(libc_a-sbrkr.o)
 .debug_frame   0x00000d80       0x28 D:/ST/STM32CubeIDE_1.18.0/STM32CubeIDE/plugins/com.st.stm32cube.ide.mcu.externaltools.gnu-tools-for-stm32.13.3.rel1.win32_1.0.0.202411081344/tools/bin/../lib/gcc/arm-none-eabi/13.3.1/../../../../arm-none-eabi/lib/thumb/v8-m.main/nofp\libc_nano.a(libc_a-memchr-stub.o)

.debug_line_str
                0x00000000       0x58
 .debug_line_str
                0x00000000       0x58 ./Startup/startup_stm32l552zetxq.o
